-- Install configuration: ""
-- Up-to-date: /home/yash-shah/eyrc-25-26_krishi_drone_2124/install/swift_pico_description/share/swift_pico_description/models
-- Up-to-date: /home/yash-shah/eyrc-25-26_krishi_drone_2124/install/swift_pico_description/share/swift_pico_description/models/arena
-- Up-to-date: /home/yash-shah/eyrc-25-26_krishi_drone_2124/install/swift_pico_description/share/swift_pico_description/models/arena/meshes
-- Up-to-date: /home/yash-shah/eyrc-25-26_krishi_drone_2124/install/swift_pico_description/share/swift_pico_description/models/arena/meshes/Krishi Drone Gazebo model image texture.png
-- Up-to-date: /home/yash-shah/eyrc-25-26_krishi_drone_2124/install/swift_pico_description/share/swift_pico_description/models/arena/meshes/arena.dae
-- Up-to-date: /home/yash-shah/eyrc-25-26_krishi_drone_2124/install/swift_pico_description/share/swift_pico_description/models/arena/model.sdf
-- Up-to-date: /home/yash-shah/eyrc-25-26_krishi_drone_2124/install/swift_pico_description/share/swift_pico_description/models/arena/model.config
-- Up-to-date: /home/yash-shah/eyrc-25-26_krishi_drone_2124/install/swift_pico_description/share/swift_pico_description/models/package_3
-- Up-to-date: /home/yash-shah/eyrc-25-26_krishi_drone_2124/install/swift_pico_description/share/swift_pico_description/models/package_3/meshes
-- Up-to-date: /home/yash-shah/eyrc-25-26_krishi_drone_2124/install/swift_pico_description/share/swift_pico_description/models/package_3/meshes/Krishi Drone Gazebo model image texture.png
-- Up-to-date: /home/yash-shah/eyrc-25-26_krishi_drone_2124/install/swift_pico_description/share/swift_pico_description/models/package_3/meshes/package.dae
-- Up-to-date: /home/yash-shah/eyrc-25-26_krishi_drone_2124/install/swift_pico_description/share/swift_pico_description/models/package_3/model.sdf
-- Up-to-date: /home/yash-shah/eyrc-25-26_krishi_drone_2124/install/swift_pico_description/share/swift_pico_description/models/package_3/model.config
-- Up-to-date: /home/yash-shah/eyrc-25-26_krishi_drone_2124/install/swift_pico_description/share/swift_pico_description/models/swift_pico
-- Up-to-date: /home/yash-shah/eyrc-25-26_krishi_drone_2124/install/swift_pico_description/share/swift_pico_description/models/swift_pico/meshes
-- Up-to-date: /home/yash-shah/eyrc-25-26_krishi_drone_2124/install/swift_pico_description/share/swift_pico_description/models/swift_pico/meshes/cropped-image.png
-- Up-to-date: /home/yash-shah/eyrc-25-26_krishi_drone_2124/install/swift_pico_description/share/swift_pico_description/models/swift_pico/meshes/propeller_ccw.dae
-- Up-to-date: /home/yash-shah/eyrc-25-26_krishi_drone_2124/install/swift_pico_description/share/swift_pico_description/models/swift_pico/meshes/m2_link.dae
-- Up-to-date: /home/yash-shah/eyrc-25-26_krishi_drone_2124/install/swift_pico_description/share/swift_pico_description/models/swift_pico/meshes/m4_link.dae
-- Up-to-date: /home/yash-shah/eyrc-25-26_krishi_drone_2124/install/swift_pico_description/share/swift_pico_description/models/swift_pico/meshes/whycon2.mtl
-- Up-to-date: /home/yash-shah/eyrc-25-26_krishi_drone_2124/install/swift_pico_description/share/swift_pico_description/models/swift_pico/meshes/whycon2.obj
-- Up-to-date: /home/yash-shah/eyrc-25-26_krishi_drone_2124/install/swift_pico_description/share/swift_pico_description/models/swift_pico/meshes/propeller_cw.dae
-- Up-to-date: /home/yash-shah/eyrc-25-26_krishi_drone_2124/install/swift_pico_description/share/swift_pico_description/models/swift_pico/meshes/m1_link.dae
-- Up-to-date: /home/yash-shah/eyrc-25-26_krishi_drone_2124/install/swift_pico_description/share/swift_pico_description/models/swift_pico/meshes/m3_link.dae
-- Up-to-date: /home/yash-shah/eyrc-25-26_krishi_drone_2124/install/swift_pico_description/share/swift_pico_description/models/swift_pico/meshes/textures
-- Up-to-date: /home/yash-shah/eyrc-25-26_krishi_drone_2124/install/swift_pico_description/share/swift_pico_description/models/swift_pico/meshes/textures/whycon_marker.png
-- Up-to-date: /home/yash-shah/eyrc-25-26_krishi_drone_2124/install/swift_pico_description/share/swift_pico_description/models/swift_pico/meshes/base_link.dae
-- Up-to-date: /home/yash-shah/eyrc-25-26_krishi_drone_2124/install/swift_pico_description/share/swift_pico_description/models/swift_pico/swift_pico.sdf
-- Up-to-date: /home/yash-shah/eyrc-25-26_krishi_drone_2124/install/swift_pico_description/share/swift_pico_description/models/swift_pico/model.config
-- Up-to-date: /home/yash-shah/eyrc-25-26_krishi_drone_2124/install/swift_pico_description/share/swift_pico_description/models/swift_pico/materials
-- Up-to-date: /home/yash-shah/eyrc-25-26_krishi_drone_2124/install/swift_pico_description/share/swift_pico_description/models/swift_pico/materials/scripts
-- Up-to-date: /home/yash-shah/eyrc-25-26_krishi_drone_2124/install/swift_pico_description/share/swift_pico_description/models/swift_pico/materials/scripts/whycon_marker.material
-- Up-to-date: /home/yash-shah/eyrc-25-26_krishi_drone_2124/install/swift_pico_description/share/swift_pico_description/models/swift_pico/whycon_marker_file.xacro
-- Up-to-date: /home/yash-shah/eyrc-25-26_krishi_drone_2124/install/swift_pico_description/share/swift_pico_description/models/swift_pico/textures
-- Up-to-date: /home/yash-shah/eyrc-25-26_krishi_drone_2124/install/swift_pico_description/share/swift_pico_description/models/swift_pico/textures/whycon_marker.png
-- Up-to-date: /home/yash-shah/eyrc-25-26_krishi_drone_2124/install/swift_pico_description/share/swift_pico_description/models/package_1
-- Up-to-date: /home/yash-shah/eyrc-25-26_krishi_drone_2124/install/swift_pico_description/share/swift_pico_description/models/package_1/meshes
-- Up-to-date: /home/yash-shah/eyrc-25-26_krishi_drone_2124/install/swift_pico_description/share/swift_pico_description/models/package_1/meshes/Krishi Drone Gazebo model image texture.png
-- Up-to-date: /home/yash-shah/eyrc-25-26_krishi_drone_2124/install/swift_pico_description/share/swift_pico_description/models/package_1/meshes/package.dae
-- Up-to-date: /home/yash-shah/eyrc-25-26_krishi_drone_2124/install/swift_pico_description/share/swift_pico_description/models/package_1/model.sdf
-- Up-to-date: /home/yash-shah/eyrc-25-26_krishi_drone_2124/install/swift_pico_description/share/swift_pico_description/models/package_1/model.config
-- Up-to-date: /home/yash-shah/eyrc-25-26_krishi_drone_2124/install/swift_pico_description/share/swift_pico_description/models/package_2
-- Up-to-date: /home/yash-shah/eyrc-25-26_krishi_drone_2124/install/swift_pico_description/share/swift_pico_description/models/package_2/meshes
-- Up-to-date: /home/yash-shah/eyrc-25-26_krishi_drone_2124/install/swift_pico_description/share/swift_pico_description/models/package_2/meshes/Krishi Drone Gazebo model image texture.png
-- Up-to-date: /home/yash-shah/eyrc-25-26_krishi_drone_2124/install/swift_pico_description/share/swift_pico_description/models/package_2/meshes/package.dae
-- Up-to-date: /home/yash-shah/eyrc-25-26_krishi_drone_2124/install/swift_pico_description/share/swift_pico_description/models/package_2/model.sdf
-- Up-to-date: /home/yash-shah/eyrc-25-26_krishi_drone_2124/install/swift_pico_description/share/swift_pico_description/models/package_2/model.config
-- Up-to-date: /home/yash-shah/eyrc-25-26_krishi_drone_2124/install/swift_pico_description/share/ament_index/resource_index/package_run_dependencies/swift_pico_description
-- Up-to-date: /home/yash-shah/eyrc-25-26_krishi_drone_2124/install/swift_pico_description/share/ament_index/resource_index/parent_prefix_path/swift_pico_description
-- Up-to-date: /home/yash-shah/eyrc-25-26_krishi_drone_2124/install/swift_pico_description/share/swift_pico_description/environment/ament_prefix_path.sh
-- Up-to-date: /home/yash-shah/eyrc-25-26_krishi_drone_2124/install/swift_pico_description/share/swift_pico_description/environment/ament_prefix_path.dsv
-- Up-to-date: /home/yash-shah/eyrc-25-26_krishi_drone_2124/install/swift_pico_description/share/swift_pico_description/environment/path.sh
-- Up-to-date: /home/yash-shah/eyrc-25-26_krishi_drone_2124/install/swift_pico_description/share/swift_pico_description/environment/path.dsv
-- Up-to-date: /home/yash-shah/eyrc-25-26_krishi_drone_2124/install/swift_pico_description/share/swift_pico_description/local_setup.bash
-- Up-to-date: /home/yash-shah/eyrc-25-26_krishi_drone_2124/install/swift_pico_description/share/swift_pico_description/local_setup.sh
-- Up-to-date: /home/yash-shah/eyrc-25-26_krishi_drone_2124/install/swift_pico_description/share/swift_pico_description/local_setup.zsh
-- Up-to-date: /home/yash-shah/eyrc-25-26_krishi_drone_2124/install/swift_pico_description/share/swift_pico_description/local_setup.dsv
-- Up-to-date: /home/yash-shah/eyrc-25-26_krishi_drone_2124/install/swift_pico_description/share/swift_pico_description/package.dsv
-- Up-to-date: /home/yash-shah/eyrc-25-26_krishi_drone_2124/install/swift_pico_description/share/ament_index/resource_index/packages/swift_pico_description
-- Up-to-date: /home/yash-shah/eyrc-25-26_krishi_drone_2124/install/swift_pico_description/share/swift_pico_description/cmake/swift_pico_descriptionConfig.cmake
-- Up-to-date: /home/yash-shah/eyrc-25-26_krishi_drone_2124/install/swift_pico_description/share/swift_pico_description/cmake/swift_pico_descriptionConfig-version.cmake
-- Up-to-date: /home/yash-shah/eyrc-25-26_krishi_drone_2124/install/swift_pico_description/share/swift_pico_description/package.xml
