[0.015s] Invoking command in '/home/yash-shah/eyrc-25-26_krishi_drone_2124/build/swift_pico': AMENT_PREFIX_PATH=/home/yash-shah/eyrc-25-26_krishi_drone_2124/install/swift_pico_description:${AMENT_PREFIX_PATH} CMAKE_PREFIX_PATH=/home/yash-shah/eyrc-25-26_krishi_drone_2124/install/swift_pico_description:/home/yash-shah/pico_ws/install/whycon:/home/yash-shah/pico_ws/install/waypoint_navigation:/home/yash-shah/pico_ws/install/swift_pico:/home/yash-shah/pico_ws/install/swift_pico_description:/home/yash-shah/pico_ws/install/rotors_swift_interface:/home/yash-shah/pico_ws/install/swift_msgs:/home/yash-shah/pico_ws/install/rotors_swift_gazebo:/home/yash-shah/pico_ws/install/rotors_swift_description:/home/yash-shah/pico_ws/install/rotors_control:/home/yash-shah/pico_ws/install/pid_tune:/home/yash-shah/pico_ws/install/mav_comm:/home/yash-shah/pico_ws/install/mav_system_msgs:/home/yash-shah/pico_ws/install/mav_state_machine_msgs:/home/yash-shah/pico_ws/install/mav_planning_msgs:/home/yash-shah/pico_ws/install/mav_msgs:/home/yash-shah/pico_ws/install/error_msg:/home/yash-shah/pico_ws/install/controller_msg:/home/yash-shah/turtlesim_ws/install/turtlesim:/home/yash-shah/turtlebot3_ws/install/turtlebot3:/home/yash-shah/turtlebot3_ws/install/turtlebot3_simulations:/home/yash-shah/turtlebot3_ws/install/turtlebot3_bringup:/home/yash-shah/turtlebot3_ws/install/turtlebot3_node:/home/yash-shah/turtlebot3_ws/install/turtlebot3_navigation2:/home/yash-shah/turtlebot3_ws/install/turtlebot3_fake_node:/home/yash-shah/turtlebot3_ws/install/turtlebot3_msgs:/home/yash-shah/turtlebot3_ws/install/turtlebot3_gazebo:/home/yash-shah/turtlebot3_ws/install/turtlebot3_description:/home/yash-shah/turtlebot3_ws/install/turtlebot3_cartographer:/home/yash-shah/turtlebot3_ws/install/dynamixel_sdk_examples:/home/yash-shah/turtlebot3_ws/install/dynamixel_sdk_custom_interfaces:/home/yash-shah/turtlebot3_ws/install/dynamixel_sdk:/home/yash-shah/turtlesim_ws/install/kd_task_1b:/home/yash-shah/turtlebot3_ws/install/turtlebot3_teleop:/home/yash-shah/turtlebot3_ws/install/turtlebot3_example:/opt/ros/humble /usr/bin/cmake /home/yash-shah/eyrc-25-26_krishi_drone_2124/swift_pico -DCMAKE_INSTALL_PREFIX=/home/yash-shah/eyrc-25-26_krishi_drone_2124/install/swift_pico
[0.097s] -- The C compiler identification is GNU 11.4.0
[0.178s] -- The CXX compiler identification is GNU 11.4.0
[0.188s] -- Detecting C compiler ABI info
[0.293s] -- Detecting C compiler ABI info - done
[0.303s] -- Check for working C compiler: /usr/bin/cc - skipped
[0.303s] -- Detecting C compile features
[0.303s] -- Detecting C compile features - done
[0.308s] -- Detecting CXX compiler ABI info
[0.427s] -- Detecting CXX compiler ABI info - done
[0.439s] -- Check for working CXX compiler: /usr/bin/c++ - skipped
[0.439s] -- Detecting CXX compile features
[0.440s] -- Detecting CXX compile features - done
[0.446s] -- Found ament_cmake: 1.3.12 (/opt/ros/humble/share/ament_cmake/cmake)
[0.742s] -- Found Python3: /usr/bin/python3 (found version "3.10.12") found components: Interpreter 
[0.905s] -- Found swift_msgs: 0.0.0 (/home/yash-shah/pico_ws/install/swift_msgs/share/swift_msgs/cmake)
[0.978s] -- Found rosidl_generator_c: 3.1.7 (/opt/ros/humble/share/rosidl_generator_c/cmake)
[0.990s] -- Found rosidl_adapter: 3.1.7 (/opt/ros/humble/share/rosidl_adapter/cmake)
[1.005s] -- Found rosidl_generator_cpp: 3.1.7 (/opt/ros/humble/share/rosidl_generator_cpp/cmake)
[1.027s] -- Using all available rosidl_typesupport_c: rosidl_typesupport_fastrtps_c;rosidl_typesupport_introspection_c
[1.066s] -- Using all available rosidl_typesupport_cpp: rosidl_typesupport_fastrtps_cpp;rosidl_typesupport_introspection_cpp
[1.094s] -- Found controller_msg: 0.0.0 (/home/yash-shah/pico_ws/install/controller_msg/share/controller_msg/cmake)
[1.195s] -- Found error_msg: 0.0.0 (/home/yash-shah/pico_ws/install/error_msg/share/error_msg/cmake)
[1.222s] -- Found geometry_msgs: 4.9.0 (/opt/ros/humble/share/geometry_msgs/cmake)
[1.245s] -- Found rclpy: 3.3.17 (/opt/ros/humble/share/rclpy/cmake)
[1.251s] -- Found rclcpp: 16.0.14 (/opt/ros/humble/share/rclcpp/cmake)
[1.346s] -- Found rmw_implementation_cmake: 6.1.2 (/opt/ros/humble/share/rmw_implementation_cmake/cmake)
[1.356s] -- Found rmw_fastrtps_cpp: 6.2.8 (/opt/ros/humble/share/rmw_fastrtps_cpp/cmake)
[1.518s] -- Found OpenSSL: /usr/lib/x86_64-linux-gnu/libcrypto.so (found version "3.0.2")  
[1.562s] -- Found FastRTPS: /opt/ros/humble/include  
[1.621s] -- Using RMW implementation 'rmw_fastrtps_cpp' as default
[1.644s] -- Looking for pthread.h
[1.756s] -- Looking for pthread.h - found
[1.756s] -- Performing Test CMAKE_HAVE_LIBC_PTHREAD
[1.867s] -- Performing Test CMAKE_HAVE_LIBC_PTHREAD - Success
[1.868s] -- Found Threads: TRUE  
[1.971s] -- Found OpenCV: /usr (found version "4.5.4") 
[1.972s] -- Found swift_pico_description: 0.0.0 (/home/yash-shah/eyrc-25-26_krishi_drone_2124/install/swift_pico_description/share/swift_pico_description/cmake)
[2.131s] -- Configuring done
[2.137s] -- Generating done
[2.140s] -- Build files have been written to: /home/yash-shah/eyrc-25-26_krishi_drone_2124/build/swift_pico
[2.155s] Invoked command in '/home/yash-shah/eyrc-25-26_krishi_drone_2124/build/swift_pico' returned '0': AMENT_PREFIX_PATH=/home/yash-shah/eyrc-25-26_krishi_drone_2124/install/swift_pico_description:${AMENT_PREFIX_PATH} CMAKE_PREFIX_PATH=/home/yash-shah/eyrc-25-26_krishi_drone_2124/install/swift_pico_description:/home/yash-shah/pico_ws/install/whycon:/home/yash-shah/pico_ws/install/waypoint_navigation:/home/yash-shah/pico_ws/install/swift_pico:/home/yash-shah/pico_ws/install/swift_pico_description:/home/yash-shah/pico_ws/install/rotors_swift_interface:/home/yash-shah/pico_ws/install/swift_msgs:/home/yash-shah/pico_ws/install/rotors_swift_gazebo:/home/yash-shah/pico_ws/install/rotors_swift_description:/home/yash-shah/pico_ws/install/rotors_control:/home/yash-shah/pico_ws/install/pid_tune:/home/yash-shah/pico_ws/install/mav_comm:/home/yash-shah/pico_ws/install/mav_system_msgs:/home/yash-shah/pico_ws/install/mav_state_machine_msgs:/home/yash-shah/pico_ws/install/mav_planning_msgs:/home/yash-shah/pico_ws/install/mav_msgs:/home/yash-shah/pico_ws/install/error_msg:/home/yash-shah/pico_ws/install/controller_msg:/home/yash-shah/turtlesim_ws/install/turtlesim:/home/yash-shah/turtlebot3_ws/install/turtlebot3:/home/yash-shah/turtlebot3_ws/install/turtlebot3_simulations:/home/yash-shah/turtlebot3_ws/install/turtlebot3_bringup:/home/yash-shah/turtlebot3_ws/install/turtlebot3_node:/home/yash-shah/turtlebot3_ws/install/turtlebot3_navigation2:/home/yash-shah/turtlebot3_ws/install/turtlebot3_fake_node:/home/yash-shah/turtlebot3_ws/install/turtlebot3_msgs:/home/yash-shah/turtlebot3_ws/install/turtlebot3_gazebo:/home/yash-shah/turtlebot3_ws/install/turtlebot3_description:/home/yash-shah/turtlebot3_ws/install/turtlebot3_cartographer:/home/yash-shah/turtlebot3_ws/install/dynamixel_sdk_examples:/home/yash-shah/turtlebot3_ws/install/dynamixel_sdk_custom_interfaces:/home/yash-shah/turtlebot3_ws/install/dynamixel_sdk:/home/yash-shah/turtlesim_ws/install/kd_task_1b:/home/yash-shah/turtlebot3_ws/install/turtlebot3_teleop:/home/yash-shah/turtlebot3_ws/install/turtlebot3_example:/opt/ros/humble /usr/bin/cmake /home/yash-shah/eyrc-25-26_krishi_drone_2124/swift_pico -DCMAKE_INSTALL_PREFIX=/home/yash-shah/eyrc-25-26_krishi_drone_2124/install/swift_pico
[2.157s] Invoking command in '/home/yash-shah/eyrc-25-26_krishi_drone_2124/build/swift_pico': AMENT_PREFIX_PATH=/home/yash-shah/eyrc-25-26_krishi_drone_2124/install/swift_pico_description:${AMENT_PREFIX_PATH} CMAKE_PREFIX_PATH=/home/yash-shah/eyrc-25-26_krishi_drone_2124/install/swift_pico_description:/home/yash-shah/pico_ws/install/whycon:/home/yash-shah/pico_ws/install/waypoint_navigation:/home/yash-shah/pico_ws/install/swift_pico:/home/yash-shah/pico_ws/install/swift_pico_description:/home/yash-shah/pico_ws/install/rotors_swift_interface:/home/yash-shah/pico_ws/install/swift_msgs:/home/yash-shah/pico_ws/install/rotors_swift_gazebo:/home/yash-shah/pico_ws/install/rotors_swift_description:/home/yash-shah/pico_ws/install/rotors_control:/home/yash-shah/pico_ws/install/pid_tune:/home/yash-shah/pico_ws/install/mav_comm:/home/yash-shah/pico_ws/install/mav_system_msgs:/home/yash-shah/pico_ws/install/mav_state_machine_msgs:/home/yash-shah/pico_ws/install/mav_planning_msgs:/home/yash-shah/pico_ws/install/mav_msgs:/home/yash-shah/pico_ws/install/error_msg:/home/yash-shah/pico_ws/install/controller_msg:/home/yash-shah/turtlesim_ws/install/turtlesim:/home/yash-shah/turtlebot3_ws/install/turtlebot3:/home/yash-shah/turtlebot3_ws/install/turtlebot3_simulations:/home/yash-shah/turtlebot3_ws/install/turtlebot3_bringup:/home/yash-shah/turtlebot3_ws/install/turtlebot3_node:/home/yash-shah/turtlebot3_ws/install/turtlebot3_navigation2:/home/yash-shah/turtlebot3_ws/install/turtlebot3_fake_node:/home/yash-shah/turtlebot3_ws/install/turtlebot3_msgs:/home/yash-shah/turtlebot3_ws/install/turtlebot3_gazebo:/home/yash-shah/turtlebot3_ws/install/turtlebot3_description:/home/yash-shah/turtlebot3_ws/install/turtlebot3_cartographer:/home/yash-shah/turtlebot3_ws/install/dynamixel_sdk_examples:/home/yash-shah/turtlebot3_ws/install/dynamixel_sdk_custom_interfaces:/home/yash-shah/turtlebot3_ws/install/dynamixel_sdk:/home/yash-shah/turtlesim_ws/install/kd_task_1b:/home/yash-shah/turtlebot3_ws/install/turtlebot3_teleop:/home/yash-shah/turtlebot3_ws/install/turtlebot3_example:/opt/ros/humble /usr/bin/cmake --build /home/yash-shah/eyrc-25-26_krishi_drone_2124/build/swift_pico -- -j12 -l12
[2.224s] Invoked command in '/home/yash-shah/eyrc-25-26_krishi_drone_2124/build/swift_pico' returned '0': AMENT_PREFIX_PATH=/home/yash-shah/eyrc-25-26_krishi_drone_2124/install/swift_pico_description:${AMENT_PREFIX_PATH} CMAKE_PREFIX_PATH=/home/yash-shah/eyrc-25-26_krishi_drone_2124/install/swift_pico_description:/home/yash-shah/pico_ws/install/whycon:/home/yash-shah/pico_ws/install/waypoint_navigation:/home/yash-shah/pico_ws/install/swift_pico:/home/yash-shah/pico_ws/install/swift_pico_description:/home/yash-shah/pico_ws/install/rotors_swift_interface:/home/yash-shah/pico_ws/install/swift_msgs:/home/yash-shah/pico_ws/install/rotors_swift_gazebo:/home/yash-shah/pico_ws/install/rotors_swift_description:/home/yash-shah/pico_ws/install/rotors_control:/home/yash-shah/pico_ws/install/pid_tune:/home/yash-shah/pico_ws/install/mav_comm:/home/yash-shah/pico_ws/install/mav_system_msgs:/home/yash-shah/pico_ws/install/mav_state_machine_msgs:/home/yash-shah/pico_ws/install/mav_planning_msgs:/home/yash-shah/pico_ws/install/mav_msgs:/home/yash-shah/pico_ws/install/error_msg:/home/yash-shah/pico_ws/install/controller_msg:/home/yash-shah/turtlesim_ws/install/turtlesim:/home/yash-shah/turtlebot3_ws/install/turtlebot3:/home/yash-shah/turtlebot3_ws/install/turtlebot3_simulations:/home/yash-shah/turtlebot3_ws/install/turtlebot3_bringup:/home/yash-shah/turtlebot3_ws/install/turtlebot3_node:/home/yash-shah/turtlebot3_ws/install/turtlebot3_navigation2:/home/yash-shah/turtlebot3_ws/install/turtlebot3_fake_node:/home/yash-shah/turtlebot3_ws/install/turtlebot3_msgs:/home/yash-shah/turtlebot3_ws/install/turtlebot3_gazebo:/home/yash-shah/turtlebot3_ws/install/turtlebot3_description:/home/yash-shah/turtlebot3_ws/install/turtlebot3_cartographer:/home/yash-shah/turtlebot3_ws/install/dynamixel_sdk_examples:/home/yash-shah/turtlebot3_ws/install/dynamixel_sdk_custom_interfaces:/home/yash-shah/turtlebot3_ws/install/dynamixel_sdk:/home/yash-shah/turtlesim_ws/install/kd_task_1b:/home/yash-shah/turtlebot3_ws/install/turtlebot3_teleop:/home/yash-shah/turtlebot3_ws/install/turtlebot3_example:/opt/ros/humble /usr/bin/cmake --build /home/yash-shah/eyrc-25-26_krishi_drone_2124/build/swift_pico -- -j12 -l12
[2.227s] Invoking command in '/home/yash-shah/eyrc-25-26_krishi_drone_2124/build/swift_pico': AMENT_PREFIX_PATH=/home/yash-shah/eyrc-25-26_krishi_drone_2124/install/swift_pico_description:${AMENT_PREFIX_PATH} CMAKE_PREFIX_PATH=/home/yash-shah/eyrc-25-26_krishi_drone_2124/install/swift_pico_description:/home/yash-shah/pico_ws/install/whycon:/home/yash-shah/pico_ws/install/waypoint_navigation:/home/yash-shah/pico_ws/install/swift_pico:/home/yash-shah/pico_ws/install/swift_pico_description:/home/yash-shah/pico_ws/install/rotors_swift_interface:/home/yash-shah/pico_ws/install/swift_msgs:/home/yash-shah/pico_ws/install/rotors_swift_gazebo:/home/yash-shah/pico_ws/install/rotors_swift_description:/home/yash-shah/pico_ws/install/rotors_control:/home/yash-shah/pico_ws/install/pid_tune:/home/yash-shah/pico_ws/install/mav_comm:/home/yash-shah/pico_ws/install/mav_system_msgs:/home/yash-shah/pico_ws/install/mav_state_machine_msgs:/home/yash-shah/pico_ws/install/mav_planning_msgs:/home/yash-shah/pico_ws/install/mav_msgs:/home/yash-shah/pico_ws/install/error_msg:/home/yash-shah/pico_ws/install/controller_msg:/home/yash-shah/turtlesim_ws/install/turtlesim:/home/yash-shah/turtlebot3_ws/install/turtlebot3:/home/yash-shah/turtlebot3_ws/install/turtlebot3_simulations:/home/yash-shah/turtlebot3_ws/install/turtlebot3_bringup:/home/yash-shah/turtlebot3_ws/install/turtlebot3_node:/home/yash-shah/turtlebot3_ws/install/turtlebot3_navigation2:/home/yash-shah/turtlebot3_ws/install/turtlebot3_fake_node:/home/yash-shah/turtlebot3_ws/install/turtlebot3_msgs:/home/yash-shah/turtlebot3_ws/install/turtlebot3_gazebo:/home/yash-shah/turtlebot3_ws/install/turtlebot3_description:/home/yash-shah/turtlebot3_ws/install/turtlebot3_cartographer:/home/yash-shah/turtlebot3_ws/install/dynamixel_sdk_examples:/home/yash-shah/turtlebot3_ws/install/dynamixel_sdk_custom_interfaces:/home/yash-shah/turtlebot3_ws/install/dynamixel_sdk:/home/yash-shah/turtlesim_ws/install/kd_task_1b:/home/yash-shah/turtlebot3_ws/install/turtlebot3_teleop:/home/yash-shah/turtlebot3_ws/install/turtlebot3_example:/opt/ros/humble /usr/bin/cmake --install /home/yash-shah/eyrc-25-26_krishi_drone_2124/build/swift_pico
[2.240s] -- Install configuration: ""
[2.240s] -- Installing: /home/yash-shah/eyrc-25-26_krishi_drone_2124/install/swift_pico/share/swift_pico/launch
[2.240s] -- Installing: /home/yash-shah/eyrc-25-26_krishi_drone_2124/install/swift_pico/share/swift_pico/launch/task_1c.launch.py
[2.241s] -- Installing: /home/yash-shah/eyrc-25-26_krishi_drone_2124/install/swift_pico/share/swift_pico/launch/task_2b.launch.py
[2.242s] -- Installing: /home/yash-shah/eyrc-25-26_krishi_drone_2124/install/swift_pico/share/swift_pico/launch/task_2a.launch.py
[2.242s] -- Installing: /home/yash-shah/eyrc-25-26_krishi_drone_2124/install/swift_pico/share/swift_pico/launch/task_0.launch.py
[2.242s] -- Installing: /home/yash-shah/eyrc-25-26_krishi_drone_2124/install/swift_pico/share/swift_pico/config
[2.242s] -- Installing: /home/yash-shah/eyrc-25-26_krishi_drone_2124/install/swift_pico/share/swift_pico/config/swift_pico_bridge.yaml
[2.242s] -- Installing: /home/yash-shah/eyrc-25-26_krishi_drone_2124/install/swift_pico/share/swift_pico/config/map_bridge.yaml
[2.242s] -- Installing: /home/yash-shah/eyrc-25-26_krishi_drone_2124/install/swift_pico/share/swift_pico/worlds
[2.242s] -- Installing: /home/yash-shah/eyrc-25-26_krishi_drone_2124/install/swift_pico/share/swift_pico/worlds/swift_pico.sdf
[2.242s] -- Installing: /home/yash-shah/eyrc-25-26_krishi_drone_2124/install/swift_pico/share/swift_pico/worlds/empty.sdf
[2.242s] -- Installing: /home/yash-shah/eyrc-25-26_krishi_drone_2124/install/swift_pico/share/swift_pico/worlds/arena.sdf
[2.242s] -- Installing: /home/yash-shah/eyrc-25-26_krishi_drone_2124/install/swift_pico/lib/swift_pico/task1a.cpp
[2.243s] -- Installing: /home/yash-shah/eyrc-25-26_krishi_drone_2124/install/swift_pico/lib/swift_pico/task1a.py
[2.243s] -- Installing: /home/yash-shah/eyrc-25-26_krishi_drone_2124/install/swift_pico/lib/swift_pico/pico_controller_PID.py
[2.243s] -- Installing: /home/yash-shah/eyrc-25-26_krishi_drone_2124/install/swift_pico/lib/swift_pico/pico_controller_LQR.py
[2.243s] -- Installing: /home/yash-shah/eyrc-25-26_krishi_drone_2124/install/swift_pico/lib/swift_pico/pico_controller_PID.cpp
[2.243s] -- Installing: /home/yash-shah/eyrc-25-26_krishi_drone_2124/install/swift_pico/lib/swift_pico/pico_controller_LQR.cpp
[2.243s] -- Installing: /home/yash-shah/eyrc-25-26_krishi_drone_2124/install/swift_pico/share/ament_index/resource_index/package_run_dependencies/swift_pico
[2.243s] -- Installing: /home/yash-shah/eyrc-25-26_krishi_drone_2124/install/swift_pico/share/ament_index/resource_index/parent_prefix_path/swift_pico
[2.243s] -- Installing: /home/yash-shah/eyrc-25-26_krishi_drone_2124/install/swift_pico/share/swift_pico/environment/ament_prefix_path.sh
[2.243s] -- Installing: /home/yash-shah/eyrc-25-26_krishi_drone_2124/install/swift_pico/share/swift_pico/environment/ament_prefix_path.dsv
[2.244s] -- Installing: /home/yash-shah/eyrc-25-26_krishi_drone_2124/install/swift_pico/share/swift_pico/environment/path.sh
[2.244s] -- Installing: /home/yash-shah/eyrc-25-26_krishi_drone_2124/install/swift_pico/share/swift_pico/environment/path.dsv
[2.244s] -- Installing: /home/yash-shah/eyrc-25-26_krishi_drone_2124/install/swift_pico/share/swift_pico/local_setup.bash
[2.244s] -- Installing: /home/yash-shah/eyrc-25-26_krishi_drone_2124/install/swift_pico/share/swift_pico/local_setup.sh
[2.244s] -- Installing: /home/yash-shah/eyrc-25-26_krishi_drone_2124/install/swift_pico/share/swift_pico/local_setup.zsh
[2.245s] -- Installing: /home/yash-shah/eyrc-25-26_krishi_drone_2124/install/swift_pico/share/swift_pico/local_setup.dsv
[2.245s] -- Installing: /home/yash-shah/eyrc-25-26_krishi_drone_2124/install/swift_pico/share/swift_pico/package.dsv
[2.245s] -- Installing: /home/yash-shah/eyrc-25-26_krishi_drone_2124/install/swift_pico/share/ament_index/resource_index/packages/swift_pico
[2.246s] -- Installing: /home/yash-shah/eyrc-25-26_krishi_drone_2124/install/swift_pico/share/swift_pico/cmake/swift_picoConfig.cmake
[2.246s] -- Installing: /home/yash-shah/eyrc-25-26_krishi_drone_2124/install/swift_pico/share/swift_pico/cmake/swift_picoConfig-version.cmake
[2.246s] -- Installing: /home/yash-shah/eyrc-25-26_krishi_drone_2124/install/swift_pico/share/swift_pico/package.xml
[2.249s] Invoked command in '/home/yash-shah/eyrc-25-26_krishi_drone_2124/build/swift_pico' returned '0': AMENT_PREFIX_PATH=/home/yash-shah/eyrc-25-26_krishi_drone_2124/install/swift_pico_description:${AMENT_PREFIX_PATH} CMAKE_PREFIX_PATH=/home/yash-shah/eyrc-25-26_krishi_drone_2124/install/swift_pico_description:/home/yash-shah/pico_ws/install/whycon:/home/yash-shah/pico_ws/install/waypoint_navigation:/home/yash-shah/pico_ws/install/swift_pico:/home/yash-shah/pico_ws/install/swift_pico_description:/home/yash-shah/pico_ws/install/rotors_swift_interface:/home/yash-shah/pico_ws/install/swift_msgs:/home/yash-shah/pico_ws/install/rotors_swift_gazebo:/home/yash-shah/pico_ws/install/rotors_swift_description:/home/yash-shah/pico_ws/install/rotors_control:/home/yash-shah/pico_ws/install/pid_tune:/home/yash-shah/pico_ws/install/mav_comm:/home/yash-shah/pico_ws/install/mav_system_msgs:/home/yash-shah/pico_ws/install/mav_state_machine_msgs:/home/yash-shah/pico_ws/install/mav_planning_msgs:/home/yash-shah/pico_ws/install/mav_msgs:/home/yash-shah/pico_ws/install/error_msg:/home/yash-shah/pico_ws/install/controller_msg:/home/yash-shah/turtlesim_ws/install/turtlesim:/home/yash-shah/turtlebot3_ws/install/turtlebot3:/home/yash-shah/turtlebot3_ws/install/turtlebot3_simulations:/home/yash-shah/turtlebot3_ws/install/turtlebot3_bringup:/home/yash-shah/turtlebot3_ws/install/turtlebot3_node:/home/yash-shah/turtlebot3_ws/install/turtlebot3_navigation2:/home/yash-shah/turtlebot3_ws/install/turtlebot3_fake_node:/home/yash-shah/turtlebot3_ws/install/turtlebot3_msgs:/home/yash-shah/turtlebot3_ws/install/turtlebot3_gazebo:/home/yash-shah/turtlebot3_ws/install/turtlebot3_description:/home/yash-shah/turtlebot3_ws/install/turtlebot3_cartographer:/home/yash-shah/turtlebot3_ws/install/dynamixel_sdk_examples:/home/yash-shah/turtlebot3_ws/install/dynamixel_sdk_custom_interfaces:/home/yash-shah/turtlebot3_ws/install/dynamixel_sdk:/home/yash-shah/turtlesim_ws/install/kd_task_1b:/home/yash-shah/turtlebot3_ws/install/turtlebot3_teleop:/home/yash-shah/turtlebot3_ws/install/turtlebot3_example:/opt/ros/humble /usr/bin/cmake --install /home/yash-shah/eyrc-25-26_krishi_drone_2124/build/swift_pico
