[0.022s] Invoking command in '/home/yash-shah/eyrc-25-26_krishi_drone_2124/build/swift_pico_description': CMAKE_PREFIX_PATH=${CMAKE_PREFIX_PATH}:/home/yash-shah/turtlesim_ws/install/kd_task_1b:/home/yash-shah/turtlebot3_ws/install/turtlebot3_teleop:/home/yash-shah/turtlebot3_ws/install/turtlebot3_example:/opt/ros/humble /usr/bin/cmake /home/yash-shah/eyrc-25-26_krishi_drone_2124/swift_pico_description -DCMAKE_INSTALL_PREFIX=/home/yash-shah/eyrc-25-26_krishi_drone_2124/install/swift_pico_description
[0.235s] -- The C compiler identification is GNU 11.4.0
[0.384s] -- The CXX compiler identification is GNU 11.4.0
[0.401s] -- Detecting C compiler ABI info
[0.517s] -- Detecting C compiler ABI info - done
[0.528s] -- Check for working C compiler: /usr/bin/cc - skipped
[0.529s] -- Detecting C compile features
[0.530s] -- Detecting C compile features - done
[0.536s] -- Detecting CXX compiler ABI info
[0.693s] -- Detecting CXX compiler ABI info - done
[0.708s] -- Check for working CXX compiler: /usr/bin/c++ - skipped
[0.708s] -- Detecting CXX compile features
[0.709s] -- Detecting CXX compile features - done
[0.723s] -- Found ament_cmake: 1.3.12 (/opt/ros/humble/share/ament_cmake/cmake)
[1.218s] -- Found Python3: /usr/bin/python3 (found version "3.10.12") found components: Interpreter 
[1.527s] -- Found ament_lint_auto: 0.12.14 (/opt/ros/humble/share/ament_lint_auto/cmake)
[1.660s] -- Configuring done
[1.664s] -- Generating done
[1.666s] -- Build files have been written to: /home/yash-shah/eyrc-25-26_krishi_drone_2124/build/swift_pico_description
[1.672s] Invoked command in '/home/yash-shah/eyrc-25-26_krishi_drone_2124/build/swift_pico_description' returned '0': CMAKE_PREFIX_PATH=${CMAKE_PREFIX_PATH}:/home/yash-shah/turtlesim_ws/install/kd_task_1b:/home/yash-shah/turtlebot3_ws/install/turtlebot3_teleop:/home/yash-shah/turtlebot3_ws/install/turtlebot3_example:/opt/ros/humble /usr/bin/cmake /home/yash-shah/eyrc-25-26_krishi_drone_2124/swift_pico_description -DCMAKE_INSTALL_PREFIX=/home/yash-shah/eyrc-25-26_krishi_drone_2124/install/swift_pico_description
[1.674s] Invoking command in '/home/yash-shah/eyrc-25-26_krishi_drone_2124/build/swift_pico_description': CMAKE_PREFIX_PATH=${CMAKE_PREFIX_PATH}:/home/yash-shah/turtlesim_ws/install/kd_task_1b:/home/yash-shah/turtlebot3_ws/install/turtlebot3_teleop:/home/yash-shah/turtlebot3_ws/install/turtlebot3_example:/opt/ros/humble /usr/bin/cmake --build /home/yash-shah/eyrc-25-26_krishi_drone_2124/build/swift_pico_description -- -j12 -l12
[1.729s] Invoked command in '/home/yash-shah/eyrc-25-26_krishi_drone_2124/build/swift_pico_description' returned '0': CMAKE_PREFIX_PATH=${CMAKE_PREFIX_PATH}:/home/yash-shah/turtlesim_ws/install/kd_task_1b:/home/yash-shah/turtlebot3_ws/install/turtlebot3_teleop:/home/yash-shah/turtlebot3_ws/install/turtlebot3_example:/opt/ros/humble /usr/bin/cmake --build /home/yash-shah/eyrc-25-26_krishi_drone_2124/build/swift_pico_description -- -j12 -l12
[1.746s] Invoking command in '/home/yash-shah/eyrc-25-26_krishi_drone_2124/build/swift_pico_description': CMAKE_PREFIX_PATH=${CMAKE_PREFIX_PATH}:/home/yash-shah/turtlesim_ws/install/kd_task_1b:/home/yash-shah/turtlebot3_ws/install/turtlebot3_teleop:/home/yash-shah/turtlebot3_ws/install/turtlebot3_example:/opt/ros/humble /usr/bin/cmake --install /home/yash-shah/eyrc-25-26_krishi_drone_2124/build/swift_pico_description
[1.758s] -- Install configuration: ""
[1.758s] -- Installing: /home/yash-shah/eyrc-25-26_krishi_drone_2124/install/swift_pico_description/share/swift_pico_description/models
[1.759s] -- Installing: /home/yash-shah/eyrc-25-26_krishi_drone_2124/install/swift_pico_description/share/swift_pico_description/models/arena
[1.759s] -- Installing: /home/yash-shah/eyrc-25-26_krishi_drone_2124/install/swift_pico_description/share/swift_pico_description/models/arena/meshes
[1.759s] -- Installing: /home/yash-shah/eyrc-25-26_krishi_drone_2124/install/swift_pico_description/share/swift_pico_description/models/arena/meshes/Krishi Drone Gazebo model image texture.png
[1.768s] -- Installing: /home/yash-shah/eyrc-25-26_krishi_drone_2124/install/swift_pico_description/share/swift_pico_description/models/arena/meshes/arena.dae
[1.776s] -- Installing: /home/yash-shah/eyrc-25-26_krishi_drone_2124/install/swift_pico_description/share/swift_pico_description/models/arena/model.sdf
[1.776s] -- Installing: /home/yash-shah/eyrc-25-26_krishi_drone_2124/install/swift_pico_description/share/swift_pico_description/models/arena/model.config
[1.776s] -- Installing: /home/yash-shah/eyrc-25-26_krishi_drone_2124/install/swift_pico_description/share/swift_pico_description/models/package_3
[1.776s] -- Installing: /home/yash-shah/eyrc-25-26_krishi_drone_2124/install/swift_pico_description/share/swift_pico_description/models/package_3/meshes
[1.776s] -- Installing: /home/yash-shah/eyrc-25-26_krishi_drone_2124/install/swift_pico_description/share/swift_pico_description/models/package_3/meshes/Krishi Drone Gazebo model image texture.png
[1.785s] -- Installing: /home/yash-shah/eyrc-25-26_krishi_drone_2124/install/swift_pico_description/share/swift_pico_description/models/package_3/meshes/package.dae
[1.787s] -- Installing: /home/yash-shah/eyrc-25-26_krishi_drone_2124/install/swift_pico_description/share/swift_pico_description/models/package_3/model.sdf
[1.787s] -- Installing: /home/yash-shah/eyrc-25-26_krishi_drone_2124/install/swift_pico_description/share/swift_pico_description/models/package_3/model.config
[1.788s] -- Installing: /home/yash-shah/eyrc-25-26_krishi_drone_2124/install/swift_pico_description/share/swift_pico_description/models/swift_pico
[1.788s] -- Installing: /home/yash-shah/eyrc-25-26_krishi_drone_2124/install/swift_pico_description/share/swift_pico_description/models/swift_pico/meshes
[1.788s] -- Installing: /home/yash-shah/eyrc-25-26_krishi_drone_2124/install/swift_pico_description/share/swift_pico_description/models/swift_pico/meshes/cropped-image.png
[1.788s] -- Installing: /home/yash-shah/eyrc-25-26_krishi_drone_2124/install/swift_pico_description/share/swift_pico_description/models/swift_pico/meshes/propeller_ccw.dae
[1.788s] -- Installing: /home/yash-shah/eyrc-25-26_krishi_drone_2124/install/swift_pico_description/share/swift_pico_description/models/swift_pico/meshes/m2_link.dae
[1.788s] -- Installing: /home/yash-shah/eyrc-25-26_krishi_drone_2124/install/swift_pico_description/share/swift_pico_description/models/swift_pico/meshes/m4_link.dae
[1.789s] -- Installing: /home/yash-shah/eyrc-25-26_krishi_drone_2124/install/swift_pico_description/share/swift_pico_description/models/swift_pico/meshes/whycon2.mtl
[1.789s] -- Installing: /home/yash-shah/eyrc-25-26_krishi_drone_2124/install/swift_pico_description/share/swift_pico_description/models/swift_pico/meshes/whycon2.obj
[1.860s] -- Installing: /home/yash-shah/eyrc-25-26_krishi_drone_2124/install/swift_pico_description/share/swift_pico_description/models/swift_pico/meshes/propeller_cw.dae
[1.860s] -- Installing: /home/yash-shah/eyrc-25-26_krishi_drone_2124/install/swift_pico_description/share/swift_pico_description/models/swift_pico/meshes/m1_link.dae
[1.861s] -- Installing: /home/yash-shah/eyrc-25-26_krishi_drone_2124/install/swift_pico_description/share/swift_pico_description/models/swift_pico/meshes/m3_link.dae
[1.861s] -- Installing: /home/yash-shah/eyrc-25-26_krishi_drone_2124/install/swift_pico_description/share/swift_pico_description/models/swift_pico/meshes/textures
[1.861s] -- Installing: /home/yash-shah/eyrc-25-26_krishi_drone_2124/install/swift_pico_description/share/swift_pico_description/models/swift_pico/meshes/textures/whycon_marker.png
[1.861s] -- Installing: /home/yash-shah/eyrc-25-26_krishi_drone_2124/install/swift_pico_description/share/swift_pico_description/models/swift_pico/meshes/base_link.dae
[1.862s] -- Installing: /home/yash-shah/eyrc-25-26_krishi_drone_2124/install/swift_pico_description/share/swift_pico_description/models/swift_pico/swift_pico.sdf
[1.862s] -- Installing: /home/yash-shah/eyrc-25-26_krishi_drone_2124/install/swift_pico_description/share/swift_pico_description/models/swift_pico/model.config
[1.862s] -- Installing: /home/yash-shah/eyrc-25-26_krishi_drone_2124/install/swift_pico_description/share/swift_pico_description/models/swift_pico/materials
[1.862s] -- Installing: /home/yash-shah/eyrc-25-26_krishi_drone_2124/install/swift_pico_description/share/swift_pico_description/models/swift_pico/materials/scripts
[1.862s] -- Installing: /home/yash-shah/eyrc-25-26_krishi_drone_2124/install/swift_pico_description/share/swift_pico_description/models/swift_pico/materials/scripts/whycon_marker.material
[1.862s] -- Installing: /home/yash-shah/eyrc-25-26_krishi_drone_2124/install/swift_pico_description/share/swift_pico_description/models/swift_pico/whycon_marker_file.xacro
[1.863s] -- Installing: /home/yash-shah/eyrc-25-26_krishi_drone_2124/install/swift_pico_description/share/swift_pico_description/models/swift_pico/textures
[1.863s] -- Installing: /home/yash-shah/eyrc-25-26_krishi_drone_2124/install/swift_pico_description/share/swift_pico_description/models/swift_pico/textures/whycon_marker.png
[1.863s] -- Installing: /home/yash-shah/eyrc-25-26_krishi_drone_2124/install/swift_pico_description/share/swift_pico_description/models/package_1
[1.863s] -- Installing: /home/yash-shah/eyrc-25-26_krishi_drone_2124/install/swift_pico_description/share/swift_pico_description/models/package_1/meshes
[1.863s] -- Installing: /home/yash-shah/eyrc-25-26_krishi_drone_2124/install/swift_pico_description/share/swift_pico_description/models/package_1/meshes/Krishi Drone Gazebo model image texture.png
[1.872s] -- Installing: /home/yash-shah/eyrc-25-26_krishi_drone_2124/install/swift_pico_description/share/swift_pico_description/models/package_1/meshes/package.dae
[1.872s] -- Installing: /home/yash-shah/eyrc-25-26_krishi_drone_2124/install/swift_pico_description/share/swift_pico_description/models/package_1/model.sdf
[1.872s] -- Installing: /home/yash-shah/eyrc-25-26_krishi_drone_2124/install/swift_pico_description/share/swift_pico_description/models/package_1/model.config
[1.872s] -- Installing: /home/yash-shah/eyrc-25-26_krishi_drone_2124/install/swift_pico_description/share/swift_pico_description/models/package_2
[1.872s] -- Installing: /home/yash-shah/eyrc-25-26_krishi_drone_2124/install/swift_pico_description/share/swift_pico_description/models/package_2/meshes
[1.872s] -- Installing: /home/yash-shah/eyrc-25-26_krishi_drone_2124/install/swift_pico_description/share/swift_pico_description/models/package_2/meshes/Krishi Drone Gazebo model image texture.png
[1.881s] -- Installing: /home/yash-shah/eyrc-25-26_krishi_drone_2124/install/swift_pico_description/share/swift_pico_description/models/package_2/meshes/package.dae
[1.883s] -- Installing: /home/yash-shah/eyrc-25-26_krishi_drone_2124/install/swift_pico_description/share/swift_pico_description/models/package_2/model.sdf
[1.883s] -- Installing: /home/yash-shah/eyrc-25-26_krishi_drone_2124/install/swift_pico_description/share/swift_pico_description/models/package_2/model.config
[1.883s] -- Installing: /home/yash-shah/eyrc-25-26_krishi_drone_2124/install/swift_pico_description/share/ament_index/resource_index/package_run_dependencies/swift_pico_description
[1.883s] -- Installing: /home/yash-shah/eyrc-25-26_krishi_drone_2124/install/swift_pico_description/share/ament_index/resource_index/parent_prefix_path/swift_pico_description
[1.883s] -- Installing: /home/yash-shah/eyrc-25-26_krishi_drone_2124/install/swift_pico_description/share/swift_pico_description/environment/ament_prefix_path.sh
[1.883s] -- Installing: /home/yash-shah/eyrc-25-26_krishi_drone_2124/install/swift_pico_description/share/swift_pico_description/environment/ament_prefix_path.dsv
[1.883s] -- Installing: /home/yash-shah/eyrc-25-26_krishi_drone_2124/install/swift_pico_description/share/swift_pico_description/environment/path.sh
[1.883s] -- Installing: /home/yash-shah/eyrc-25-26_krishi_drone_2124/install/swift_pico_description/share/swift_pico_description/environment/path.dsv
[1.883s] -- Installing: /home/yash-shah/eyrc-25-26_krishi_drone_2124/install/swift_pico_description/share/swift_pico_description/local_setup.bash
[1.883s] -- Installing: /home/yash-shah/eyrc-25-26_krishi_drone_2124/install/swift_pico_description/share/swift_pico_description/local_setup.sh
[1.883s] -- Installing: /home/yash-shah/eyrc-25-26_krishi_drone_2124/install/swift_pico_description/share/swift_pico_description/local_setup.zsh
[1.884s] -- Installing: /home/yash-shah/eyrc-25-26_krishi_drone_2124/install/swift_pico_description/share/swift_pico_description/local_setup.dsv
[1.884s] -- Installing: /home/yash-shah/eyrc-25-26_krishi_drone_2124/install/swift_pico_description/share/swift_pico_description/package.dsv
[1.884s] -- Installing: /home/yash-shah/eyrc-25-26_krishi_drone_2124/install/swift_pico_description/share/ament_index/resource_index/packages/swift_pico_description
[1.884s] -- Installing: /home/yash-shah/eyrc-25-26_krishi_drone_2124/install/swift_pico_description/share/swift_pico_description/cmake/swift_pico_descriptionConfig.cmake
[1.884s] -- Installing: /home/yash-shah/eyrc-25-26_krishi_drone_2124/install/swift_pico_description/share/swift_pico_description/cmake/swift_pico_descriptionConfig-version.cmake
[1.884s] -- Installing: /home/yash-shah/eyrc-25-26_krishi_drone_2124/install/swift_pico_description/share/swift_pico_description/package.xml
[1.887s] Invoked command in '/home/yash-shah/eyrc-25-26_krishi_drone_2124/build/swift_pico_description' returned '0': CMAKE_PREFIX_PATH=${CMAKE_PREFIX_PATH}:/home/yash-shah/turtlesim_ws/install/kd_task_1b:/home/yash-shah/turtlebot3_ws/install/turtlebot3_teleop:/home/yash-shah/turtlebot3_ws/install/turtlebot3_example:/opt/ros/humble /usr/bin/cmake --install /home/yash-shah/eyrc-25-26_krishi_drone_2124/build/swift_pico_description
