[  2%] Built target waypoint_navigation__cpp
[ 12%] Built target waypoint_navigation__rosidl_generator_c
[ 12%] Built target ament_cmake_python_copy_waypoint_navigation
[ 23%] Built target waypoint_navigation__rosidl_typesupport_cpp
[ 33%] Built target waypoint_navigation__rosidl_typesupport_introspection_cpp
[ 43%] Built target waypoint_navigation__rosidl_typesupport_fastrtps_cpp
[ 53%] Built target waypoint_navigation__rosidl_typesupport_introspection_c
[ 64%] Built target waypoint_navigation__rosidl_typesupport_c
[ 74%] Built target waypoint_navigation__rosidl_typesupport_fastrtps_c
[ 74%] Built target waypoint_navigation
[ 76%] Built target waypoint_navigation__py
[ 84%] Built target waypoint_navigation__rosidl_generator_py
[ 92%] Built target waypoint_navigation__rosidl_typesupport_fastrtps_c__pyext
[ 94%] Built target waypoint_navigation__rosidl_typesupport_introspection_c__pyext
[100%] Built target waypoint_navigation__rosidl_typesupport_c__pyext
running egg_info
writing waypoint_navigation.egg-info/PKG-INFO
writing dependency_links to waypoint_navigation.egg-info/dependency_links.txt
writing top-level names to waypoint_navigation.egg-info/top_level.txt
reading manifest file 'waypoint_navigation.egg-info/SOURCES.txt'
writing manifest file 'waypoint_navigation.egg-info/SOURCES.txt'
[100%] Built target ament_cmake_python_build_waypoint_navigation_egg
-- Install configuration: ""
-- Up-to-date: /home/yash-shah/eyrc-25-26_krishi_drone_2124/install/waypoint_navigation/share/ament_index/resource_index/rosidl_interfaces/waypoint_navigation
-- Up-to-date: /home/yash-shah/eyrc-25-26_krishi_drone_2124/install/waypoint_navigation/include/waypoint_navigation/waypoint_navigation
-- Up-to-date: /home/yash-shah/eyrc-25-26_krishi_drone_2124/install/waypoint_navigation/include/waypoint_navigation/waypoint_navigation/srv
-- Up-to-date: /home/yash-shah/eyrc-25-26_krishi_drone_2124/install/waypoint_navigation/include/waypoint_navigation/waypoint_navigation/srv/detail
-- Up-to-date: /home/yash-shah/eyrc-25-26_krishi_drone_2124/install/waypoint_navigation/include/waypoint_navigation/waypoint_navigation/srv/detail/get_waypoints__type_support.h
-- Up-to-date: /home/yash-shah/eyrc-25-26_krishi_drone_2124/install/waypoint_navigation/include/waypoint_navigation/waypoint_navigation/srv/detail/get_waypoints__struct.h
-- Up-to-date: /home/yash-shah/eyrc-25-26_krishi_drone_2124/install/waypoint_navigation/include/waypoint_navigation/waypoint_navigation/srv/detail/get_waypoints__functions.c
-- Up-to-date: /home/yash-shah/eyrc-25-26_krishi_drone_2124/install/waypoint_navigation/include/waypoint_navigation/waypoint_navigation/srv/detail/get_waypoints__functions.h
-- Up-to-date: /home/yash-shah/eyrc-25-26_krishi_drone_2124/install/waypoint_navigation/include/waypoint_navigation/waypoint_navigation/srv/get_waypoints.h
-- Up-to-date: /home/yash-shah/eyrc-25-26_krishi_drone_2124/install/waypoint_navigation/include/waypoint_navigation/waypoint_navigation/msg
-- Up-to-date: /home/yash-shah/eyrc-25-26_krishi_drone_2124/install/waypoint_navigation/include/waypoint_navigation/waypoint_navigation/msg/rosidl_generator_c__visibility_control.h
-- Up-to-date: /home/yash-shah/eyrc-25-26_krishi_drone_2124/install/waypoint_navigation/include/waypoint_navigation/waypoint_navigation/action
-- Up-to-date: /home/yash-shah/eyrc-25-26_krishi_drone_2124/install/waypoint_navigation/include/waypoint_navigation/waypoint_navigation/action/detail
-- Up-to-date: /home/yash-shah/eyrc-25-26_krishi_drone_2124/install/waypoint_navigation/include/waypoint_navigation/waypoint_navigation/action/detail/nav_to_waypoint__struct.h
-- Up-to-date: /home/yash-shah/eyrc-25-26_krishi_drone_2124/install/waypoint_navigation/include/waypoint_navigation/waypoint_navigation/action/detail/nav_to_waypoint__type_support.h
-- Up-to-date: /home/yash-shah/eyrc-25-26_krishi_drone_2124/install/waypoint_navigation/include/waypoint_navigation/waypoint_navigation/action/detail/nav_to_waypoint__functions.h
-- Up-to-date: /home/yash-shah/eyrc-25-26_krishi_drone_2124/install/waypoint_navigation/include/waypoint_navigation/waypoint_navigation/action/detail/nav_to_waypoint__functions.c
-- Up-to-date: /home/yash-shah/eyrc-25-26_krishi_drone_2124/install/waypoint_navigation/include/waypoint_navigation/waypoint_navigation/action/nav_to_waypoint.h
-- Up-to-date: /home/yash-shah/eyrc-25-26_krishi_drone_2124/install/waypoint_navigation/share/waypoint_navigation/environment/library_path.sh
-- Up-to-date: /home/yash-shah/eyrc-25-26_krishi_drone_2124/install/waypoint_navigation/share/waypoint_navigation/environment/library_path.dsv
-- Up-to-date: /home/yash-shah/eyrc-25-26_krishi_drone_2124/install/waypoint_navigation/lib/libwaypoint_navigation__rosidl_generator_c.so
-- Up-to-date: /home/yash-shah/eyrc-25-26_krishi_drone_2124/install/waypoint_navigation/include/waypoint_navigation/waypoint_navigation
-- Up-to-date: /home/yash-shah/eyrc-25-26_krishi_drone_2124/install/waypoint_navigation/include/waypoint_navigation/waypoint_navigation/srv
-- Up-to-date: /home/yash-shah/eyrc-25-26_krishi_drone_2124/install/waypoint_navigation/include/waypoint_navigation/waypoint_navigation/srv/detail
-- Up-to-date: /home/yash-shah/eyrc-25-26_krishi_drone_2124/install/waypoint_navigation/include/waypoint_navigation/waypoint_navigation/srv/detail/get_waypoints__rosidl_typesupport_fastrtps_c.h
-- Up-to-date: /home/yash-shah/eyrc-25-26_krishi_drone_2124/install/waypoint_navigation/include/waypoint_navigation/waypoint_navigation/msg
-- Up-to-date: /home/yash-shah/eyrc-25-26_krishi_drone_2124/install/waypoint_navigation/include/waypoint_navigation/waypoint_navigation/msg/rosidl_typesupport_fastrtps_c__visibility_control.h
-- Up-to-date: /home/yash-shah/eyrc-25-26_krishi_drone_2124/install/waypoint_navigation/include/waypoint_navigation/waypoint_navigation/action
-- Up-to-date: /home/yash-shah/eyrc-25-26_krishi_drone_2124/install/waypoint_navigation/include/waypoint_navigation/waypoint_navigation/action/detail
-- Up-to-date: /home/yash-shah/eyrc-25-26_krishi_drone_2124/install/waypoint_navigation/include/waypoint_navigation/waypoint_navigation/action/detail/nav_to_waypoint__rosidl_typesupport_fastrtps_c.h
-- Up-to-date: /home/yash-shah/eyrc-25-26_krishi_drone_2124/install/waypoint_navigation/lib/libwaypoint_navigation__rosidl_typesupport_fastrtps_c.so
-- Up-to-date: /home/yash-shah/eyrc-25-26_krishi_drone_2124/install/waypoint_navigation/include/waypoint_navigation/waypoint_navigation
-- Up-to-date: /home/yash-shah/eyrc-25-26_krishi_drone_2124/install/waypoint_navigation/include/waypoint_navigation/waypoint_navigation/srv
-- Up-to-date: /home/yash-shah/eyrc-25-26_krishi_drone_2124/install/waypoint_navigation/include/waypoint_navigation/waypoint_navigation/srv/detail
-- Up-to-date: /home/yash-shah/eyrc-25-26_krishi_drone_2124/install/waypoint_navigation/include/waypoint_navigation/waypoint_navigation/srv/detail/get_waypoints__rosidl_typesupport_introspection_c.h
-- Up-to-date: /home/yash-shah/eyrc-25-26_krishi_drone_2124/install/waypoint_navigation/include/waypoint_navigation/waypoint_navigation/srv/detail/get_waypoints__type_support.c
-- Up-to-date: /home/yash-shah/eyrc-25-26_krishi_drone_2124/install/waypoint_navigation/include/waypoint_navigation/waypoint_navigation/msg
-- Up-to-date: /home/yash-shah/eyrc-25-26_krishi_drone_2124/install/waypoint_navigation/include/waypoint_navigation/waypoint_navigation/msg/rosidl_typesupport_introspection_c__visibility_control.h
-- Up-to-date: /home/yash-shah/eyrc-25-26_krishi_drone_2124/install/waypoint_navigation/include/waypoint_navigation/waypoint_navigation/action
-- Up-to-date: /home/yash-shah/eyrc-25-26_krishi_drone_2124/install/waypoint_navigation/include/waypoint_navigation/waypoint_navigation/action/detail
-- Up-to-date: /home/yash-shah/eyrc-25-26_krishi_drone_2124/install/waypoint_navigation/include/waypoint_navigation/waypoint_navigation/action/detail/nav_to_waypoint__rosidl_typesupport_introspection_c.h
-- Up-to-date: /home/yash-shah/eyrc-25-26_krishi_drone_2124/install/waypoint_navigation/include/waypoint_navigation/waypoint_navigation/action/detail/nav_to_waypoint__type_support.c
-- Up-to-date: /home/yash-shah/eyrc-25-26_krishi_drone_2124/install/waypoint_navigation/lib/libwaypoint_navigation__rosidl_typesupport_introspection_c.so
-- Up-to-date: /home/yash-shah/eyrc-25-26_krishi_drone_2124/install/waypoint_navigation/lib/libwaypoint_navigation__rosidl_typesupport_c.so
-- Up-to-date: /home/yash-shah/eyrc-25-26_krishi_drone_2124/install/waypoint_navigation/include/waypoint_navigation/waypoint_navigation
-- Up-to-date: /home/yash-shah/eyrc-25-26_krishi_drone_2124/install/waypoint_navigation/include/waypoint_navigation/waypoint_navigation/srv
-- Up-to-date: /home/yash-shah/eyrc-25-26_krishi_drone_2124/install/waypoint_navigation/include/waypoint_navigation/waypoint_navigation/srv/detail
-- Up-to-date: /home/yash-shah/eyrc-25-26_krishi_drone_2124/install/waypoint_navigation/include/waypoint_navigation/waypoint_navigation/srv/detail/get_waypoints__struct.hpp
-- Up-to-date: /home/yash-shah/eyrc-25-26_krishi_drone_2124/install/waypoint_navigation/include/waypoint_navigation/waypoint_navigation/srv/detail/get_waypoints__traits.hpp
-- Up-to-date: /home/yash-shah/eyrc-25-26_krishi_drone_2124/install/waypoint_navigation/include/waypoint_navigation/waypoint_navigation/srv/detail/get_waypoints__builder.hpp
-- Up-to-date: /home/yash-shah/eyrc-25-26_krishi_drone_2124/install/waypoint_navigation/include/waypoint_navigation/waypoint_navigation/srv/detail/get_waypoints__type_support.hpp
-- Up-to-date: /home/yash-shah/eyrc-25-26_krishi_drone_2124/install/waypoint_navigation/include/waypoint_navigation/waypoint_navigation/srv/get_waypoints.hpp
-- Up-to-date: /home/yash-shah/eyrc-25-26_krishi_drone_2124/install/waypoint_navigation/include/waypoint_navigation/waypoint_navigation/msg
-- Up-to-date: /home/yash-shah/eyrc-25-26_krishi_drone_2124/install/waypoint_navigation/include/waypoint_navigation/waypoint_navigation/msg/rosidl_generator_cpp__visibility_control.hpp
-- Up-to-date: /home/yash-shah/eyrc-25-26_krishi_drone_2124/install/waypoint_navigation/include/waypoint_navigation/waypoint_navigation/action
-- Up-to-date: /home/yash-shah/eyrc-25-26_krishi_drone_2124/install/waypoint_navigation/include/waypoint_navigation/waypoint_navigation/action/detail
-- Up-to-date: /home/yash-shah/eyrc-25-26_krishi_drone_2124/install/waypoint_navigation/include/waypoint_navigation/waypoint_navigation/action/detail/nav_to_waypoint__type_support.hpp
-- Up-to-date: /home/yash-shah/eyrc-25-26_krishi_drone_2124/install/waypoint_navigation/include/waypoint_navigation/waypoint_navigation/action/detail/nav_to_waypoint__struct.hpp
-- Up-to-date: /home/yash-shah/eyrc-25-26_krishi_drone_2124/install/waypoint_navigation/include/waypoint_navigation/waypoint_navigation/action/detail/nav_to_waypoint__traits.hpp
-- Up-to-date: /home/yash-shah/eyrc-25-26_krishi_drone_2124/install/waypoint_navigation/include/waypoint_navigation/waypoint_navigation/action/detail/nav_to_waypoint__builder.hpp
-- Up-to-date: /home/yash-shah/eyrc-25-26_krishi_drone_2124/install/waypoint_navigation/include/waypoint_navigation/waypoint_navigation/action/nav_to_waypoint.hpp
-- Up-to-date: /home/yash-shah/eyrc-25-26_krishi_drone_2124/install/waypoint_navigation/include/waypoint_navigation/waypoint_navigation
-- Up-to-date: /home/yash-shah/eyrc-25-26_krishi_drone_2124/install/waypoint_navigation/include/waypoint_navigation/waypoint_navigation/srv
-- Up-to-date: /home/yash-shah/eyrc-25-26_krishi_drone_2124/install/waypoint_navigation/include/waypoint_navigation/waypoint_navigation/srv/detail
-- Up-to-date: /home/yash-shah/eyrc-25-26_krishi_drone_2124/install/waypoint_navigation/include/waypoint_navigation/waypoint_navigation/srv/detail/dds_fastrtps
-- Up-to-date: /home/yash-shah/eyrc-25-26_krishi_drone_2124/install/waypoint_navigation/include/waypoint_navigation/waypoint_navigation/srv/detail/get_waypoints__rosidl_typesupport_fastrtps_cpp.hpp
-- Up-to-date: /home/yash-shah/eyrc-25-26_krishi_drone_2124/install/waypoint_navigation/include/waypoint_navigation/waypoint_navigation/msg
-- Up-to-date: /home/yash-shah/eyrc-25-26_krishi_drone_2124/install/waypoint_navigation/include/waypoint_navigation/waypoint_navigation/msg/rosidl_typesupport_fastrtps_cpp__visibility_control.h
-- Up-to-date: /home/yash-shah/eyrc-25-26_krishi_drone_2124/install/waypoint_navigation/include/waypoint_navigation/waypoint_navigation/action
-- Up-to-date: /home/yash-shah/eyrc-25-26_krishi_drone_2124/install/waypoint_navigation/include/waypoint_navigation/waypoint_navigation/action/detail
-- Up-to-date: /home/yash-shah/eyrc-25-26_krishi_drone_2124/install/waypoint_navigation/include/waypoint_navigation/waypoint_navigation/action/detail/dds_fastrtps
-- Up-to-date: /home/yash-shah/eyrc-25-26_krishi_drone_2124/install/waypoint_navigation/include/waypoint_navigation/waypoint_navigation/action/detail/nav_to_waypoint__rosidl_typesupport_fastrtps_cpp.hpp
-- Up-to-date: /home/yash-shah/eyrc-25-26_krishi_drone_2124/install/waypoint_navigation/lib/libwaypoint_navigation__rosidl_typesupport_fastrtps_cpp.so
-- Up-to-date: /home/yash-shah/eyrc-25-26_krishi_drone_2124/install/waypoint_navigation/include/waypoint_navigation/waypoint_navigation
-- Up-to-date: /home/yash-shah/eyrc-25-26_krishi_drone_2124/install/waypoint_navigation/include/waypoint_navigation/waypoint_navigation/srv
-- Up-to-date: /home/yash-shah/eyrc-25-26_krishi_drone_2124/install/waypoint_navigation/include/waypoint_navigation/waypoint_navigation/srv/detail
-- Up-to-date: /home/yash-shah/eyrc-25-26_krishi_drone_2124/install/waypoint_navigation/include/waypoint_navigation/waypoint_navigation/srv/detail/get_waypoints__rosidl_typesupport_introspection_cpp.hpp
-- Up-to-date: /home/yash-shah/eyrc-25-26_krishi_drone_2124/install/waypoint_navigation/include/waypoint_navigation/waypoint_navigation/srv/detail/get_waypoints__type_support.cpp
-- Up-to-date: /home/yash-shah/eyrc-25-26_krishi_drone_2124/install/waypoint_navigation/include/waypoint_navigation/waypoint_navigation/action
-- Up-to-date: /home/yash-shah/eyrc-25-26_krishi_drone_2124/install/waypoint_navigation/include/waypoint_navigation/waypoint_navigation/action/detail
-- Up-to-date: /home/yash-shah/eyrc-25-26_krishi_drone_2124/install/waypoint_navigation/include/waypoint_navigation/waypoint_navigation/action/detail/nav_to_waypoint__rosidl_typesupport_introspection_cpp.hpp
-- Up-to-date: /home/yash-shah/eyrc-25-26_krishi_drone_2124/install/waypoint_navigation/include/waypoint_navigation/waypoint_navigation/action/detail/nav_to_waypoint__type_support.cpp
-- Up-to-date: /home/yash-shah/eyrc-25-26_krishi_drone_2124/install/waypoint_navigation/lib/libwaypoint_navigation__rosidl_typesupport_introspection_cpp.so
-- Up-to-date: /home/yash-shah/eyrc-25-26_krishi_drone_2124/install/waypoint_navigation/lib/libwaypoint_navigation__rosidl_typesupport_cpp.so
-- Up-to-date: /home/yash-shah/eyrc-25-26_krishi_drone_2124/install/waypoint_navigation/share/waypoint_navigation/environment/pythonpath.sh
-- Up-to-date: /home/yash-shah/eyrc-25-26_krishi_drone_2124/install/waypoint_navigation/share/waypoint_navigation/environment/pythonpath.dsv
-- Up-to-date: /home/yash-shah/eyrc-25-26_krishi_drone_2124/install/waypoint_navigation/local/lib/python3.10/dist-packages/waypoint_navigation-0.0.0-py3.10.egg-info
-- Installing: /home/yash-shah/eyrc-25-26_krishi_drone_2124/install/waypoint_navigation/local/lib/python3.10/dist-packages/waypoint_navigation-0.0.0-py3.10.egg-info/SOURCES.txt
-- Installing: /home/yash-shah/eyrc-25-26_krishi_drone_2124/install/waypoint_navigation/local/lib/python3.10/dist-packages/waypoint_navigation-0.0.0-py3.10.egg-info/dependency_links.txt
-- Installing: /home/yash-shah/eyrc-25-26_krishi_drone_2124/install/waypoint_navigation/local/lib/python3.10/dist-packages/waypoint_navigation-0.0.0-py3.10.egg-info/top_level.txt
-- Installing: /home/yash-shah/eyrc-25-26_krishi_drone_2124/install/waypoint_navigation/local/lib/python3.10/dist-packages/waypoint_navigation-0.0.0-py3.10.egg-info/PKG-INFO
-- Up-to-date: /home/yash-shah/eyrc-25-26_krishi_drone_2124/install/waypoint_navigation/local/lib/python3.10/dist-packages/waypoint_navigation
-- Up-to-date: /home/yash-shah/eyrc-25-26_krishi_drone_2124/install/waypoint_navigation/local/lib/python3.10/dist-packages/waypoint_navigation/srv
-- Up-to-date: /home/yash-shah/eyrc-25-26_krishi_drone_2124/install/waypoint_navigation/local/lib/python3.10/dist-packages/waypoint_navigation/srv/_get_waypoints.py
-- Up-to-date: /home/yash-shah/eyrc-25-26_krishi_drone_2124/install/waypoint_navigation/local/lib/python3.10/dist-packages/waypoint_navigation/srv/__init__.py
-- Up-to-date: /home/yash-shah/eyrc-25-26_krishi_drone_2124/install/waypoint_navigation/local/lib/python3.10/dist-packages/waypoint_navigation/srv/_get_waypoints_s.c
-- Up-to-date: /home/yash-shah/eyrc-25-26_krishi_drone_2124/install/waypoint_navigation/local/lib/python3.10/dist-packages/waypoint_navigation/waypoint_navigation_s__rosidl_typesupport_fastrtps_c.cpython-310-x86_64-linux-gnu.so
-- Up-to-date: /home/yash-shah/eyrc-25-26_krishi_drone_2124/install/waypoint_navigation/local/lib/python3.10/dist-packages/waypoint_navigation/__init__.py
-- Up-to-date: /home/yash-shah/eyrc-25-26_krishi_drone_2124/install/waypoint_navigation/local/lib/python3.10/dist-packages/waypoint_navigation/action
-- Up-to-date: /home/yash-shah/eyrc-25-26_krishi_drone_2124/install/waypoint_navigation/local/lib/python3.10/dist-packages/waypoint_navigation/action/__init__.py
-- Up-to-date: /home/yash-shah/eyrc-25-26_krishi_drone_2124/install/waypoint_navigation/local/lib/python3.10/dist-packages/waypoint_navigation/action/_nav_to_waypoint.py
-- Up-to-date: /home/yash-shah/eyrc-25-26_krishi_drone_2124/install/waypoint_navigation/local/lib/python3.10/dist-packages/waypoint_navigation/action/_nav_to_waypoint_s.c
-- Up-to-date: /home/yash-shah/eyrc-25-26_krishi_drone_2124/install/waypoint_navigation/local/lib/python3.10/dist-packages/waypoint_navigation/_waypoint_navigation_s.ep.rosidl_typesupport_fastrtps_c.c
-- Up-to-date: /home/yash-shah/eyrc-25-26_krishi_drone_2124/install/waypoint_navigation/local/lib/python3.10/dist-packages/waypoint_navigation/libwaypoint_navigation__rosidl_generator_py.so
-- Up-to-date: /home/yash-shah/eyrc-25-26_krishi_drone_2124/install/waypoint_navigation/local/lib/python3.10/dist-packages/waypoint_navigation/_waypoint_navigation_s.ep.rosidl_typesupport_introspection_c.c
-- Up-to-date: /home/yash-shah/eyrc-25-26_krishi_drone_2124/install/waypoint_navigation/local/lib/python3.10/dist-packages/waypoint_navigation/waypoint_navigation_s__rosidl_typesupport_introspection_c.cpython-310-x86_64-linux-gnu.so
-- Up-to-date: /home/yash-shah/eyrc-25-26_krishi_drone_2124/install/waypoint_navigation/local/lib/python3.10/dist-packages/waypoint_navigation/_waypoint_navigation_s.ep.rosidl_typesupport_c.c
-- Up-to-date: /home/yash-shah/eyrc-25-26_krishi_drone_2124/install/waypoint_navigation/local/lib/python3.10/dist-packages/waypoint_navigation/waypoint_navigation_s__rosidl_typesupport_c.cpython-310-x86_64-linux-gnu.so
Listing '/home/yash-shah/eyrc-25-26_krishi_drone_2124/install/waypoint_navigation/local/lib/python3.10/dist-packages/waypoint_navigation'...
Listing '/home/yash-shah/eyrc-25-26_krishi_drone_2124/install/waypoint_navigation/local/lib/python3.10/dist-packages/waypoint_navigation/action'...
Listing '/home/yash-shah/eyrc-25-26_krishi_drone_2124/install/waypoint_navigation/local/lib/python3.10/dist-packages/waypoint_navigation/srv'...
-- Up-to-date: /home/yash-shah/eyrc-25-26_krishi_drone_2124/install/waypoint_navigation/local/lib/python3.10/dist-packages/waypoint_navigation/waypoint_navigation_s__rosidl_typesupport_fastrtps_c.cpython-310-x86_64-linux-gnu.so
-- Up-to-date: /home/yash-shah/eyrc-25-26_krishi_drone_2124/install/waypoint_navigation/local/lib/python3.10/dist-packages/waypoint_navigation/waypoint_navigation_s__rosidl_typesupport_introspection_c.cpython-310-x86_64-linux-gnu.so
-- Up-to-date: /home/yash-shah/eyrc-25-26_krishi_drone_2124/install/waypoint_navigation/local/lib/python3.10/dist-packages/waypoint_navigation/waypoint_navigation_s__rosidl_typesupport_c.cpython-310-x86_64-linux-gnu.so
-- Up-to-date: /home/yash-shah/eyrc-25-26_krishi_drone_2124/install/waypoint_navigation/lib/libwaypoint_navigation__rosidl_generator_py.so
-- Up-to-date: /home/yash-shah/eyrc-25-26_krishi_drone_2124/install/waypoint_navigation/share/waypoint_navigation/action/NavToWaypoint.idl
-- Up-to-date: /home/yash-shah/eyrc-25-26_krishi_drone_2124/install/waypoint_navigation/share/waypoint_navigation/srv/GetWaypoints.idl
-- Up-to-date: /home/yash-shah/eyrc-25-26_krishi_drone_2124/install/waypoint_navigation/share/waypoint_navigation/action/NavToWaypoint.action
-- Up-to-date: /home/yash-shah/eyrc-25-26_krishi_drone_2124/install/waypoint_navigation/share/waypoint_navigation/srv/GetWaypoints.srv
-- Up-to-date: /home/yash-shah/eyrc-25-26_krishi_drone_2124/install/waypoint_navigation/share/waypoint_navigation/srv/GetWaypoints_Request.msg
-- Up-to-date: /home/yash-shah/eyrc-25-26_krishi_drone_2124/install/waypoint_navigation/share/waypoint_navigation/srv/GetWaypoints_Response.msg
-- Up-to-date: /home/yash-shah/eyrc-25-26_krishi_drone_2124/install/waypoint_navigation/share/ament_index/resource_index/package_run_dependencies/waypoint_navigation
-- Up-to-date: /home/yash-shah/eyrc-25-26_krishi_drone_2124/install/waypoint_navigation/share/ament_index/resource_index/parent_prefix_path/waypoint_navigation
-- Up-to-date: /home/yash-shah/eyrc-25-26_krishi_drone_2124/install/waypoint_navigation/share/waypoint_navigation/environment/ament_prefix_path.sh
-- Up-to-date: /home/yash-shah/eyrc-25-26_krishi_drone_2124/install/waypoint_navigation/share/waypoint_navigation/environment/ament_prefix_path.dsv
-- Up-to-date: /home/yash-shah/eyrc-25-26_krishi_drone_2124/install/waypoint_navigation/share/waypoint_navigation/environment/path.sh
-- Up-to-date: /home/yash-shah/eyrc-25-26_krishi_drone_2124/install/waypoint_navigation/share/waypoint_navigation/environment/path.dsv
-- Up-to-date: /home/yash-shah/eyrc-25-26_krishi_drone_2124/install/waypoint_navigation/share/waypoint_navigation/local_setup.bash
-- Up-to-date: /home/yash-shah/eyrc-25-26_krishi_drone_2124/install/waypoint_navigation/share/waypoint_navigation/local_setup.sh
-- Up-to-date: /home/yash-shah/eyrc-25-26_krishi_drone_2124/install/waypoint_navigation/share/waypoint_navigation/local_setup.zsh
-- Up-to-date: /home/yash-shah/eyrc-25-26_krishi_drone_2124/install/waypoint_navigation/share/waypoint_navigation/local_setup.dsv
-- Installing: /home/yash-shah/eyrc-25-26_krishi_drone_2124/install/waypoint_navigation/share/waypoint_navigation/package.dsv
-- Up-to-date: /home/yash-shah/eyrc-25-26_krishi_drone_2124/install/waypoint_navigation/share/ament_index/resource_index/packages/waypoint_navigation
-- Up-to-date: /home/yash-shah/eyrc-25-26_krishi_drone_2124/install/waypoint_navigation/share/waypoint_navigation/cmake/export_waypoint_navigation__rosidl_generator_cExport.cmake
-- Up-to-date: /home/yash-shah/eyrc-25-26_krishi_drone_2124/install/waypoint_navigation/share/waypoint_navigation/cmake/export_waypoint_navigation__rosidl_generator_cExport-noconfig.cmake
-- Up-to-date: /home/yash-shah/eyrc-25-26_krishi_drone_2124/install/waypoint_navigation/share/waypoint_navigation/cmake/export_waypoint_navigation__rosidl_typesupport_fastrtps_cExport.cmake
-- Up-to-date: /home/yash-shah/eyrc-25-26_krishi_drone_2124/install/waypoint_navigation/share/waypoint_navigation/cmake/export_waypoint_navigation__rosidl_typesupport_fastrtps_cExport-noconfig.cmake
-- Up-to-date: /home/yash-shah/eyrc-25-26_krishi_drone_2124/install/waypoint_navigation/share/waypoint_navigation/cmake/waypoint_navigation__rosidl_typesupport_introspection_cExport.cmake
-- Up-to-date: /home/yash-shah/eyrc-25-26_krishi_drone_2124/install/waypoint_navigation/share/waypoint_navigation/cmake/waypoint_navigation__rosidl_typesupport_introspection_cExport-noconfig.cmake
-- Up-to-date: /home/yash-shah/eyrc-25-26_krishi_drone_2124/install/waypoint_navigation/share/waypoint_navigation/cmake/waypoint_navigation__rosidl_typesupport_cExport.cmake
-- Up-to-date: /home/yash-shah/eyrc-25-26_krishi_drone_2124/install/waypoint_navigation/share/waypoint_navigation/cmake/waypoint_navigation__rosidl_typesupport_cExport-noconfig.cmake
-- Up-to-date: /home/yash-shah/eyrc-25-26_krishi_drone_2124/install/waypoint_navigation/share/waypoint_navigation/cmake/export_waypoint_navigation__rosidl_generator_cppExport.cmake
-- Up-to-date: /home/yash-shah/eyrc-25-26_krishi_drone_2124/install/waypoint_navigation/share/waypoint_navigation/cmake/export_waypoint_navigation__rosidl_typesupport_fastrtps_cppExport.cmake
-- Up-to-date: /home/yash-shah/eyrc-25-26_krishi_drone_2124/install/waypoint_navigation/share/waypoint_navigation/cmake/export_waypoint_navigation__rosidl_typesupport_fastrtps_cppExport-noconfig.cmake
-- Up-to-date: /home/yash-shah/eyrc-25-26_krishi_drone_2124/install/waypoint_navigation/share/waypoint_navigation/cmake/waypoint_navigation__rosidl_typesupport_introspection_cppExport.cmake
-- Up-to-date: /home/yash-shah/eyrc-25-26_krishi_drone_2124/install/waypoint_navigation/share/waypoint_navigation/cmake/waypoint_navigation__rosidl_typesupport_introspection_cppExport-noconfig.cmake
-- Up-to-date: /home/yash-shah/eyrc-25-26_krishi_drone_2124/install/waypoint_navigation/share/waypoint_navigation/cmake/waypoint_navigation__rosidl_typesupport_cppExport.cmake
-- Up-to-date: /home/yash-shah/eyrc-25-26_krishi_drone_2124/install/waypoint_navigation/share/waypoint_navigation/cmake/waypoint_navigation__rosidl_typesupport_cppExport-noconfig.cmake
-- Up-to-date: /home/yash-shah/eyrc-25-26_krishi_drone_2124/install/waypoint_navigation/share/waypoint_navigation/cmake/export_waypoint_navigation__rosidl_generator_pyExport.cmake
-- Up-to-date: /home/yash-shah/eyrc-25-26_krishi_drone_2124/install/waypoint_navigation/share/waypoint_navigation/cmake/export_waypoint_navigation__rosidl_generator_pyExport-noconfig.cmake
-- Up-to-date: /home/yash-shah/eyrc-25-26_krishi_drone_2124/install/waypoint_navigation/share/waypoint_navigation/cmake/rosidl_cmake-extras.cmake
-- Up-to-date: /home/yash-shah/eyrc-25-26_krishi_drone_2124/install/waypoint_navigation/share/waypoint_navigation/cmake/ament_cmake_export_dependencies-extras.cmake
-- Up-to-date: /home/yash-shah/eyrc-25-26_krishi_drone_2124/install/waypoint_navigation/share/waypoint_navigation/cmake/ament_cmake_export_include_directories-extras.cmake
-- Up-to-date: /home/yash-shah/eyrc-25-26_krishi_drone_2124/install/waypoint_navigation/share/waypoint_navigation/cmake/ament_cmake_export_libraries-extras.cmake
-- Up-to-date: /home/yash-shah/eyrc-25-26_krishi_drone_2124/install/waypoint_navigation/share/waypoint_navigation/cmake/ament_cmake_export_targets-extras.cmake
-- Up-to-date: /home/yash-shah/eyrc-25-26_krishi_drone_2124/install/waypoint_navigation/share/waypoint_navigation/cmake/rosidl_cmake_export_typesupport_targets-extras.cmake
-- Up-to-date: /home/yash-shah/eyrc-25-26_krishi_drone_2124/install/waypoint_navigation/share/waypoint_navigation/cmake/rosidl_cmake_export_typesupport_libraries-extras.cmake
-- Up-to-date: /home/yash-shah/eyrc-25-26_krishi_drone_2124/install/waypoint_navigation/share/waypoint_navigation/cmake/waypoint_navigationConfig.cmake
-- Up-to-date: /home/yash-shah/eyrc-25-26_krishi_drone_2124/install/waypoint_navigation/share/waypoint_navigation/cmake/waypoint_navigationConfig-version.cmake
-- Up-to-date: /home/yash-shah/eyrc-25-26_krishi_drone_2124/install/waypoint_navigation/share/waypoint_navigation/package.xml
