[0.127s] DEBUG:colcon:Command line arguments: ['/usr/bin/colcon', 'build']
[0.127s] DEBUG:colcon:Parsed command line arguments: Namespace(log_base=None, log_level=None, verb_name='build', build_base='build', install_base='install', merge_install=False, symlink_install=False, test_result_base=None, continue_on_error=False, executor='parallel', parallel_workers=12, event_handlers=None, ignore_user_meta=False, metas=['./colcon.meta'], base_paths=['.'], packages_ignore=None, packages_ignore_regex=None, paths=None, packages_up_to=None, packages_up_to_regex=None, packages_above=None, packages_above_and_dependencies=None, packages_above_depth=None, packages_select_by_dep=None, packages_skip_by_dep=None, packages_skip_up_to=None, packages_select_build_failed=False, packages_skip_build_finished=False, packages_select_test_failures=False, packages_skip_test_passed=False, packages_select=None, packages_skip=None, packages_select_regex=None, packages_skip_regex=None, packages_start=None, packages_end=None, allow_overriding=[], cmake_args=None, cmake_target=None, cmake_target_skip_unavailable=False, cmake_clean_cache=False, cmake_clean_first=False, cmake_force_configure=False, ament_cmake_args=None, catkin_cmake_args=None, catkin_skip_building_tests=False, mixin_files=None, mixin=None, verb_parser=<colcon_mixin.mixin.mixin_argument.MixinArgumentDecorator object at 0x70e9baa89960>, verb_extension=<colcon_core.verb.build.BuildVerb object at 0x70e9baa0ee90>, main=<bound method BuildVerb.main of <colcon_core.verb.build.BuildVerb object at 0x70e9baa0ee90>>, mixin_verb=('build',))
[0.309s] Level 1:colcon.colcon_core.package_discovery:discover_packages(colcon_meta) check parameters
[0.309s] Level 1:colcon.colcon_core.package_discovery:discover_packages(recursive) check parameters
[0.309s] Level 1:colcon.colcon_core.package_discovery:discover_packages(ignore) check parameters
[0.309s] Level 1:colcon.colcon_core.package_discovery:discover_packages(path) check parameters
[0.309s] Level 1:colcon.colcon_core.package_discovery:discover_packages(colcon_meta) discover
[0.309s] Level 1:colcon.colcon_core.package_discovery:discover_packages(recursive) discover
[0.309s] INFO:colcon.colcon_core.package_discovery:Crawling recursively for packages in '/home/yash-shah/eyrc-25-26_krishi_drone_2124'
[0.309s] Level 1:colcon.colcon_core.package_identification:_identify(.) by extensions ['ignore', 'ignore_ament_install']
[0.310s] Level 1:colcon.colcon_core.package_identification:_identify(.) by extension 'ignore'
[0.310s] Level 1:colcon.colcon_core.package_identification:_identify(.) by extension 'ignore_ament_install'
[0.310s] Level 1:colcon.colcon_core.package_identification:_identify(.) by extensions ['colcon_pkg']
[0.310s] Level 1:colcon.colcon_core.package_identification:_identify(.) by extension 'colcon_pkg'
[0.310s] Level 1:colcon.colcon_core.package_identification:_identify(.) by extensions ['colcon_meta']
[0.310s] Level 1:colcon.colcon_core.package_identification:_identify(.) by extension 'colcon_meta'
[0.310s] Level 1:colcon.colcon_core.package_identification:_identify(.) by extensions ['ros']
[0.310s] Level 1:colcon.colcon_core.package_identification:_identify(.) by extension 'ros'
[0.349s] Level 1:colcon.colcon_core.package_identification:_identify(.) by extensions ['cmake', 'python']
[0.349s] Level 1:colcon.colcon_core.package_identification:_identify(.) by extension 'cmake'
[0.349s] Level 1:colcon.colcon_core.package_identification:_identify(.) by extension 'python'
[0.349s] Level 1:colcon.colcon_core.package_identification:_identify(.) by extensions ['python_setup_py']
[0.349s] Level 1:colcon.colcon_core.package_identification:_identify(.) by extension 'python_setup_py'
[0.349s] Level 1:colcon.colcon_core.package_identification:_identify(build) by extensions ['ignore', 'ignore_ament_install']
[0.349s] Level 1:colcon.colcon_core.package_identification:_identify(build) by extension 'ignore'
[0.349s] Level 1:colcon.colcon_core.package_identification:_identify(build) ignored
[0.349s] Level 1:colcon.colcon_core.package_identification:_identify(controller_tuner) by extensions ['ignore', 'ignore_ament_install']
[0.350s] Level 1:colcon.colcon_core.package_identification:_identify(controller_tuner) by extension 'ignore'
[0.350s] Level 1:colcon.colcon_core.package_identification:_identify(controller_tuner) by extension 'ignore_ament_install'
[0.350s] Level 1:colcon.colcon_core.package_identification:_identify(controller_tuner) by extensions ['colcon_pkg']
[0.350s] Level 1:colcon.colcon_core.package_identification:_identify(controller_tuner) by extension 'colcon_pkg'
[0.350s] Level 1:colcon.colcon_core.package_identification:_identify(controller_tuner) by extensions ['colcon_meta']
[0.350s] Level 1:colcon.colcon_core.package_identification:_identify(controller_tuner) by extension 'colcon_meta'
[0.350s] Level 1:colcon.colcon_core.package_identification:_identify(controller_tuner) by extensions ['ros']
[0.350s] Level 1:colcon.colcon_core.package_identification:_identify(controller_tuner) by extension 'ros'
[0.350s] Level 1:colcon.colcon_core.package_identification:_identify(controller_tuner) by extensions ['cmake', 'python']
[0.350s] Level 1:colcon.colcon_core.package_identification:_identify(controller_tuner) by extension 'cmake'
[0.350s] Level 1:colcon.colcon_core.package_identification:_identify(controller_tuner) by extension 'python'
[0.350s] Level 1:colcon.colcon_core.package_identification:_identify(controller_tuner) by extensions ['python_setup_py']
[0.350s] Level 1:colcon.colcon_core.package_identification:_identify(controller_tuner) by extension 'python_setup_py'
[0.350s] Level 1:colcon.colcon_core.package_identification:_identify(install) by extensions ['ignore', 'ignore_ament_install']
[0.350s] Level 1:colcon.colcon_core.package_identification:_identify(install) by extension 'ignore'
[0.350s] Level 1:colcon.colcon_core.package_identification:_identify(install) ignored
[0.350s] Level 1:colcon.colcon_core.package_identification:_identify(log) by extensions ['ignore', 'ignore_ament_install']
[0.350s] Level 1:colcon.colcon_core.package_identification:_identify(log) by extension 'ignore'
[0.350s] Level 1:colcon.colcon_core.package_identification:_identify(log) ignored
[0.351s] Level 1:colcon.colcon_core.package_identification:_identify(mav_comm) by extensions ['ignore', 'ignore_ament_install']
[0.351s] Level 1:colcon.colcon_core.package_identification:_identify(mav_comm) by extension 'ignore'
[0.351s] Level 1:colcon.colcon_core.package_identification:_identify(mav_comm) by extension 'ignore_ament_install'
[0.351s] Level 1:colcon.colcon_core.package_identification:_identify(mav_comm) by extensions ['colcon_pkg']
[0.351s] Level 1:colcon.colcon_core.package_identification:_identify(mav_comm) by extension 'colcon_pkg'
[0.351s] Level 1:colcon.colcon_core.package_identification:_identify(mav_comm) by extensions ['colcon_meta']
[0.351s] Level 1:colcon.colcon_core.package_identification:_identify(mav_comm) by extension 'colcon_meta'
[0.351s] Level 1:colcon.colcon_core.package_identification:_identify(mav_comm) by extensions ['ros']
[0.351s] Level 1:colcon.colcon_core.package_identification:_identify(mav_comm) by extension 'ros'
[0.351s] Level 1:colcon.colcon_core.package_identification:_identify(mav_comm) by extensions ['cmake', 'python']
[0.351s] Level 1:colcon.colcon_core.package_identification:_identify(mav_comm) by extension 'cmake'
[0.351s] Level 1:colcon.colcon_core.package_identification:_identify(mav_comm) by extension 'python'
[0.351s] Level 1:colcon.colcon_core.package_identification:_identify(mav_comm) by extensions ['python_setup_py']
[0.351s] Level 1:colcon.colcon_core.package_identification:_identify(mav_comm) by extension 'python_setup_py'
[0.351s] Level 1:colcon.colcon_core.package_identification:_identify(rotors_simulator) by extensions ['ignore', 'ignore_ament_install']
[0.351s] Level 1:colcon.colcon_core.package_identification:_identify(rotors_simulator) by extension 'ignore'
[0.351s] Level 1:colcon.colcon_core.package_identification:_identify(rotors_simulator) by extension 'ignore_ament_install'
[0.351s] Level 1:colcon.colcon_core.package_identification:_identify(rotors_simulator) by extensions ['colcon_pkg']
[0.351s] Level 1:colcon.colcon_core.package_identification:_identify(rotors_simulator) by extension 'colcon_pkg'
[0.351s] Level 1:colcon.colcon_core.package_identification:_identify(rotors_simulator) by extensions ['colcon_meta']
[0.351s] Level 1:colcon.colcon_core.package_identification:_identify(rotors_simulator) by extension 'colcon_meta'
[0.351s] Level 1:colcon.colcon_core.package_identification:_identify(rotors_simulator) by extensions ['ros']
[0.351s] Level 1:colcon.colcon_core.package_identification:_identify(rotors_simulator) by extension 'ros'
[0.352s] Level 1:colcon.colcon_core.package_identification:_identify(rotors_simulator) by extensions ['cmake', 'python']
[0.352s] Level 1:colcon.colcon_core.package_identification:_identify(rotors_simulator) by extension 'cmake'
[0.352s] Level 1:colcon.colcon_core.package_identification:_identify(rotors_simulator) by extension 'python'
[0.352s] Level 1:colcon.colcon_core.package_identification:_identify(rotors_simulator) by extensions ['python_setup_py']
[0.352s] Level 1:colcon.colcon_core.package_identification:_identify(rotors_simulator) by extension 'python_setup_py'
[0.352s] Level 1:colcon.colcon_core.package_identification:_identify(swift_pico) by extensions ['ignore', 'ignore_ament_install']
[0.352s] Level 1:colcon.colcon_core.package_identification:_identify(swift_pico) by extension 'ignore'
[0.352s] Level 1:colcon.colcon_core.package_identification:_identify(swift_pico) by extension 'ignore_ament_install'
[0.352s] Level 1:colcon.colcon_core.package_identification:_identify(swift_pico) by extensions ['colcon_pkg']
[0.352s] Level 1:colcon.colcon_core.package_identification:_identify(swift_pico) by extension 'colcon_pkg'
[0.352s] Level 1:colcon.colcon_core.package_identification:_identify(swift_pico) by extensions ['colcon_meta']
[0.352s] Level 1:colcon.colcon_core.package_identification:_identify(swift_pico) by extension 'colcon_meta'
[0.352s] Level 1:colcon.colcon_core.package_identification:_identify(swift_pico) by extensions ['ros']
[0.352s] Level 1:colcon.colcon_core.package_identification:_identify(swift_pico) by extension 'ros'
[0.356s] DEBUG:colcon.colcon_core.package_identification:Package 'swift_pico' with type 'ros.ament_cmake' and name 'swift_pico'
[0.356s] Level 1:colcon.colcon_core.package_identification:_identify(swift_pico_description) by extensions ['ignore', 'ignore_ament_install']
[0.356s] Level 1:colcon.colcon_core.package_identification:_identify(swift_pico_description) by extension 'ignore'
[0.356s] Level 1:colcon.colcon_core.package_identification:_identify(swift_pico_description) by extension 'ignore_ament_install'
[0.356s] Level 1:colcon.colcon_core.package_identification:_identify(swift_pico_description) by extensions ['colcon_pkg']
[0.356s] Level 1:colcon.colcon_core.package_identification:_identify(swift_pico_description) by extension 'colcon_pkg'
[0.356s] Level 1:colcon.colcon_core.package_identification:_identify(swift_pico_description) by extensions ['colcon_meta']
[0.356s] Level 1:colcon.colcon_core.package_identification:_identify(swift_pico_description) by extension 'colcon_meta'
[0.356s] Level 1:colcon.colcon_core.package_identification:_identify(swift_pico_description) by extensions ['ros']
[0.356s] Level 1:colcon.colcon_core.package_identification:_identify(swift_pico_description) by extension 'ros'
[0.357s] DEBUG:colcon.colcon_core.package_identification:Package 'swift_pico_description' with type 'ros.ament_cmake' and name 'swift_pico_description'
[0.357s] Level 1:colcon.colcon_core.package_identification:_identify(waypoint_navigation) by extensions ['ignore', 'ignore_ament_install']
[0.357s] Level 1:colcon.colcon_core.package_identification:_identify(waypoint_navigation) by extension 'ignore'
[0.357s] Level 1:colcon.colcon_core.package_identification:_identify(waypoint_navigation) by extension 'ignore_ament_install'
[0.357s] Level 1:colcon.colcon_core.package_identification:_identify(waypoint_navigation) by extensions ['colcon_pkg']
[0.357s] Level 1:colcon.colcon_core.package_identification:_identify(waypoint_navigation) by extension 'colcon_pkg'
[0.357s] Level 1:colcon.colcon_core.package_identification:_identify(waypoint_navigation) by extensions ['colcon_meta']
[0.357s] Level 1:colcon.colcon_core.package_identification:_identify(waypoint_navigation) by extension 'colcon_meta'
[0.357s] Level 1:colcon.colcon_core.package_identification:_identify(waypoint_navigation) by extensions ['ros']
[0.357s] Level 1:colcon.colcon_core.package_identification:_identify(waypoint_navigation) by extension 'ros'
[0.358s] DEBUG:colcon.colcon_core.package_identification:Package 'waypoint_navigation' with type 'ros.ament_cmake' and name 'waypoint_navigation'
[0.358s] Level 1:colcon.colcon_core.package_identification:_identify(whycon) by extensions ['ignore', 'ignore_ament_install']
[0.358s] Level 1:colcon.colcon_core.package_identification:_identify(whycon) by extension 'ignore'
[0.358s] Level 1:colcon.colcon_core.package_identification:_identify(whycon) by extension 'ignore_ament_install'
[0.358s] Level 1:colcon.colcon_core.package_identification:_identify(whycon) by extensions ['colcon_pkg']
[0.359s] Level 1:colcon.colcon_core.package_identification:_identify(whycon) by extension 'colcon_pkg'
[0.359s] Level 1:colcon.colcon_core.package_identification:_identify(whycon) by extensions ['colcon_meta']
[0.359s] Level 1:colcon.colcon_core.package_identification:_identify(whycon) by extension 'colcon_meta'
[0.359s] Level 1:colcon.colcon_core.package_identification:_identify(whycon) by extensions ['ros']
[0.359s] Level 1:colcon.colcon_core.package_identification:_identify(whycon) by extension 'ros'
[0.359s] Level 1:colcon.colcon_core.package_identification:_identify(whycon) by extensions ['cmake', 'python']
[0.359s] Level 1:colcon.colcon_core.package_identification:_identify(whycon) by extension 'cmake'
[0.359s] Level 1:colcon.colcon_core.package_identification:_identify(whycon) by extension 'python'
[0.359s] Level 1:colcon.colcon_core.package_identification:_identify(whycon) by extensions ['python_setup_py']
[0.359s] Level 1:colcon.colcon_core.package_identification:_identify(whycon) by extension 'python_setup_py'
[0.359s] Level 1:colcon.colcon_core.package_discovery:discover_packages(recursive) using defaults
[0.359s] Level 1:colcon.colcon_core.package_discovery:discover_packages(ignore) discover
[0.359s] Level 1:colcon.colcon_core.package_discovery:discover_packages(ignore) using defaults
[0.359s] Level 1:colcon.colcon_core.package_discovery:discover_packages(path) discover
[0.359s] Level 1:colcon.colcon_core.package_discovery:discover_packages(path) using defaults
[0.383s] Level 1:colcon.colcon_core.package_discovery:discover_packages(prefix_path) check parameters
[0.383s] Level 1:colcon.colcon_core.package_discovery:discover_packages(prefix_path) discover
[0.387s] DEBUG:colcon.colcon_installed_package_information.package_discovery:Found 17 installed packages in /home/yash-shah/pico_ws/install
[0.388s] DEBUG:colcon.colcon_installed_package_information.package_discovery:Found 17 installed packages in /home/yash-shah/pico_ws/src/install
[0.390s] DEBUG:colcon.colcon_installed_package_information.package_discovery:Found 2 installed packages in /home/yash-shah/turtlesim_ws/install
[0.390s] DEBUG:colcon.colcon_installed_package_information.package_discovery:Found 15 installed packages in /home/yash-shah/turtlebot3_ws/install
[0.392s] DEBUG:colcon.colcon_installed_package_information.package_discovery:Found 339 installed packages in /opt/ros/humble
[0.394s] Level 1:colcon.colcon_core.package_discovery:discover_packages(prefix_path) using defaults
[0.436s] Level 5:colcon.colcon_core.verb:set package 'swift_pico_description' build argument 'cmake_args' from command line to 'None'
[0.436s] Level 5:colcon.colcon_core.verb:set package 'swift_pico_description' build argument 'cmake_target' from command line to 'None'
[0.436s] Level 5:colcon.colcon_core.verb:set package 'swift_pico_description' build argument 'cmake_target_skip_unavailable' from command line to 'False'
[0.436s] Level 5:colcon.colcon_core.verb:set package 'swift_pico_description' build argument 'cmake_clean_cache' from command line to 'False'
[0.437s] Level 5:colcon.colcon_core.verb:set package 'swift_pico_description' build argument 'cmake_clean_first' from command line to 'False'
[0.437s] Level 5:colcon.colcon_core.verb:set package 'swift_pico_description' build argument 'cmake_force_configure' from command line to 'False'
[0.437s] Level 5:colcon.colcon_core.verb:set package 'swift_pico_description' build argument 'ament_cmake_args' from command line to 'None'
[0.437s] Level 5:colcon.colcon_core.verb:set package 'swift_pico_description' build argument 'catkin_cmake_args' from command line to 'None'
[0.437s] Level 5:colcon.colcon_core.verb:set package 'swift_pico_description' build argument 'catkin_skip_building_tests' from command line to 'False'
[0.437s] DEBUG:colcon.colcon_core.verb:Building package 'swift_pico_description' with the following arguments: {'ament_cmake_args': None, 'build_base': '/home/yash-shah/eyrc-25-26_krishi_drone_2124/build/swift_pico_description', 'catkin_cmake_args': None, 'catkin_skip_building_tests': False, 'cmake_args': None, 'cmake_clean_cache': False, 'cmake_clean_first': False, 'cmake_force_configure': False, 'cmake_target': None, 'cmake_target_skip_unavailable': False, 'install_base': '/home/yash-shah/eyrc-25-26_krishi_drone_2124/install/swift_pico_description', 'merge_install': False, 'path': '/home/yash-shah/eyrc-25-26_krishi_drone_2124/swift_pico_description', 'symlink_install': False, 'test_result_base': None}
[0.437s] Level 5:colcon.colcon_core.verb:set package 'waypoint_navigation' build argument 'cmake_args' from command line to 'None'
[0.437s] Level 5:colcon.colcon_core.verb:set package 'waypoint_navigation' build argument 'cmake_target' from command line to 'None'
[0.437s] Level 5:colcon.colcon_core.verb:set package 'waypoint_navigation' build argument 'cmake_target_skip_unavailable' from command line to 'False'
[0.437s] Level 5:colcon.colcon_core.verb:set package 'waypoint_navigation' build argument 'cmake_clean_cache' from command line to 'False'
[0.437s] Level 5:colcon.colcon_core.verb:set package 'waypoint_navigation' build argument 'cmake_clean_first' from command line to 'False'
[0.437s] Level 5:colcon.colcon_core.verb:set package 'waypoint_navigation' build argument 'cmake_force_configure' from command line to 'False'
[0.437s] Level 5:colcon.colcon_core.verb:set package 'waypoint_navigation' build argument 'ament_cmake_args' from command line to 'None'
[0.437s] Level 5:colcon.colcon_core.verb:set package 'waypoint_navigation' build argument 'catkin_cmake_args' from command line to 'None'
[0.437s] Level 5:colcon.colcon_core.verb:set package 'waypoint_navigation' build argument 'catkin_skip_building_tests' from command line to 'False'
[0.437s] DEBUG:colcon.colcon_core.verb:Building package 'waypoint_navigation' with the following arguments: {'ament_cmake_args': None, 'build_base': '/home/yash-shah/eyrc-25-26_krishi_drone_2124/build/waypoint_navigation', 'catkin_cmake_args': None, 'catkin_skip_building_tests': False, 'cmake_args': None, 'cmake_clean_cache': False, 'cmake_clean_first': False, 'cmake_force_configure': False, 'cmake_target': None, 'cmake_target_skip_unavailable': False, 'install_base': '/home/yash-shah/eyrc-25-26_krishi_drone_2124/install/waypoint_navigation', 'merge_install': False, 'path': '/home/yash-shah/eyrc-25-26_krishi_drone_2124/waypoint_navigation', 'symlink_install': False, 'test_result_base': None}
[0.438s] Level 5:colcon.colcon_core.verb:set package 'swift_pico' build argument 'cmake_args' from command line to 'None'
[0.438s] Level 5:colcon.colcon_core.verb:set package 'swift_pico' build argument 'cmake_target' from command line to 'None'
[0.438s] Level 5:colcon.colcon_core.verb:set package 'swift_pico' build argument 'cmake_target_skip_unavailable' from command line to 'False'
[0.438s] Level 5:colcon.colcon_core.verb:set package 'swift_pico' build argument 'cmake_clean_cache' from command line to 'False'
[0.438s] Level 5:colcon.colcon_core.verb:set package 'swift_pico' build argument 'cmake_clean_first' from command line to 'False'
[0.438s] Level 5:colcon.colcon_core.verb:set package 'swift_pico' build argument 'cmake_force_configure' from command line to 'False'
[0.438s] Level 5:colcon.colcon_core.verb:set package 'swift_pico' build argument 'ament_cmake_args' from command line to 'None'
[0.438s] Level 5:colcon.colcon_core.verb:set package 'swift_pico' build argument 'catkin_cmake_args' from command line to 'None'
[0.438s] Level 5:colcon.colcon_core.verb:set package 'swift_pico' build argument 'catkin_skip_building_tests' from command line to 'False'
[0.438s] DEBUG:colcon.colcon_core.verb:Building package 'swift_pico' with the following arguments: {'ament_cmake_args': None, 'build_base': '/home/yash-shah/eyrc-25-26_krishi_drone_2124/build/swift_pico', 'catkin_cmake_args': None, 'catkin_skip_building_tests': False, 'cmake_args': None, 'cmake_clean_cache': False, 'cmake_clean_first': False, 'cmake_force_configure': False, 'cmake_target': None, 'cmake_target_skip_unavailable': False, 'install_base': '/home/yash-shah/eyrc-25-26_krishi_drone_2124/install/swift_pico', 'merge_install': False, 'path': '/home/yash-shah/eyrc-25-26_krishi_drone_2124/swift_pico', 'symlink_install': False, 'test_result_base': None}
[0.438s] INFO:colcon.colcon_core.executor:Executing jobs using 'parallel' executor
[0.440s] DEBUG:colcon.colcon_parallel_executor.executor.parallel:run_until_complete
[0.440s] INFO:colcon.colcon_ros.task.ament_cmake.build:Building ROS package in '/home/yash-shah/eyrc-25-26_krishi_drone_2124/swift_pico_description' with build type 'ament_cmake'
[0.440s] INFO:colcon.colcon_cmake.task.cmake.build:Building CMake package in '/home/yash-shah/eyrc-25-26_krishi_drone_2124/swift_pico_description'
[0.443s] INFO:colcon.colcon_core.plugin_system:Skipping extension 'colcon_core.shell.bat': Not used on non-Windows systems
[0.443s] INFO:colcon.colcon_core.shell:Skip shell extension 'powershell' for command environment: Not usable outside of PowerShell
[0.443s] DEBUG:colcon.colcon_core.shell:Skip shell extension 'dsv' for command environment
[0.450s] INFO:colcon.colcon_ros.task.ament_cmake.build:Building ROS package in '/home/yash-shah/eyrc-25-26_krishi_drone_2124/waypoint_navigation' with build type 'ament_cmake'
[0.451s] INFO:colcon.colcon_cmake.task.cmake.build:Building CMake package in '/home/yash-shah/eyrc-25-26_krishi_drone_2124/waypoint_navigation'
[0.451s] INFO:colcon.colcon_core.shell:Skip shell extension 'powershell' for command environment: Not usable outside of PowerShell
[0.451s] DEBUG:colcon.colcon_core.shell:Skip shell extension 'dsv' for command environment
[0.466s] DEBUG:colcon.colcon_core.event_handler.log_command:Invoking command in '/home/yash-shah/eyrc-25-26_krishi_drone_2124/build/swift_pico_description': CMAKE_PREFIX_PATH=${CMAKE_PREFIX_PATH}:/home/yash-shah/turtlesim_ws/install/kd_task_1b:/home/yash-shah/turtlebot3_ws/install/turtlebot3_teleop:/home/yash-shah/turtlebot3_ws/install/turtlebot3_example:/opt/ros/humble /usr/bin/cmake --build /home/yash-shah/eyrc-25-26_krishi_drone_2124/build/swift_pico_description -- -j12 -l12
[0.472s] DEBUG:colcon.colcon_core.event_handler.log_command:Invoking command in '/home/yash-shah/eyrc-25-26_krishi_drone_2124/build/waypoint_navigation': CMAKE_PREFIX_PATH=${CMAKE_PREFIX_PATH}:/home/yash-shah/turtlesim_ws/install/kd_task_1b:/home/yash-shah/turtlebot3_ws/install/turtlebot3_teleop:/home/yash-shah/turtlebot3_ws/install/turtlebot3_example:/opt/ros/humble /usr/bin/cmake --build /home/yash-shah/eyrc-25-26_krishi_drone_2124/build/waypoint_navigation -- -j12 -l12
[0.528s] DEBUG:colcon.colcon_core.event_handler.log_command:Invoked command in '/home/yash-shah/eyrc-25-26_krishi_drone_2124/build/swift_pico_description' returned '0': CMAKE_PREFIX_PATH=${CMAKE_PREFIX_PATH}:/home/yash-shah/turtlesim_ws/install/kd_task_1b:/home/yash-shah/turtlebot3_ws/install/turtlebot3_teleop:/home/yash-shah/turtlebot3_ws/install/turtlebot3_example:/opt/ros/humble /usr/bin/cmake --build /home/yash-shah/eyrc-25-26_krishi_drone_2124/build/swift_pico_description -- -j12 -l12
[0.545s] DEBUG:colcon.colcon_core.event_handler.log_command:Invoking command in '/home/yash-shah/eyrc-25-26_krishi_drone_2124/build/swift_pico_description': CMAKE_PREFIX_PATH=${CMAKE_PREFIX_PATH}:/home/yash-shah/turtlesim_ws/install/kd_task_1b:/home/yash-shah/turtlebot3_ws/install/turtlebot3_teleop:/home/yash-shah/turtlebot3_ws/install/turtlebot3_example:/opt/ros/humble /usr/bin/cmake --install /home/yash-shah/eyrc-25-26_krishi_drone_2124/build/swift_pico_description
[0.565s] Level 1:colcon.colcon_core.environment:create_environment_scripts_only(swift_pico_description)
[0.571s] DEBUG:colcon.colcon_core.event_handler.log_command:Invoked command in '/home/yash-shah/eyrc-25-26_krishi_drone_2124/build/swift_pico_description' returned '0': CMAKE_PREFIX_PATH=${CMAKE_PREFIX_PATH}:/home/yash-shah/turtlesim_ws/install/kd_task_1b:/home/yash-shah/turtlebot3_ws/install/turtlebot3_teleop:/home/yash-shah/turtlebot3_ws/install/turtlebot3_example:/opt/ros/humble /usr/bin/cmake --install /home/yash-shah/eyrc-25-26_krishi_drone_2124/build/swift_pico_description
[0.577s] Level 1:colcon.colcon_core.environment:checking '/home/yash-shah/eyrc-25-26_krishi_drone_2124/install/swift_pico_description' for CMake module files
[0.578s] Level 1:colcon.colcon_core.environment:checking '/home/yash-shah/eyrc-25-26_krishi_drone_2124/install/swift_pico_description' for CMake config files
[0.579s] Level 1:colcon.colcon_core.shell:create_environment_hook('swift_pico_description', 'cmake_prefix_path')
[0.580s] INFO:colcon.colcon_core.shell:Creating environment hook '/home/yash-shah/eyrc-25-26_krishi_drone_2124/install/swift_pico_description/share/swift_pico_description/hook/cmake_prefix_path.ps1'
[0.585s] INFO:colcon.colcon_core.shell:Creating environment descriptor '/home/yash-shah/eyrc-25-26_krishi_drone_2124/install/swift_pico_description/share/swift_pico_description/hook/cmake_prefix_path.dsv'
[0.587s] INFO:colcon.colcon_core.shell:Creating environment hook '/home/yash-shah/eyrc-25-26_krishi_drone_2124/install/swift_pico_description/share/swift_pico_description/hook/cmake_prefix_path.sh'
[0.593s] Level 1:colcon.colcon_core.environment:checking '/home/yash-shah/eyrc-25-26_krishi_drone_2124/install/swift_pico_description/bin'
[0.594s] Level 1:colcon.colcon_core.environment:checking '/home/yash-shah/eyrc-25-26_krishi_drone_2124/install/swift_pico_description/lib/pkgconfig/swift_pico_description.pc'
[0.594s] Level 1:colcon.colcon_core.environment:checking '/home/yash-shah/eyrc-25-26_krishi_drone_2124/install/swift_pico_description/lib/python3.10/site-packages'
[0.595s] Level 1:colcon.colcon_core.environment:checking '/home/yash-shah/eyrc-25-26_krishi_drone_2124/install/swift_pico_description/bin'
[0.596s] INFO:colcon.colcon_core.shell:Creating package script '/home/yash-shah/eyrc-25-26_krishi_drone_2124/install/swift_pico_description/share/swift_pico_description/package.ps1'
[0.599s] INFO:colcon.colcon_core.shell:Creating package descriptor '/home/yash-shah/eyrc-25-26_krishi_drone_2124/install/swift_pico_description/share/swift_pico_description/package.dsv'
[0.601s] INFO:colcon.colcon_core.shell:Creating package script '/home/yash-shah/eyrc-25-26_krishi_drone_2124/install/swift_pico_description/share/swift_pico_description/package.sh'
[0.603s] INFO:colcon.colcon_core.shell:Creating package script '/home/yash-shah/eyrc-25-26_krishi_drone_2124/install/swift_pico_description/share/swift_pico_description/package.bash'
[0.605s] INFO:colcon.colcon_core.shell:Creating package script '/home/yash-shah/eyrc-25-26_krishi_drone_2124/install/swift_pico_description/share/swift_pico_description/package.zsh'
[0.606s] Level 1:colcon.colcon_core.environment:create_file_with_runtime_dependencies(/home/yash-shah/eyrc-25-26_krishi_drone_2124/install/swift_pico_description/share/colcon-core/packages/swift_pico_description)
[0.608s] Level 1:colcon.colcon_core.environment:create_environment_scripts_only(swift_pico_description)
[0.608s] Level 1:colcon.colcon_core.environment:checking '/home/yash-shah/eyrc-25-26_krishi_drone_2124/install/swift_pico_description' for CMake module files
[0.609s] Level 1:colcon.colcon_core.environment:checking '/home/yash-shah/eyrc-25-26_krishi_drone_2124/install/swift_pico_description' for CMake config files
[0.611s] Level 1:colcon.colcon_core.shell:create_environment_hook('swift_pico_description', 'cmake_prefix_path')
[0.611s] INFO:colcon.colcon_core.shell:Creating environment hook '/home/yash-shah/eyrc-25-26_krishi_drone_2124/install/swift_pico_description/share/swift_pico_description/hook/cmake_prefix_path.ps1'
[0.612s] INFO:colcon.colcon_core.shell:Creating environment descriptor '/home/yash-shah/eyrc-25-26_krishi_drone_2124/install/swift_pico_description/share/swift_pico_description/hook/cmake_prefix_path.dsv'
[0.613s] INFO:colcon.colcon_core.shell:Creating environment hook '/home/yash-shah/eyrc-25-26_krishi_drone_2124/install/swift_pico_description/share/swift_pico_description/hook/cmake_prefix_path.sh'
[0.614s] Level 1:colcon.colcon_core.environment:checking '/home/yash-shah/eyrc-25-26_krishi_drone_2124/install/swift_pico_description/bin'
[0.615s] Level 1:colcon.colcon_core.environment:checking '/home/yash-shah/eyrc-25-26_krishi_drone_2124/install/swift_pico_description/lib/pkgconfig/swift_pico_description.pc'
[0.615s] Level 1:colcon.colcon_core.environment:checking '/home/yash-shah/eyrc-25-26_krishi_drone_2124/install/swift_pico_description/lib/python3.10/site-packages'
[0.616s] Level 1:colcon.colcon_core.environment:checking '/home/yash-shah/eyrc-25-26_krishi_drone_2124/install/swift_pico_description/bin'
[0.616s] INFO:colcon.colcon_core.shell:Creating package script '/home/yash-shah/eyrc-25-26_krishi_drone_2124/install/swift_pico_description/share/swift_pico_description/package.ps1'
[0.618s] INFO:colcon.colcon_core.shell:Creating package descriptor '/home/yash-shah/eyrc-25-26_krishi_drone_2124/install/swift_pico_description/share/swift_pico_description/package.dsv'
[0.619s] INFO:colcon.colcon_core.shell:Creating package script '/home/yash-shah/eyrc-25-26_krishi_drone_2124/install/swift_pico_description/share/swift_pico_description/package.sh'
[0.620s] INFO:colcon.colcon_core.shell:Creating package script '/home/yash-shah/eyrc-25-26_krishi_drone_2124/install/swift_pico_description/share/swift_pico_description/package.bash'
[0.622s] INFO:colcon.colcon_core.shell:Creating package script '/home/yash-shah/eyrc-25-26_krishi_drone_2124/install/swift_pico_description/share/swift_pico_description/package.zsh'
[0.624s] Level 1:colcon.colcon_core.environment:create_file_with_runtime_dependencies(/home/yash-shah/eyrc-25-26_krishi_drone_2124/install/swift_pico_description/share/colcon-core/packages/swift_pico_description)
[0.624s] INFO:colcon.colcon_ros.task.ament_cmake.build:Building ROS package in '/home/yash-shah/eyrc-25-26_krishi_drone_2124/swift_pico' with build type 'ament_cmake'
[0.625s] INFO:colcon.colcon_cmake.task.cmake.build:Building CMake package in '/home/yash-shah/eyrc-25-26_krishi_drone_2124/swift_pico'
[0.626s] INFO:colcon.colcon_core.shell:Skip shell extension 'powershell' for command environment: Not usable outside of PowerShell
[0.626s] DEBUG:colcon.colcon_core.shell:Skip shell extension 'dsv' for command environment
[0.651s] DEBUG:colcon.colcon_core.event_handler.log_command:Invoking command in '/home/yash-shah/eyrc-25-26_krishi_drone_2124/build/swift_pico': AMENT_PREFIX_PATH=/home/yash-shah/eyrc-25-26_krishi_drone_2124/install/swift_pico_description:${AMENT_PREFIX_PATH} CMAKE_PREFIX_PATH=/home/yash-shah/eyrc-25-26_krishi_drone_2124/install/swift_pico_description:/home/yash-shah/pico_ws/install/whycon:/home/yash-shah/pico_ws/install/waypoint_navigation:/home/yash-shah/pico_ws/install/swift_pico:/home/yash-shah/pico_ws/install/swift_pico_description:/home/yash-shah/pico_ws/install/rotors_swift_interface:/home/yash-shah/pico_ws/install/swift_msgs:/home/yash-shah/pico_ws/install/rotors_swift_gazebo:/home/yash-shah/pico_ws/install/rotors_swift_description:/home/yash-shah/pico_ws/install/rotors_control:/home/yash-shah/pico_ws/install/pid_tune:/home/yash-shah/pico_ws/install/mav_comm:/home/yash-shah/pico_ws/install/mav_system_msgs:/home/yash-shah/pico_ws/install/mav_state_machine_msgs:/home/yash-shah/pico_ws/install/mav_planning_msgs:/home/yash-shah/pico_ws/install/mav_msgs:/home/yash-shah/pico_ws/install/error_msg:/home/yash-shah/pico_ws/install/controller_msg:/home/yash-shah/pico_ws/src/install/whycon:/home/yash-shah/pico_ws/src/install/waypoint_navigation:/home/yash-shah/pico_ws/src/install/swift_pico:/home/yash-shah/pico_ws/src/install/swift_pico_description:/home/yash-shah/pico_ws/src/install/rotors_swift_interface:/home/yash-shah/pico_ws/src/install/swift_msgs:/home/yash-shah/pico_ws/src/install/rotors_swift_gazebo:/home/yash-shah/pico_ws/src/install/rotors_swift_description:/home/yash-shah/pico_ws/src/install/rotors_control:/home/yash-shah/pico_ws/src/install/pid_tune:/home/yash-shah/pico_ws/src/install/mav_comm:/home/yash-shah/pico_ws/src/install/mav_system_msgs:/home/yash-shah/pico_ws/src/install/mav_state_machine_msgs:/home/yash-shah/pico_ws/src/install/mav_planning_msgs:/home/yash-shah/pico_ws/src/install/mav_msgs:/home/yash-shah/pico_ws/src/install/error_msg:/home/yash-shah/pico_ws/src/install/controller_msg:/home/yash-shah/turtlesim_ws/install/turtlesim:/home/yash-shah/turtlebot3_ws/install/turtlebot3:/home/yash-shah/turtlebot3_ws/install/turtlebot3_simulations:/home/yash-shah/turtlebot3_ws/install/turtlebot3_bringup:/home/yash-shah/turtlebot3_ws/install/turtlebot3_node:/home/yash-shah/turtlebot3_ws/install/turtlebot3_navigation2:/home/yash-shah/turtlebot3_ws/install/turtlebot3_fake_node:/home/yash-shah/turtlebot3_ws/install/turtlebot3_msgs:/home/yash-shah/turtlebot3_ws/install/turtlebot3_gazebo:/home/yash-shah/turtlebot3_ws/install/turtlebot3_description:/home/yash-shah/turtlebot3_ws/install/turtlebot3_cartographer:/home/yash-shah/turtlebot3_ws/install/dynamixel_sdk_examples:/home/yash-shah/turtlebot3_ws/install/dynamixel_sdk_custom_interfaces:/home/yash-shah/turtlebot3_ws/install/dynamixel_sdk:/home/yash-shah/turtlesim_ws/install/kd_task_1b:/home/yash-shah/turtlebot3_ws/install/turtlebot3_teleop:/home/yash-shah/turtlebot3_ws/install/turtlebot3_example:/opt/ros/humble /usr/bin/cmake --build /home/yash-shah/eyrc-25-26_krishi_drone_2124/build/swift_pico -- -j12 -l12
[0.731s] DEBUG:colcon.colcon_core.event_handler.log_command:Invoked command in '/home/yash-shah/eyrc-25-26_krishi_drone_2124/build/swift_pico' returned '0': AMENT_PREFIX_PATH=/home/yash-shah/eyrc-25-26_krishi_drone_2124/install/swift_pico_description:${AMENT_PREFIX_PATH} CMAKE_PREFIX_PATH=/home/yash-shah/eyrc-25-26_krishi_drone_2124/install/swift_pico_description:/home/yash-shah/pico_ws/install/whycon:/home/yash-shah/pico_ws/install/waypoint_navigation:/home/yash-shah/pico_ws/install/swift_pico:/home/yash-shah/pico_ws/install/swift_pico_description:/home/yash-shah/pico_ws/install/rotors_swift_interface:/home/yash-shah/pico_ws/install/swift_msgs:/home/yash-shah/pico_ws/install/rotors_swift_gazebo:/home/yash-shah/pico_ws/install/rotors_swift_description:/home/yash-shah/pico_ws/install/rotors_control:/home/yash-shah/pico_ws/install/pid_tune:/home/yash-shah/pico_ws/install/mav_comm:/home/yash-shah/pico_ws/install/mav_system_msgs:/home/yash-shah/pico_ws/install/mav_state_machine_msgs:/home/yash-shah/pico_ws/install/mav_planning_msgs:/home/yash-shah/pico_ws/install/mav_msgs:/home/yash-shah/pico_ws/install/error_msg:/home/yash-shah/pico_ws/install/controller_msg:/home/yash-shah/pico_ws/src/install/whycon:/home/yash-shah/pico_ws/src/install/waypoint_navigation:/home/yash-shah/pico_ws/src/install/swift_pico:/home/yash-shah/pico_ws/src/install/swift_pico_description:/home/yash-shah/pico_ws/src/install/rotors_swift_interface:/home/yash-shah/pico_ws/src/install/swift_msgs:/home/yash-shah/pico_ws/src/install/rotors_swift_gazebo:/home/yash-shah/pico_ws/src/install/rotors_swift_description:/home/yash-shah/pico_ws/src/install/rotors_control:/home/yash-shah/pico_ws/src/install/pid_tune:/home/yash-shah/pico_ws/src/install/mav_comm:/home/yash-shah/pico_ws/src/install/mav_system_msgs:/home/yash-shah/pico_ws/src/install/mav_state_machine_msgs:/home/yash-shah/pico_ws/src/install/mav_planning_msgs:/home/yash-shah/pico_ws/src/install/mav_msgs:/home/yash-shah/pico_ws/src/install/error_msg:/home/yash-shah/pico_ws/src/install/controller_msg:/home/yash-shah/turtlesim_ws/install/turtlesim:/home/yash-shah/turtlebot3_ws/install/turtlebot3:/home/yash-shah/turtlebot3_ws/install/turtlebot3_simulations:/home/yash-shah/turtlebot3_ws/install/turtlebot3_bringup:/home/yash-shah/turtlebot3_ws/install/turtlebot3_node:/home/yash-shah/turtlebot3_ws/install/turtlebot3_navigation2:/home/yash-shah/turtlebot3_ws/install/turtlebot3_fake_node:/home/yash-shah/turtlebot3_ws/install/turtlebot3_msgs:/home/yash-shah/turtlebot3_ws/install/turtlebot3_gazebo:/home/yash-shah/turtlebot3_ws/install/turtlebot3_description:/home/yash-shah/turtlebot3_ws/install/turtlebot3_cartographer:/home/yash-shah/turtlebot3_ws/install/dynamixel_sdk_examples:/home/yash-shah/turtlebot3_ws/install/dynamixel_sdk_custom_interfaces:/home/yash-shah/turtlebot3_ws/install/dynamixel_sdk:/home/yash-shah/turtlesim_ws/install/kd_task_1b:/home/yash-shah/turtlebot3_ws/install/turtlebot3_teleop:/home/yash-shah/turtlebot3_ws/install/turtlebot3_example:/opt/ros/humble /usr/bin/cmake --build /home/yash-shah/eyrc-25-26_krishi_drone_2124/build/swift_pico -- -j12 -l12
[0.735s] DEBUG:colcon.colcon_core.event_handler.log_command:Invoking command in '/home/yash-shah/eyrc-25-26_krishi_drone_2124/build/swift_pico': AMENT_PREFIX_PATH=/home/yash-shah/eyrc-25-26_krishi_drone_2124/install/swift_pico_description:${AMENT_PREFIX_PATH} CMAKE_PREFIX_PATH=/home/yash-shah/eyrc-25-26_krishi_drone_2124/install/swift_pico_description:/home/yash-shah/pico_ws/install/whycon:/home/yash-shah/pico_ws/install/waypoint_navigation:/home/yash-shah/pico_ws/install/swift_pico:/home/yash-shah/pico_ws/install/swift_pico_description:/home/yash-shah/pico_ws/install/rotors_swift_interface:/home/yash-shah/pico_ws/install/swift_msgs:/home/yash-shah/pico_ws/install/rotors_swift_gazebo:/home/yash-shah/pico_ws/install/rotors_swift_description:/home/yash-shah/pico_ws/install/rotors_control:/home/yash-shah/pico_ws/install/pid_tune:/home/yash-shah/pico_ws/install/mav_comm:/home/yash-shah/pico_ws/install/mav_system_msgs:/home/yash-shah/pico_ws/install/mav_state_machine_msgs:/home/yash-shah/pico_ws/install/mav_planning_msgs:/home/yash-shah/pico_ws/install/mav_msgs:/home/yash-shah/pico_ws/install/error_msg:/home/yash-shah/pico_ws/install/controller_msg:/home/yash-shah/pico_ws/src/install/whycon:/home/yash-shah/pico_ws/src/install/waypoint_navigation:/home/yash-shah/pico_ws/src/install/swift_pico:/home/yash-shah/pico_ws/src/install/swift_pico_description:/home/yash-shah/pico_ws/src/install/rotors_swift_interface:/home/yash-shah/pico_ws/src/install/swift_msgs:/home/yash-shah/pico_ws/src/install/rotors_swift_gazebo:/home/yash-shah/pico_ws/src/install/rotors_swift_description:/home/yash-shah/pico_ws/src/install/rotors_control:/home/yash-shah/pico_ws/src/install/pid_tune:/home/yash-shah/pico_ws/src/install/mav_comm:/home/yash-shah/pico_ws/src/install/mav_system_msgs:/home/yash-shah/pico_ws/src/install/mav_state_machine_msgs:/home/yash-shah/pico_ws/src/install/mav_planning_msgs:/home/yash-shah/pico_ws/src/install/mav_msgs:/home/yash-shah/pico_ws/src/install/error_msg:/home/yash-shah/pico_ws/src/install/controller_msg:/home/yash-shah/turtlesim_ws/install/turtlesim:/home/yash-shah/turtlebot3_ws/install/turtlebot3:/home/yash-shah/turtlebot3_ws/install/turtlebot3_simulations:/home/yash-shah/turtlebot3_ws/install/turtlebot3_bringup:/home/yash-shah/turtlebot3_ws/install/turtlebot3_node:/home/yash-shah/turtlebot3_ws/install/turtlebot3_navigation2:/home/yash-shah/turtlebot3_ws/install/turtlebot3_fake_node:/home/yash-shah/turtlebot3_ws/install/turtlebot3_msgs:/home/yash-shah/turtlebot3_ws/install/turtlebot3_gazebo:/home/yash-shah/turtlebot3_ws/install/turtlebot3_description:/home/yash-shah/turtlebot3_ws/install/turtlebot3_cartographer:/home/yash-shah/turtlebot3_ws/install/dynamixel_sdk_examples:/home/yash-shah/turtlebot3_ws/install/dynamixel_sdk_custom_interfaces:/home/yash-shah/turtlebot3_ws/install/dynamixel_sdk:/home/yash-shah/turtlesim_ws/install/kd_task_1b:/home/yash-shah/turtlebot3_ws/install/turtlebot3_teleop:/home/yash-shah/turtlebot3_ws/install/turtlebot3_example:/opt/ros/humble /usr/bin/cmake --install /home/yash-shah/eyrc-25-26_krishi_drone_2124/build/swift_pico
[0.762s] Level 1:colcon.colcon_core.environment:create_environment_scripts_only(swift_pico)
[0.763s] Level 1:colcon.colcon_core.environment:checking '/home/yash-shah/eyrc-25-26_krishi_drone_2124/install/swift_pico' for CMake module files
[0.764s] DEBUG:colcon.colcon_core.event_handler.log_command:Invoked command in '/home/yash-shah/eyrc-25-26_krishi_drone_2124/build/swift_pico' returned '0': AMENT_PREFIX_PATH=/home/yash-shah/eyrc-25-26_krishi_drone_2124/install/swift_pico_description:${AMENT_PREFIX_PATH} CMAKE_PREFIX_PATH=/home/yash-shah/eyrc-25-26_krishi_drone_2124/install/swift_pico_description:/home/yash-shah/pico_ws/install/whycon:/home/yash-shah/pico_ws/install/waypoint_navigation:/home/yash-shah/pico_ws/install/swift_pico:/home/yash-shah/pico_ws/install/swift_pico_description:/home/yash-shah/pico_ws/install/rotors_swift_interface:/home/yash-shah/pico_ws/install/swift_msgs:/home/yash-shah/pico_ws/install/rotors_swift_gazebo:/home/yash-shah/pico_ws/install/rotors_swift_description:/home/yash-shah/pico_ws/install/rotors_control:/home/yash-shah/pico_ws/install/pid_tune:/home/yash-shah/pico_ws/install/mav_comm:/home/yash-shah/pico_ws/install/mav_system_msgs:/home/yash-shah/pico_ws/install/mav_state_machine_msgs:/home/yash-shah/pico_ws/install/mav_planning_msgs:/home/yash-shah/pico_ws/install/mav_msgs:/home/yash-shah/pico_ws/install/error_msg:/home/yash-shah/pico_ws/install/controller_msg:/home/yash-shah/pico_ws/src/install/whycon:/home/yash-shah/pico_ws/src/install/waypoint_navigation:/home/yash-shah/pico_ws/src/install/swift_pico:/home/yash-shah/pico_ws/src/install/swift_pico_description:/home/yash-shah/pico_ws/src/install/rotors_swift_interface:/home/yash-shah/pico_ws/src/install/swift_msgs:/home/yash-shah/pico_ws/src/install/rotors_swift_gazebo:/home/yash-shah/pico_ws/src/install/rotors_swift_description:/home/yash-shah/pico_ws/src/install/rotors_control:/home/yash-shah/pico_ws/src/install/pid_tune:/home/yash-shah/pico_ws/src/install/mav_comm:/home/yash-shah/pico_ws/src/install/mav_system_msgs:/home/yash-shah/pico_ws/src/install/mav_state_machine_msgs:/home/yash-shah/pico_ws/src/install/mav_planning_msgs:/home/yash-shah/pico_ws/src/install/mav_msgs:/home/yash-shah/pico_ws/src/install/error_msg:/home/yash-shah/pico_ws/src/install/controller_msg:/home/yash-shah/turtlesim_ws/install/turtlesim:/home/yash-shah/turtlebot3_ws/install/turtlebot3:/home/yash-shah/turtlebot3_ws/install/turtlebot3_simulations:/home/yash-shah/turtlebot3_ws/install/turtlebot3_bringup:/home/yash-shah/turtlebot3_ws/install/turtlebot3_node:/home/yash-shah/turtlebot3_ws/install/turtlebot3_navigation2:/home/yash-shah/turtlebot3_ws/install/turtlebot3_fake_node:/home/yash-shah/turtlebot3_ws/install/turtlebot3_msgs:/home/yash-shah/turtlebot3_ws/install/turtlebot3_gazebo:/home/yash-shah/turtlebot3_ws/install/turtlebot3_description:/home/yash-shah/turtlebot3_ws/install/turtlebot3_cartographer:/home/yash-shah/turtlebot3_ws/install/dynamixel_sdk_examples:/home/yash-shah/turtlebot3_ws/install/dynamixel_sdk_custom_interfaces:/home/yash-shah/turtlebot3_ws/install/dynamixel_sdk:/home/yash-shah/turtlesim_ws/install/kd_task_1b:/home/yash-shah/turtlebot3_ws/install/turtlebot3_teleop:/home/yash-shah/turtlebot3_ws/install/turtlebot3_example:/opt/ros/humble /usr/bin/cmake --install /home/yash-shah/eyrc-25-26_krishi_drone_2124/build/swift_pico
[0.765s] Level 1:colcon.colcon_core.environment:checking '/home/yash-shah/eyrc-25-26_krishi_drone_2124/install/swift_pico' for CMake config files
[0.766s] Level 1:colcon.colcon_core.shell:create_environment_hook('swift_pico', 'cmake_prefix_path')
[0.766s] INFO:colcon.colcon_core.shell:Creating environment hook '/home/yash-shah/eyrc-25-26_krishi_drone_2124/install/swift_pico/share/swift_pico/hook/cmake_prefix_path.ps1'
[0.768s] INFO:colcon.colcon_core.shell:Creating environment descriptor '/home/yash-shah/eyrc-25-26_krishi_drone_2124/install/swift_pico/share/swift_pico/hook/cmake_prefix_path.dsv'
[0.769s] INFO:colcon.colcon_core.shell:Creating environment hook '/home/yash-shah/eyrc-25-26_krishi_drone_2124/install/swift_pico/share/swift_pico/hook/cmake_prefix_path.sh'
[0.771s] Level 1:colcon.colcon_core.environment:checking '/home/yash-shah/eyrc-25-26_krishi_drone_2124/install/swift_pico/lib'
[0.772s] Level 1:colcon.colcon_core.environment:checking '/home/yash-shah/eyrc-25-26_krishi_drone_2124/install/swift_pico/bin'
[0.772s] Level 1:colcon.colcon_core.environment:checking '/home/yash-shah/eyrc-25-26_krishi_drone_2124/install/swift_pico/lib/pkgconfig/swift_pico.pc'
[0.772s] Level 1:colcon.colcon_core.environment:checking '/home/yash-shah/eyrc-25-26_krishi_drone_2124/install/swift_pico/lib/python3.10/site-packages'
[0.773s] Level 1:colcon.colcon_core.environment:checking '/home/yash-shah/eyrc-25-26_krishi_drone_2124/install/swift_pico/bin'
[0.774s] INFO:colcon.colcon_core.shell:Creating package script '/home/yash-shah/eyrc-25-26_krishi_drone_2124/install/swift_pico/share/swift_pico/package.ps1'
[0.775s] INFO:colcon.colcon_core.shell:Creating package descriptor '/home/yash-shah/eyrc-25-26_krishi_drone_2124/install/swift_pico/share/swift_pico/package.dsv'
[0.776s] INFO:colcon.colcon_core.shell:Creating package script '/home/yash-shah/eyrc-25-26_krishi_drone_2124/install/swift_pico/share/swift_pico/package.sh'
[0.776s] INFO:colcon.colcon_core.shell:Creating package script '/home/yash-shah/eyrc-25-26_krishi_drone_2124/install/swift_pico/share/swift_pico/package.bash'
[0.777s] INFO:colcon.colcon_core.shell:Creating package script '/home/yash-shah/eyrc-25-26_krishi_drone_2124/install/swift_pico/share/swift_pico/package.zsh'
[0.778s] Level 1:colcon.colcon_core.environment:create_file_with_runtime_dependencies(/home/yash-shah/eyrc-25-26_krishi_drone_2124/install/swift_pico/share/colcon-core/packages/swift_pico)
[0.780s] Level 1:colcon.colcon_core.environment:create_environment_scripts_only(swift_pico)
[0.780s] Level 1:colcon.colcon_core.environment:checking '/home/yash-shah/eyrc-25-26_krishi_drone_2124/install/swift_pico' for CMake module files
[0.781s] Level 1:colcon.colcon_core.environment:checking '/home/yash-shah/eyrc-25-26_krishi_drone_2124/install/swift_pico' for CMake config files
[0.781s] Level 1:colcon.colcon_core.shell:create_environment_hook('swift_pico', 'cmake_prefix_path')
[0.782s] INFO:colcon.colcon_core.shell:Creating environment hook '/home/yash-shah/eyrc-25-26_krishi_drone_2124/install/swift_pico/share/swift_pico/hook/cmake_prefix_path.ps1'
[0.783s] INFO:colcon.colcon_core.shell:Creating environment descriptor '/home/yash-shah/eyrc-25-26_krishi_drone_2124/install/swift_pico/share/swift_pico/hook/cmake_prefix_path.dsv'
[0.783s] INFO:colcon.colcon_core.shell:Creating environment hook '/home/yash-shah/eyrc-25-26_krishi_drone_2124/install/swift_pico/share/swift_pico/hook/cmake_prefix_path.sh'
[0.785s] Level 1:colcon.colcon_core.environment:checking '/home/yash-shah/eyrc-25-26_krishi_drone_2124/install/swift_pico/lib'
[0.785s] Level 1:colcon.colcon_core.environment:checking '/home/yash-shah/eyrc-25-26_krishi_drone_2124/install/swift_pico/bin'
[0.785s] Level 1:colcon.colcon_core.environment:checking '/home/yash-shah/eyrc-25-26_krishi_drone_2124/install/swift_pico/lib/pkgconfig/swift_pico.pc'
[0.786s] Level 1:colcon.colcon_core.environment:checking '/home/yash-shah/eyrc-25-26_krishi_drone_2124/install/swift_pico/lib/python3.10/site-packages'
[0.786s] Level 1:colcon.colcon_core.environment:checking '/home/yash-shah/eyrc-25-26_krishi_drone_2124/install/swift_pico/bin'
[0.787s] INFO:colcon.colcon_core.shell:Creating package script '/home/yash-shah/eyrc-25-26_krishi_drone_2124/install/swift_pico/share/swift_pico/package.ps1'
[0.788s] INFO:colcon.colcon_core.shell:Creating package descriptor '/home/yash-shah/eyrc-25-26_krishi_drone_2124/install/swift_pico/share/swift_pico/package.dsv'
[0.789s] INFO:colcon.colcon_core.shell:Creating package script '/home/yash-shah/eyrc-25-26_krishi_drone_2124/install/swift_pico/share/swift_pico/package.sh'
[0.789s] INFO:colcon.colcon_core.shell:Creating package script '/home/yash-shah/eyrc-25-26_krishi_drone_2124/install/swift_pico/share/swift_pico/package.bash'
[0.791s] INFO:colcon.colcon_core.shell:Creating package script '/home/yash-shah/eyrc-25-26_krishi_drone_2124/install/swift_pico/share/swift_pico/package.zsh'
[0.792s] Level 1:colcon.colcon_core.environment:create_file_with_runtime_dependencies(/home/yash-shah/eyrc-25-26_krishi_drone_2124/install/swift_pico/share/colcon-core/packages/swift_pico)
[1.123s] DEBUG:colcon.colcon_core.event_handler.log_command:Invoked command in '/home/yash-shah/eyrc-25-26_krishi_drone_2124/build/waypoint_navigation' returned '0': CMAKE_PREFIX_PATH=${CMAKE_PREFIX_PATH}:/home/yash-shah/turtlesim_ws/install/kd_task_1b:/home/yash-shah/turtlebot3_ws/install/turtlebot3_teleop:/home/yash-shah/turtlebot3_ws/install/turtlebot3_example:/opt/ros/humble /usr/bin/cmake --build /home/yash-shah/eyrc-25-26_krishi_drone_2124/build/waypoint_navigation -- -j12 -l12
[1.126s] DEBUG:colcon.colcon_core.event_handler.log_command:Invoking command in '/home/yash-shah/eyrc-25-26_krishi_drone_2124/build/waypoint_navigation': CMAKE_PREFIX_PATH=${CMAKE_PREFIX_PATH}:/home/yash-shah/turtlesim_ws/install/kd_task_1b:/home/yash-shah/turtlebot3_ws/install/turtlebot3_teleop:/home/yash-shah/turtlebot3_ws/install/turtlebot3_example:/opt/ros/humble /usr/bin/cmake --install /home/yash-shah/eyrc-25-26_krishi_drone_2124/build/waypoint_navigation
[1.213s] Level 1:colcon.colcon_core.environment:create_environment_scripts_only(waypoint_navigation)
[1.214s] Level 1:colcon.colcon_core.environment:checking '/home/yash-shah/eyrc-25-26_krishi_drone_2124/install/waypoint_navigation' for CMake module files
[1.214s] DEBUG:colcon.colcon_core.event_handler.log_command:Invoked command in '/home/yash-shah/eyrc-25-26_krishi_drone_2124/build/waypoint_navigation' returned '0': CMAKE_PREFIX_PATH=${CMAKE_PREFIX_PATH}:/home/yash-shah/turtlesim_ws/install/kd_task_1b:/home/yash-shah/turtlebot3_ws/install/turtlebot3_teleop:/home/yash-shah/turtlebot3_ws/install/turtlebot3_example:/opt/ros/humble /usr/bin/cmake --install /home/yash-shah/eyrc-25-26_krishi_drone_2124/build/waypoint_navigation
[1.215s] Level 1:colcon.colcon_core.environment:checking '/home/yash-shah/eyrc-25-26_krishi_drone_2124/install/waypoint_navigation' for CMake config files
[1.215s] Level 1:colcon.colcon_core.shell:create_environment_hook('waypoint_navigation', 'cmake_prefix_path')
[1.215s] INFO:colcon.colcon_core.shell:Creating environment hook '/home/yash-shah/eyrc-25-26_krishi_drone_2124/install/waypoint_navigation/share/waypoint_navigation/hook/cmake_prefix_path.ps1'
[1.216s] INFO:colcon.colcon_core.shell:Creating environment descriptor '/home/yash-shah/eyrc-25-26_krishi_drone_2124/install/waypoint_navigation/share/waypoint_navigation/hook/cmake_prefix_path.dsv'
[1.216s] INFO:colcon.colcon_core.shell:Creating environment hook '/home/yash-shah/eyrc-25-26_krishi_drone_2124/install/waypoint_navigation/share/waypoint_navigation/hook/cmake_prefix_path.sh'
[1.217s] Level 1:colcon.colcon_core.environment:checking '/home/yash-shah/eyrc-25-26_krishi_drone_2124/install/waypoint_navigation/lib'
[1.217s] Level 1:colcon.colcon_core.shell:create_environment_hook('waypoint_navigation', 'ld_library_path_lib')
[1.218s] INFO:colcon.colcon_core.shell:Creating environment hook '/home/yash-shah/eyrc-25-26_krishi_drone_2124/install/waypoint_navigation/share/waypoint_navigation/hook/ld_library_path_lib.ps1'
[1.218s] INFO:colcon.colcon_core.shell:Creating environment descriptor '/home/yash-shah/eyrc-25-26_krishi_drone_2124/install/waypoint_navigation/share/waypoint_navigation/hook/ld_library_path_lib.dsv'
[1.218s] INFO:colcon.colcon_core.shell:Creating environment hook '/home/yash-shah/eyrc-25-26_krishi_drone_2124/install/waypoint_navigation/share/waypoint_navigation/hook/ld_library_path_lib.sh'
[1.219s] Level 1:colcon.colcon_core.environment:checking '/home/yash-shah/eyrc-25-26_krishi_drone_2124/install/waypoint_navigation/bin'
[1.219s] Level 1:colcon.colcon_core.environment:checking '/home/yash-shah/eyrc-25-26_krishi_drone_2124/install/waypoint_navigation/lib/pkgconfig/waypoint_navigation.pc'
[1.219s] Level 1:colcon.colcon_core.environment:checking '/home/yash-shah/eyrc-25-26_krishi_drone_2124/install/waypoint_navigation/lib/python3.10/site-packages'
[1.220s] Level 1:colcon.colcon_core.environment:checking '/home/yash-shah/eyrc-25-26_krishi_drone_2124/install/waypoint_navigation/bin'
[1.220s] INFO:colcon.colcon_core.shell:Creating package script '/home/yash-shah/eyrc-25-26_krishi_drone_2124/install/waypoint_navigation/share/waypoint_navigation/package.ps1'
[1.220s] INFO:colcon.colcon_core.shell:Creating package descriptor '/home/yash-shah/eyrc-25-26_krishi_drone_2124/install/waypoint_navigation/share/waypoint_navigation/package.dsv'
[1.221s] INFO:colcon.colcon_core.shell:Creating package script '/home/yash-shah/eyrc-25-26_krishi_drone_2124/install/waypoint_navigation/share/waypoint_navigation/package.sh'
[1.221s] INFO:colcon.colcon_core.shell:Creating package script '/home/yash-shah/eyrc-25-26_krishi_drone_2124/install/waypoint_navigation/share/waypoint_navigation/package.bash'
[1.222s] INFO:colcon.colcon_core.shell:Creating package script '/home/yash-shah/eyrc-25-26_krishi_drone_2124/install/waypoint_navigation/share/waypoint_navigation/package.zsh'
[1.222s] Level 1:colcon.colcon_core.environment:create_file_with_runtime_dependencies(/home/yash-shah/eyrc-25-26_krishi_drone_2124/install/waypoint_navigation/share/colcon-core/packages/waypoint_navigation)
[1.223s] Level 1:colcon.colcon_core.environment:create_environment_scripts_only(waypoint_navigation)
[1.223s] Level 1:colcon.colcon_core.environment:checking '/home/yash-shah/eyrc-25-26_krishi_drone_2124/install/waypoint_navigation' for CMake module files
[1.224s] Level 1:colcon.colcon_core.environment:checking '/home/yash-shah/eyrc-25-26_krishi_drone_2124/install/waypoint_navigation' for CMake config files
[1.224s] Level 1:colcon.colcon_core.shell:create_environment_hook('waypoint_navigation', 'cmake_prefix_path')
[1.224s] INFO:colcon.colcon_core.shell:Creating environment hook '/home/yash-shah/eyrc-25-26_krishi_drone_2124/install/waypoint_navigation/share/waypoint_navigation/hook/cmake_prefix_path.ps1'
[1.225s] INFO:colcon.colcon_core.shell:Creating environment descriptor '/home/yash-shah/eyrc-25-26_krishi_drone_2124/install/waypoint_navigation/share/waypoint_navigation/hook/cmake_prefix_path.dsv'
[1.225s] INFO:colcon.colcon_core.shell:Creating environment hook '/home/yash-shah/eyrc-25-26_krishi_drone_2124/install/waypoint_navigation/share/waypoint_navigation/hook/cmake_prefix_path.sh'
[1.226s] Level 1:colcon.colcon_core.environment:checking '/home/yash-shah/eyrc-25-26_krishi_drone_2124/install/waypoint_navigation/lib'
[1.226s] Level 1:colcon.colcon_core.shell:create_environment_hook('waypoint_navigation', 'ld_library_path_lib')
[1.226s] INFO:colcon.colcon_core.shell:Creating environment hook '/home/yash-shah/eyrc-25-26_krishi_drone_2124/install/waypoint_navigation/share/waypoint_navigation/hook/ld_library_path_lib.ps1'
[1.227s] INFO:colcon.colcon_core.shell:Creating environment descriptor '/home/yash-shah/eyrc-25-26_krishi_drone_2124/install/waypoint_navigation/share/waypoint_navigation/hook/ld_library_path_lib.dsv'
[1.227s] INFO:colcon.colcon_core.shell:Creating environment hook '/home/yash-shah/eyrc-25-26_krishi_drone_2124/install/waypoint_navigation/share/waypoint_navigation/hook/ld_library_path_lib.sh'
[1.227s] Level 1:colcon.colcon_core.environment:checking '/home/yash-shah/eyrc-25-26_krishi_drone_2124/install/waypoint_navigation/bin'
[1.227s] Level 1:colcon.colcon_core.environment:checking '/home/yash-shah/eyrc-25-26_krishi_drone_2124/install/waypoint_navigation/lib/pkgconfig/waypoint_navigation.pc'
[1.228s] Level 1:colcon.colcon_core.environment:checking '/home/yash-shah/eyrc-25-26_krishi_drone_2124/install/waypoint_navigation/lib/python3.10/site-packages'
[1.228s] Level 1:colcon.colcon_core.environment:checking '/home/yash-shah/eyrc-25-26_krishi_drone_2124/install/waypoint_navigation/bin'
[1.228s] INFO:colcon.colcon_core.shell:Creating package script '/home/yash-shah/eyrc-25-26_krishi_drone_2124/install/waypoint_navigation/share/waypoint_navigation/package.ps1'
[1.229s] INFO:colcon.colcon_core.shell:Creating package descriptor '/home/yash-shah/eyrc-25-26_krishi_drone_2124/install/waypoint_navigation/share/waypoint_navigation/package.dsv'
[1.229s] INFO:colcon.colcon_core.shell:Creating package script '/home/yash-shah/eyrc-25-26_krishi_drone_2124/install/waypoint_navigation/share/waypoint_navigation/package.sh'
[1.230s] INFO:colcon.colcon_core.shell:Creating package script '/home/yash-shah/eyrc-25-26_krishi_drone_2124/install/waypoint_navigation/share/waypoint_navigation/package.bash'
[1.230s] INFO:colcon.colcon_core.shell:Creating package script '/home/yash-shah/eyrc-25-26_krishi_drone_2124/install/waypoint_navigation/share/waypoint_navigation/package.zsh'
[1.231s] Level 1:colcon.colcon_core.environment:create_file_with_runtime_dependencies(/home/yash-shah/eyrc-25-26_krishi_drone_2124/install/waypoint_navigation/share/colcon-core/packages/waypoint_navigation)
[1.231s] DEBUG:colcon.colcon_parallel_executor.executor.parallel:closing loop
[1.231s] DEBUG:colcon.colcon_parallel_executor.executor.parallel:loop closed
[1.231s] DEBUG:colcon.colcon_parallel_executor.executor.parallel:run_until_complete finished with '0'
[1.231s] DEBUG:colcon.colcon_core.event_reactor:joining thread
[1.239s] INFO:colcon.colcon_core.plugin_system:Skipping extension 'colcon_notification.desktop_notification.terminal_notifier': Not used on non-Darwin systems
[1.239s] INFO:colcon.colcon_core.plugin_system:Skipping extension 'colcon_notification.desktop_notification.win32': Not used on non-Windows systems
[1.239s] INFO:colcon.colcon_notification.desktop_notification:Sending desktop notification using 'notify2'
[1.253s] DEBUG:colcon.colcon_core.event_reactor:joined thread
[1.253s] INFO:colcon.colcon_core.shell:Creating prefix script '/home/yash-shah/eyrc-25-26_krishi_drone_2124/install/local_setup.ps1'
[1.255s] INFO:colcon.colcon_core.shell:Creating prefix util module '/home/yash-shah/eyrc-25-26_krishi_drone_2124/install/_local_setup_util_ps1.py'
[1.257s] INFO:colcon.colcon_core.shell:Creating prefix chain script '/home/yash-shah/eyrc-25-26_krishi_drone_2124/install/setup.ps1'
[1.261s] INFO:colcon.colcon_core.shell:Creating prefix script '/home/yash-shah/eyrc-25-26_krishi_drone_2124/install/local_setup.sh'
[1.262s] INFO:colcon.colcon_core.shell:Creating prefix util module '/home/yash-shah/eyrc-25-26_krishi_drone_2124/install/_local_setup_util_sh.py'
[1.263s] INFO:colcon.colcon_core.shell:Creating prefix chain script '/home/yash-shah/eyrc-25-26_krishi_drone_2124/install/setup.sh'
[1.267s] INFO:colcon.colcon_core.shell:Creating prefix script '/home/yash-shah/eyrc-25-26_krishi_drone_2124/install/local_setup.bash'
[1.268s] INFO:colcon.colcon_core.shell:Creating prefix chain script '/home/yash-shah/eyrc-25-26_krishi_drone_2124/install/setup.bash'
[1.272s] INFO:colcon.colcon_core.shell:Creating prefix script '/home/yash-shah/eyrc-25-26_krishi_drone_2124/install/local_setup.zsh'
[1.272s] INFO:colcon.colcon_core.shell:Creating prefix chain script '/home/yash-shah/eyrc-25-26_krishi_drone_2124/install/setup.zsh'
