[0.021s] Invoking command in '/home/yash-shah/eyrc-25-26_krishi_drone_2124/build/waypoint_navigation': CMAKE_PREFIX_PATH=${CMAKE_PREFIX_PATH}:/home/yash-shah/turtlesim_ws/install/kd_task_1b:/home/yash-shah/turtlebot3_ws/install/turtlebot3_teleop:/home/yash-shah/turtlebot3_ws/install/turtlebot3_example:/opt/ros/humble /usr/bin/cmake --build /home/yash-shah/eyrc-25-26_krishi_drone_2124/build/waypoint_navigation -- -j12 -l12
[0.090s] [35m[1mConsolidate compiler generated dependencies of target waypoint_navigation__rosidl_generator_c[0m
[0.119s] [ 10%] Built target waypoint_navigation__rosidl_generator_c
[0.120s] [ 12%] Built target waypoint_navigation__cpp
[0.130s] [ 12%] Built target ament_cmake_python_copy_waypoint_navigation
[0.142s] [35m[1mConsolidate compiler generated dependencies of target waypoint_navigation__rosidl_typesupport_cpp[0m
[0.147s] [35m[1mConsolidate compiler generated dependencies of target waypoint_navigation__rosidl_typesupport_fastrtps_c[0m
[0.147s] [35m[1mConsolidate compiler generated dependencies of target waypoint_navigation__rosidl_typesupport_fastrtps_cpp[0m
[0.147s] [35m[1mConsolidate compiler generated dependencies of target waypoint_navigation__rosidl_typesupport_introspection_cpp[0m
[0.148s] [35m[1mConsolidate compiler generated dependencies of target waypoint_navigation__rosidl_typesupport_introspection_c[0m
[0.148s] [35m[1mConsolidate compiler generated dependencies of target waypoint_navigation__rosidl_typesupport_c[0m
[0.170s] [ 41%] Built target waypoint_navigation__rosidl_typesupport_introspection_c
[0.171s] [ 30%] Built target waypoint_navigation__rosidl_typesupport_fastrtps_cpp
[0.171s] [ 43%] Built target waypoint_navigation__rosidl_typesupport_fastrtps_c
[0.172s] [ 53%] Built target waypoint_navigation__rosidl_typesupport_introspection_cpp
[0.176s] [ 74%] Built target waypoint_navigation__rosidl_typesupport_c
[0.176s] [ 74%] Built target waypoint_navigation__rosidl_typesupport_cpp
[0.215s] [ 74%] Built target waypoint_navigation
[0.262s] [ 76%] Built target waypoint_navigation__py
[0.287s] [35m[1mConsolidate compiler generated dependencies of target waypoint_navigation__rosidl_generator_py[0m
[0.318s] [ 84%] Built target waypoint_navigation__rosidl_generator_py
[0.347s] [35m[1mConsolidate compiler generated dependencies of target waypoint_navigation__rosidl_typesupport_fastrtps_c__pyext[0m
[0.347s] [35m[1mConsolidate compiler generated dependencies of target waypoint_navigation__rosidl_typesupport_c__pyext[0m
[0.354s] [35m[1mConsolidate compiler generated dependencies of target waypoint_navigation__rosidl_typesupport_introspection_c__pyext[0m
[0.380s] [ 89%] Built target waypoint_navigation__rosidl_typesupport_fastrtps_c__pyext
[0.386s] [ 94%] Built target waypoint_navigation__rosidl_typesupport_c__pyext
[0.388s] [100%] Built target waypoint_navigation__rosidl_typesupport_introspection_c__pyext
[0.601s] running egg_info
[0.603s] writing waypoint_navigation.egg-info/PKG-INFO
[0.603s] writing dependency_links to waypoint_navigation.egg-info/dependency_links.txt
[0.603s] writing top-level names to waypoint_navigation.egg-info/top_level.txt
[0.607s] reading manifest file 'waypoint_navigation.egg-info/SOURCES.txt'
[0.608s] writing manifest file 'waypoint_navigation.egg-info/SOURCES.txt'
[0.654s] [100%] Built target ament_cmake_python_build_waypoint_navigation_egg
[0.672s] Invoked command in '/home/yash-shah/eyrc-25-26_krishi_drone_2124/build/waypoint_navigation' returned '0': CMAKE_PREFIX_PATH=${CMAKE_PREFIX_PATH}:/home/yash-shah/turtlesim_ws/install/kd_task_1b:/home/yash-shah/turtlebot3_ws/install/turtlebot3_teleop:/home/yash-shah/turtlebot3_ws/install/turtlebot3_example:/opt/ros/humble /usr/bin/cmake --build /home/yash-shah/eyrc-25-26_krishi_drone_2124/build/waypoint_navigation -- -j12 -l12
[0.675s] Invoking command in '/home/yash-shah/eyrc-25-26_krishi_drone_2124/build/waypoint_navigation': CMAKE_PREFIX_PATH=${CMAKE_PREFIX_PATH}:/home/yash-shah/turtlesim_ws/install/kd_task_1b:/home/yash-shah/turtlebot3_ws/install/turtlebot3_teleop:/home/yash-shah/turtlebot3_ws/install/turtlebot3_example:/opt/ros/humble /usr/bin/cmake --install /home/yash-shah/eyrc-25-26_krishi_drone_2124/build/waypoint_navigation
[0.688s] -- Install configuration: ""
[0.688s] -- Up-to-date: /home/yash-shah/eyrc-25-26_krishi_drone_2124/install/waypoint_navigation/share/ament_index/resource_index/rosidl_interfaces/waypoint_navigation
[0.688s] -- Up-to-date: /home/yash-shah/eyrc-25-26_krishi_drone_2124/install/waypoint_navigation/include/waypoint_navigation/waypoint_navigation
[0.688s] -- Up-to-date: /home/yash-shah/eyrc-25-26_krishi_drone_2124/install/waypoint_navigation/include/waypoint_navigation/waypoint_navigation/srv
[0.688s] -- Up-to-date: /home/yash-shah/eyrc-25-26_krishi_drone_2124/install/waypoint_navigation/include/waypoint_navigation/waypoint_navigation/srv/detail
[0.689s] -- Up-to-date: /home/yash-shah/eyrc-25-26_krishi_drone_2124/install/waypoint_navigation/include/waypoint_navigation/waypoint_navigation/srv/detail/get_waypoints__type_support.h
[0.689s] -- Up-to-date: /home/yash-shah/eyrc-25-26_krishi_drone_2124/install/waypoint_navigation/include/waypoint_navigation/waypoint_navigation/srv/detail/get_waypoints__struct.h
[0.689s] -- Up-to-date: /home/yash-shah/eyrc-25-26_krishi_drone_2124/install/waypoint_navigation/include/waypoint_navigation/waypoint_navigation/srv/detail/get_waypoints__functions.c
[0.689s] -- Up-to-date: /home/yash-shah/eyrc-25-26_krishi_drone_2124/install/waypoint_navigation/include/waypoint_navigation/waypoint_navigation/srv/detail/get_waypoints__functions.h
[0.689s] -- Up-to-date: /home/yash-shah/eyrc-25-26_krishi_drone_2124/install/waypoint_navigation/include/waypoint_navigation/waypoint_navigation/srv/get_waypoints.h
[0.689s] -- Up-to-date: /home/yash-shah/eyrc-25-26_krishi_drone_2124/install/waypoint_navigation/include/waypoint_navigation/waypoint_navigation/msg
[0.689s] -- Up-to-date: /home/yash-shah/eyrc-25-26_krishi_drone_2124/install/waypoint_navigation/include/waypoint_navigation/waypoint_navigation/msg/rosidl_generator_c__visibility_control.h
[0.690s] -- Up-to-date: /home/yash-shah/eyrc-25-26_krishi_drone_2124/install/waypoint_navigation/include/waypoint_navigation/waypoint_navigation/action
[0.690s] -- Up-to-date: /home/yash-shah/eyrc-25-26_krishi_drone_2124/install/waypoint_navigation/include/waypoint_navigation/waypoint_navigation/action/detail
[0.690s] -- Up-to-date: /home/yash-shah/eyrc-25-26_krishi_drone_2124/install/waypoint_navigation/include/waypoint_navigation/waypoint_navigation/action/detail/nav_to_waypoint__struct.h
[0.690s] -- Up-to-date: /home/yash-shah/eyrc-25-26_krishi_drone_2124/install/waypoint_navigation/include/waypoint_navigation/waypoint_navigation/action/detail/nav_to_waypoint__type_support.h
[0.690s] -- Up-to-date: /home/yash-shah/eyrc-25-26_krishi_drone_2124/install/waypoint_navigation/include/waypoint_navigation/waypoint_navigation/action/detail/nav_to_waypoint__functions.h
[0.690s] -- Up-to-date: /home/yash-shah/eyrc-25-26_krishi_drone_2124/install/waypoint_navigation/include/waypoint_navigation/waypoint_navigation/action/detail/nav_to_waypoint__functions.c
[0.691s] -- Up-to-date: /home/yash-shah/eyrc-25-26_krishi_drone_2124/install/waypoint_navigation/include/waypoint_navigation/waypoint_navigation/action/nav_to_waypoint.h
[0.691s] -- Up-to-date: /home/yash-shah/eyrc-25-26_krishi_drone_2124/install/waypoint_navigation/share/waypoint_navigation/environment/library_path.sh
[0.691s] -- Up-to-date: /home/yash-shah/eyrc-25-26_krishi_drone_2124/install/waypoint_navigation/share/waypoint_navigation/environment/library_path.dsv
[0.691s] -- Up-to-date: /home/yash-shah/eyrc-25-26_krishi_drone_2124/install/waypoint_navigation/lib/libwaypoint_navigation__rosidl_generator_c.so
[0.691s] -- Up-to-date: /home/yash-shah/eyrc-25-26_krishi_drone_2124/install/waypoint_navigation/include/waypoint_navigation/waypoint_navigation
[0.691s] -- Up-to-date: /home/yash-shah/eyrc-25-26_krishi_drone_2124/install/waypoint_navigation/include/waypoint_navigation/waypoint_navigation/srv
[0.691s] -- Up-to-date: /home/yash-shah/eyrc-25-26_krishi_drone_2124/install/waypoint_navigation/include/waypoint_navigation/waypoint_navigation/srv/detail
[0.692s] -- Up-to-date: /home/yash-shah/eyrc-25-26_krishi_drone_2124/install/waypoint_navigation/include/waypoint_navigation/waypoint_navigation/srv/detail/get_waypoints__rosidl_typesupport_fastrtps_c.h
[0.692s] -- Up-to-date: /home/yash-shah/eyrc-25-26_krishi_drone_2124/install/waypoint_navigation/include/waypoint_navigation/waypoint_navigation/msg
[0.692s] -- Up-to-date: /home/yash-shah/eyrc-25-26_krishi_drone_2124/install/waypoint_navigation/include/waypoint_navigation/waypoint_navigation/msg/rosidl_typesupport_fastrtps_c__visibility_control.h
[0.692s] -- Up-to-date: /home/yash-shah/eyrc-25-26_krishi_drone_2124/install/waypoint_navigation/include/waypoint_navigation/waypoint_navigation/action
[0.692s] -- Up-to-date: /home/yash-shah/eyrc-25-26_krishi_drone_2124/install/waypoint_navigation/include/waypoint_navigation/waypoint_navigation/action/detail
[0.693s] -- Up-to-date: /home/yash-shah/eyrc-25-26_krishi_drone_2124/install/waypoint_navigation/include/waypoint_navigation/waypoint_navigation/action/detail/nav_to_waypoint__rosidl_typesupport_fastrtps_c.h
[0.693s] -- Up-to-date: /home/yash-shah/eyrc-25-26_krishi_drone_2124/install/waypoint_navigation/lib/libwaypoint_navigation__rosidl_typesupport_fastrtps_c.so
[0.693s] -- Up-to-date: /home/yash-shah/eyrc-25-26_krishi_drone_2124/install/waypoint_navigation/include/waypoint_navigation/waypoint_navigation
[0.693s] -- Up-to-date: /home/yash-shah/eyrc-25-26_krishi_drone_2124/install/waypoint_navigation/include/waypoint_navigation/waypoint_navigation/srv
[0.693s] -- Up-to-date: /home/yash-shah/eyrc-25-26_krishi_drone_2124/install/waypoint_navigation/include/waypoint_navigation/waypoint_navigation/srv/detail
[0.693s] -- Up-to-date: /home/yash-shah/eyrc-25-26_krishi_drone_2124/install/waypoint_navigation/include/waypoint_navigation/waypoint_navigation/srv/detail/get_waypoints__rosidl_typesupport_introspection_c.h
[0.693s] -- Up-to-date: /home/yash-shah/eyrc-25-26_krishi_drone_2124/install/waypoint_navigation/include/waypoint_navigation/waypoint_navigation/srv/detail/get_waypoints__type_support.c
[0.693s] -- Up-to-date: /home/yash-shah/eyrc-25-26_krishi_drone_2124/install/waypoint_navigation/include/waypoint_navigation/waypoint_navigation/msg
[0.693s] -- Up-to-date: /home/yash-shah/eyrc-25-26_krishi_drone_2124/install/waypoint_navigation/include/waypoint_navigation/waypoint_navigation/msg/rosidl_typesupport_introspection_c__visibility_control.h
[0.694s] -- Up-to-date: /home/yash-shah/eyrc-25-26_krishi_drone_2124/install/waypoint_navigation/include/waypoint_navigation/waypoint_navigation/action
[0.694s] -- Up-to-date: /home/yash-shah/eyrc-25-26_krishi_drone_2124/install/waypoint_navigation/include/waypoint_navigation/waypoint_navigation/action/detail
[0.694s] -- Up-to-date: /home/yash-shah/eyrc-25-26_krishi_drone_2124/install/waypoint_navigation/include/waypoint_navigation/waypoint_navigation/action/detail/nav_to_waypoint__rosidl_typesupport_introspection_c.h
[0.694s] -- Up-to-date: /home/yash-shah/eyrc-25-26_krishi_drone_2124/install/waypoint_navigation/include/waypoint_navigation/waypoint_navigation/action/detail/nav_to_waypoint__type_support.c
[0.694s] -- Up-to-date: /home/yash-shah/eyrc-25-26_krishi_drone_2124/install/waypoint_navigation/lib/libwaypoint_navigation__rosidl_typesupport_introspection_c.so
[0.694s] -- Up-to-date: /home/yash-shah/eyrc-25-26_krishi_drone_2124/install/waypoint_navigation/lib/libwaypoint_navigation__rosidl_typesupport_c.so
[0.694s] -- Up-to-date: /home/yash-shah/eyrc-25-26_krishi_drone_2124/install/waypoint_navigation/include/waypoint_navigation/waypoint_navigation
[0.694s] -- Up-to-date: /home/yash-shah/eyrc-25-26_krishi_drone_2124/install/waypoint_navigation/include/waypoint_navigation/waypoint_navigation/srv
[0.694s] -- Up-to-date: /home/yash-shah/eyrc-25-26_krishi_drone_2124/install/waypoint_navigation/include/waypoint_navigation/waypoint_navigation/srv/detail
[0.694s] -- Up-to-date: /home/yash-shah/eyrc-25-26_krishi_drone_2124/install/waypoint_navigation/include/waypoint_navigation/waypoint_navigation/srv/detail/get_waypoints__struct.hpp
[0.694s] -- Up-to-date: /home/yash-shah/eyrc-25-26_krishi_drone_2124/install/waypoint_navigation/include/waypoint_navigation/waypoint_navigation/srv/detail/get_waypoints__traits.hpp
[0.694s] -- Up-to-date: /home/yash-shah/eyrc-25-26_krishi_drone_2124/install/waypoint_navigation/include/waypoint_navigation/waypoint_navigation/srv/detail/get_waypoints__builder.hpp
[0.694s] -- Up-to-date: /home/yash-shah/eyrc-25-26_krishi_drone_2124/install/waypoint_navigation/include/waypoint_navigation/waypoint_navigation/srv/detail/get_waypoints__type_support.hpp
[0.694s] -- Up-to-date: /home/yash-shah/eyrc-25-26_krishi_drone_2124/install/waypoint_navigation/include/waypoint_navigation/waypoint_navigation/srv/get_waypoints.hpp
[0.694s] -- Up-to-date: /home/yash-shah/eyrc-25-26_krishi_drone_2124/install/waypoint_navigation/include/waypoint_navigation/waypoint_navigation/msg
[0.694s] -- Up-to-date: /home/yash-shah/eyrc-25-26_krishi_drone_2124/install/waypoint_navigation/include/waypoint_navigation/waypoint_navigation/msg/rosidl_generator_cpp__visibility_control.hpp
[0.694s] -- Up-to-date: /home/yash-shah/eyrc-25-26_krishi_drone_2124/install/waypoint_navigation/include/waypoint_navigation/waypoint_navigation/action
[0.695s] -- Up-to-date: /home/yash-shah/eyrc-25-26_krishi_drone_2124/install/waypoint_navigation/include/waypoint_navigation/waypoint_navigation/action/detail
[0.695s] -- Up-to-date: /home/yash-shah/eyrc-25-26_krishi_drone_2124/install/waypoint_navigation/include/waypoint_navigation/waypoint_navigation/action/detail/nav_to_waypoint__type_support.hpp
[0.695s] -- Up-to-date: /home/yash-shah/eyrc-25-26_krishi_drone_2124/install/waypoint_navigation/include/waypoint_navigation/waypoint_navigation/action/detail/nav_to_waypoint__struct.hpp
[0.695s] -- Up-to-date: /home/yash-shah/eyrc-25-26_krishi_drone_2124/install/waypoint_navigation/include/waypoint_navigation/waypoint_navigation/action/detail/nav_to_waypoint__traits.hpp
[0.695s] -- Up-to-date: /home/yash-shah/eyrc-25-26_krishi_drone_2124/install/waypoint_navigation/include/waypoint_navigation/waypoint_navigation/action/detail/nav_to_waypoint__builder.hpp
[0.695s] -- Up-to-date: /home/yash-shah/eyrc-25-26_krishi_drone_2124/install/waypoint_navigation/include/waypoint_navigation/waypoint_navigation/action/nav_to_waypoint.hpp
[0.695s] -- Up-to-date: /home/yash-shah/eyrc-25-26_krishi_drone_2124/install/waypoint_navigation/include/waypoint_navigation/waypoint_navigation
[0.695s] -- Up-to-date: /home/yash-shah/eyrc-25-26_krishi_drone_2124/install/waypoint_navigation/include/waypoint_navigation/waypoint_navigation/srv
[0.695s] -- Up-to-date: /home/yash-shah/eyrc-25-26_krishi_drone_2124/install/waypoint_navigation/include/waypoint_navigation/waypoint_navigation/srv/detail
[0.695s] -- Up-to-date: /home/yash-shah/eyrc-25-26_krishi_drone_2124/install/waypoint_navigation/include/waypoint_navigation/waypoint_navigation/srv/detail/dds_fastrtps
[0.695s] -- Up-to-date: /home/yash-shah/eyrc-25-26_krishi_drone_2124/install/waypoint_navigation/include/waypoint_navigation/waypoint_navigation/srv/detail/get_waypoints__rosidl_typesupport_fastrtps_cpp.hpp
[0.695s] -- Up-to-date: /home/yash-shah/eyrc-25-26_krishi_drone_2124/install/waypoint_navigation/include/waypoint_navigation/waypoint_navigation/msg
[0.695s] -- Up-to-date: /home/yash-shah/eyrc-25-26_krishi_drone_2124/install/waypoint_navigation/include/waypoint_navigation/waypoint_navigation/msg/rosidl_typesupport_fastrtps_cpp__visibility_control.h
[0.695s] -- Up-to-date: /home/yash-shah/eyrc-25-26_krishi_drone_2124/install/waypoint_navigation/include/waypoint_navigation/waypoint_navigation/action
[0.695s] -- Up-to-date: /home/yash-shah/eyrc-25-26_krishi_drone_2124/install/waypoint_navigation/include/waypoint_navigation/waypoint_navigation/action/detail
[0.695s] -- Up-to-date: /home/yash-shah/eyrc-25-26_krishi_drone_2124/install/waypoint_navigation/include/waypoint_navigation/waypoint_navigation/action/detail/dds_fastrtps
[0.695s] -- Up-to-date: /home/yash-shah/eyrc-25-26_krishi_drone_2124/install/waypoint_navigation/include/waypoint_navigation/waypoint_navigation/action/detail/nav_to_waypoint__rosidl_typesupport_fastrtps_cpp.hpp
[0.696s] -- Up-to-date: /home/yash-shah/eyrc-25-26_krishi_drone_2124/install/waypoint_navigation/lib/libwaypoint_navigation__rosidl_typesupport_fastrtps_cpp.so
[0.696s] -- Up-to-date: /home/yash-shah/eyrc-25-26_krishi_drone_2124/install/waypoint_navigation/include/waypoint_navigation/waypoint_navigation
[0.696s] -- Up-to-date: /home/yash-shah/eyrc-25-26_krishi_drone_2124/install/waypoint_navigation/include/waypoint_navigation/waypoint_navigation/srv
[0.696s] -- Up-to-date: /home/yash-shah/eyrc-25-26_krishi_drone_2124/install/waypoint_navigation/include/waypoint_navigation/waypoint_navigation/srv/detail
[0.696s] -- Up-to-date: /home/yash-shah/eyrc-25-26_krishi_drone_2124/install/waypoint_navigation/include/waypoint_navigation/waypoint_navigation/srv/detail/get_waypoints__rosidl_typesupport_introspection_cpp.hpp
[0.696s] -- Up-to-date: /home/yash-shah/eyrc-25-26_krishi_drone_2124/install/waypoint_navigation/include/waypoint_navigation/waypoint_navigation/srv/detail/get_waypoints__type_support.cpp
[0.696s] -- Up-to-date: /home/yash-shah/eyrc-25-26_krishi_drone_2124/install/waypoint_navigation/include/waypoint_navigation/waypoint_navigation/action
[0.696s] -- Up-to-date: /home/yash-shah/eyrc-25-26_krishi_drone_2124/install/waypoint_navigation/include/waypoint_navigation/waypoint_navigation/action/detail
[0.696s] -- Up-to-date: /home/yash-shah/eyrc-25-26_krishi_drone_2124/install/waypoint_navigation/include/waypoint_navigation/waypoint_navigation/action/detail/nav_to_waypoint__rosidl_typesupport_introspection_cpp.hpp
[0.696s] -- Up-to-date: /home/yash-shah/eyrc-25-26_krishi_drone_2124/install/waypoint_navigation/include/waypoint_navigation/waypoint_navigation/action/detail/nav_to_waypoint__type_support.cpp
[0.696s] -- Up-to-date: /home/yash-shah/eyrc-25-26_krishi_drone_2124/install/waypoint_navigation/lib/libwaypoint_navigation__rosidl_typesupport_introspection_cpp.so
[0.696s] -- Up-to-date: /home/yash-shah/eyrc-25-26_krishi_drone_2124/install/waypoint_navigation/lib/libwaypoint_navigation__rosidl_typesupport_cpp.so
[0.696s] -- Up-to-date: /home/yash-shah/eyrc-25-26_krishi_drone_2124/install/waypoint_navigation/share/waypoint_navigation/environment/pythonpath.sh
[0.696s] -- Up-to-date: /home/yash-shah/eyrc-25-26_krishi_drone_2124/install/waypoint_navigation/share/waypoint_navigation/environment/pythonpath.dsv
[0.696s] -- Up-to-date: /home/yash-shah/eyrc-25-26_krishi_drone_2124/install/waypoint_navigation/local/lib/python3.10/dist-packages/waypoint_navigation-0.0.0-py3.10.egg-info
[0.696s] -- Installing: /home/yash-shah/eyrc-25-26_krishi_drone_2124/install/waypoint_navigation/local/lib/python3.10/dist-packages/waypoint_navigation-0.0.0-py3.10.egg-info/SOURCES.txt
[0.696s] -- Installing: /home/yash-shah/eyrc-25-26_krishi_drone_2124/install/waypoint_navigation/local/lib/python3.10/dist-packages/waypoint_navigation-0.0.0-py3.10.egg-info/dependency_links.txt
[0.697s] -- Installing: /home/yash-shah/eyrc-25-26_krishi_drone_2124/install/waypoint_navigation/local/lib/python3.10/dist-packages/waypoint_navigation-0.0.0-py3.10.egg-info/top_level.txt
[0.697s] -- Installing: /home/yash-shah/eyrc-25-26_krishi_drone_2124/install/waypoint_navigation/local/lib/python3.10/dist-packages/waypoint_navigation-0.0.0-py3.10.egg-info/PKG-INFO
[0.697s] -- Up-to-date: /home/yash-shah/eyrc-25-26_krishi_drone_2124/install/waypoint_navigation/local/lib/python3.10/dist-packages/waypoint_navigation
[0.697s] -- Up-to-date: /home/yash-shah/eyrc-25-26_krishi_drone_2124/install/waypoint_navigation/local/lib/python3.10/dist-packages/waypoint_navigation/srv
[0.697s] -- Up-to-date: /home/yash-shah/eyrc-25-26_krishi_drone_2124/install/waypoint_navigation/local/lib/python3.10/dist-packages/waypoint_navigation/srv/_get_waypoints.py
[0.697s] -- Up-to-date: /home/yash-shah/eyrc-25-26_krishi_drone_2124/install/waypoint_navigation/local/lib/python3.10/dist-packages/waypoint_navigation/srv/__init__.py
[0.697s] -- Up-to-date: /home/yash-shah/eyrc-25-26_krishi_drone_2124/install/waypoint_navigation/local/lib/python3.10/dist-packages/waypoint_navigation/srv/_get_waypoints_s.c
[0.697s] -- Up-to-date: /home/yash-shah/eyrc-25-26_krishi_drone_2124/install/waypoint_navigation/local/lib/python3.10/dist-packages/waypoint_navigation/waypoint_navigation_s__rosidl_typesupport_fastrtps_c.cpython-310-x86_64-linux-gnu.so
[0.697s] -- Up-to-date: /home/yash-shah/eyrc-25-26_krishi_drone_2124/install/waypoint_navigation/local/lib/python3.10/dist-packages/waypoint_navigation/__init__.py
[0.697s] -- Up-to-date: /home/yash-shah/eyrc-25-26_krishi_drone_2124/install/waypoint_navigation/local/lib/python3.10/dist-packages/waypoint_navigation/action
[0.697s] -- Up-to-date: /home/yash-shah/eyrc-25-26_krishi_drone_2124/install/waypoint_navigation/local/lib/python3.10/dist-packages/waypoint_navigation/action/__init__.py
[0.697s] -- Up-to-date: /home/yash-shah/eyrc-25-26_krishi_drone_2124/install/waypoint_navigation/local/lib/python3.10/dist-packages/waypoint_navigation/action/_nav_to_waypoint.py
[0.697s] -- Up-to-date: /home/yash-shah/eyrc-25-26_krishi_drone_2124/install/waypoint_navigation/local/lib/python3.10/dist-packages/waypoint_navigation/action/_nav_to_waypoint_s.c
[0.697s] -- Up-to-date: /home/yash-shah/eyrc-25-26_krishi_drone_2124/install/waypoint_navigation/local/lib/python3.10/dist-packages/waypoint_navigation/_waypoint_navigation_s.ep.rosidl_typesupport_fastrtps_c.c
[0.697s] -- Up-to-date: /home/yash-shah/eyrc-25-26_krishi_drone_2124/install/waypoint_navigation/local/lib/python3.10/dist-packages/waypoint_navigation/libwaypoint_navigation__rosidl_generator_py.so
[0.697s] -- Up-to-date: /home/yash-shah/eyrc-25-26_krishi_drone_2124/install/waypoint_navigation/local/lib/python3.10/dist-packages/waypoint_navigation/_waypoint_navigation_s.ep.rosidl_typesupport_introspection_c.c
[0.697s] -- Up-to-date: /home/yash-shah/eyrc-25-26_krishi_drone_2124/install/waypoint_navigation/local/lib/python3.10/dist-packages/waypoint_navigation/waypoint_navigation_s__rosidl_typesupport_introspection_c.cpython-310-x86_64-linux-gnu.so
[0.697s] -- Up-to-date: /home/yash-shah/eyrc-25-26_krishi_drone_2124/install/waypoint_navigation/local/lib/python3.10/dist-packages/waypoint_navigation/_waypoint_navigation_s.ep.rosidl_typesupport_c.c
[0.698s] -- Up-to-date: /home/yash-shah/eyrc-25-26_krishi_drone_2124/install/waypoint_navigation/local/lib/python3.10/dist-packages/waypoint_navigation/waypoint_navigation_s__rosidl_typesupport_c.cpython-310-x86_64-linux-gnu.so
[0.750s] Listing '/home/yash-shah/eyrc-25-26_krishi_drone_2124/install/waypoint_navigation/local/lib/python3.10/dist-packages/waypoint_navigation'...
[0.750s] Listing '/home/yash-shah/eyrc-25-26_krishi_drone_2124/install/waypoint_navigation/local/lib/python3.10/dist-packages/waypoint_navigation/action'...
[0.750s] Listing '/home/yash-shah/eyrc-25-26_krishi_drone_2124/install/waypoint_navigation/local/lib/python3.10/dist-packages/waypoint_navigation/srv'...
[0.756s] -- Up-to-date: /home/yash-shah/eyrc-25-26_krishi_drone_2124/install/waypoint_navigation/local/lib/python3.10/dist-packages/waypoint_navigation/waypoint_navigation_s__rosidl_typesupport_fastrtps_c.cpython-310-x86_64-linux-gnu.so
[0.756s] -- Up-to-date: /home/yash-shah/eyrc-25-26_krishi_drone_2124/install/waypoint_navigation/local/lib/python3.10/dist-packages/waypoint_navigation/waypoint_navigation_s__rosidl_typesupport_introspection_c.cpython-310-x86_64-linux-gnu.so
[0.757s] -- Up-to-date: /home/yash-shah/eyrc-25-26_krishi_drone_2124/install/waypoint_navigation/local/lib/python3.10/dist-packages/waypoint_navigation/waypoint_navigation_s__rosidl_typesupport_c.cpython-310-x86_64-linux-gnu.so
[0.757s] -- Up-to-date: /home/yash-shah/eyrc-25-26_krishi_drone_2124/install/waypoint_navigation/lib/libwaypoint_navigation__rosidl_generator_py.so
[0.757s] -- Up-to-date: /home/yash-shah/eyrc-25-26_krishi_drone_2124/install/waypoint_navigation/share/waypoint_navigation/action/NavToWaypoint.idl
[0.757s] -- Up-to-date: /home/yash-shah/eyrc-25-26_krishi_drone_2124/install/waypoint_navigation/share/waypoint_navigation/srv/GetWaypoints.idl
[0.757s] -- Up-to-date: /home/yash-shah/eyrc-25-26_krishi_drone_2124/install/waypoint_navigation/share/waypoint_navigation/action/NavToWaypoint.action
[0.757s] -- Up-to-date: /home/yash-shah/eyrc-25-26_krishi_drone_2124/install/waypoint_navigation/share/waypoint_navigation/srv/GetWaypoints.srv
[0.758s] -- Up-to-date: /home/yash-shah/eyrc-25-26_krishi_drone_2124/install/waypoint_navigation/share/waypoint_navigation/srv/GetWaypoints_Request.msg
[0.758s] -- Up-to-date: /home/yash-shah/eyrc-25-26_krishi_drone_2124/install/waypoint_navigation/share/waypoint_navigation/srv/GetWaypoints_Response.msg
[0.758s] -- Up-to-date: /home/yash-shah/eyrc-25-26_krishi_drone_2124/install/waypoint_navigation/share/ament_index/resource_index/package_run_dependencies/waypoint_navigation
[0.758s] -- Up-to-date: /home/yash-shah/eyrc-25-26_krishi_drone_2124/install/waypoint_navigation/share/ament_index/resource_index/parent_prefix_path/waypoint_navigation
[0.758s] -- Up-to-date: /home/yash-shah/eyrc-25-26_krishi_drone_2124/install/waypoint_navigation/share/waypoint_navigation/environment/ament_prefix_path.sh
[0.758s] -- Up-to-date: /home/yash-shah/eyrc-25-26_krishi_drone_2124/install/waypoint_navigation/share/waypoint_navigation/environment/ament_prefix_path.dsv
[0.758s] -- Up-to-date: /home/yash-shah/eyrc-25-26_krishi_drone_2124/install/waypoint_navigation/share/waypoint_navigation/environment/path.sh
[0.758s] -- Up-to-date: /home/yash-shah/eyrc-25-26_krishi_drone_2124/install/waypoint_navigation/share/waypoint_navigation/environment/path.dsv
[0.758s] -- Up-to-date: /home/yash-shah/eyrc-25-26_krishi_drone_2124/install/waypoint_navigation/share/waypoint_navigation/local_setup.bash
[0.758s] -- Up-to-date: /home/yash-shah/eyrc-25-26_krishi_drone_2124/install/waypoint_navigation/share/waypoint_navigation/local_setup.sh
[0.758s] -- Up-to-date: /home/yash-shah/eyrc-25-26_krishi_drone_2124/install/waypoint_navigation/share/waypoint_navigation/local_setup.zsh
[0.758s] -- Up-to-date: /home/yash-shah/eyrc-25-26_krishi_drone_2124/install/waypoint_navigation/share/waypoint_navigation/local_setup.dsv
[0.758s] -- Installing: /home/yash-shah/eyrc-25-26_krishi_drone_2124/install/waypoint_navigation/share/waypoint_navigation/package.dsv
[0.758s] -- Up-to-date: /home/yash-shah/eyrc-25-26_krishi_drone_2124/install/waypoint_navigation/share/ament_index/resource_index/packages/waypoint_navigation
[0.758s] -- Up-to-date: /home/yash-shah/eyrc-25-26_krishi_drone_2124/install/waypoint_navigation/share/waypoint_navigation/cmake/export_waypoint_navigation__rosidl_generator_cExport.cmake
[0.759s] -- Up-to-date: /home/yash-shah/eyrc-25-26_krishi_drone_2124/install/waypoint_navigation/share/waypoint_navigation/cmake/export_waypoint_navigation__rosidl_generator_cExport-noconfig.cmake
[0.759s] -- Up-to-date: /home/yash-shah/eyrc-25-26_krishi_drone_2124/install/waypoint_navigation/share/waypoint_navigation/cmake/export_waypoint_navigation__rosidl_typesupport_fastrtps_cExport.cmake
[0.759s] -- Up-to-date: /home/yash-shah/eyrc-25-26_krishi_drone_2124/install/waypoint_navigation/share/waypoint_navigation/cmake/export_waypoint_navigation__rosidl_typesupport_fastrtps_cExport-noconfig.cmake
[0.759s] -- Up-to-date: /home/yash-shah/eyrc-25-26_krishi_drone_2124/install/waypoint_navigation/share/waypoint_navigation/cmake/waypoint_navigation__rosidl_typesupport_introspection_cExport.cmake
[0.759s] -- Up-to-date: /home/yash-shah/eyrc-25-26_krishi_drone_2124/install/waypoint_navigation/share/waypoint_navigation/cmake/waypoint_navigation__rosidl_typesupport_introspection_cExport-noconfig.cmake
[0.759s] -- Up-to-date: /home/yash-shah/eyrc-25-26_krishi_drone_2124/install/waypoint_navigation/share/waypoint_navigation/cmake/waypoint_navigation__rosidl_typesupport_cExport.cmake
[0.759s] -- Up-to-date: /home/yash-shah/eyrc-25-26_krishi_drone_2124/install/waypoint_navigation/share/waypoint_navigation/cmake/waypoint_navigation__rosidl_typesupport_cExport-noconfig.cmake
[0.759s] -- Up-to-date: /home/yash-shah/eyrc-25-26_krishi_drone_2124/install/waypoint_navigation/share/waypoint_navigation/cmake/export_waypoint_navigation__rosidl_generator_cppExport.cmake
[0.759s] -- Up-to-date: /home/yash-shah/eyrc-25-26_krishi_drone_2124/install/waypoint_navigation/share/waypoint_navigation/cmake/export_waypoint_navigation__rosidl_typesupport_fastrtps_cppExport.cmake
[0.759s] -- Up-to-date: /home/yash-shah/eyrc-25-26_krishi_drone_2124/install/waypoint_navigation/share/waypoint_navigation/cmake/export_waypoint_navigation__rosidl_typesupport_fastrtps_cppExport-noconfig.cmake
[0.759s] -- Up-to-date: /home/yash-shah/eyrc-25-26_krishi_drone_2124/install/waypoint_navigation/share/waypoint_navigation/cmake/waypoint_navigation__rosidl_typesupport_introspection_cppExport.cmake
[0.759s] -- Up-to-date: /home/yash-shah/eyrc-25-26_krishi_drone_2124/install/waypoint_navigation/share/waypoint_navigation/cmake/waypoint_navigation__rosidl_typesupport_introspection_cppExport-noconfig.cmake
[0.759s] -- Up-to-date: /home/yash-shah/eyrc-25-26_krishi_drone_2124/install/waypoint_navigation/share/waypoint_navigation/cmake/waypoint_navigation__rosidl_typesupport_cppExport.cmake
[0.759s] -- Up-to-date: /home/yash-shah/eyrc-25-26_krishi_drone_2124/install/waypoint_navigation/share/waypoint_navigation/cmake/waypoint_navigation__rosidl_typesupport_cppExport-noconfig.cmake
[0.760s] -- Up-to-date: /home/yash-shah/eyrc-25-26_krishi_drone_2124/install/waypoint_navigation/share/waypoint_navigation/cmake/export_waypoint_navigation__rosidl_generator_pyExport.cmake
[0.760s] -- Up-to-date: /home/yash-shah/eyrc-25-26_krishi_drone_2124/install/waypoint_navigation/share/waypoint_navigation/cmake/export_waypoint_navigation__rosidl_generator_pyExport-noconfig.cmake
[0.760s] -- Up-to-date: /home/yash-shah/eyrc-25-26_krishi_drone_2124/install/waypoint_navigation/share/waypoint_navigation/cmake/rosidl_cmake-extras.cmake
[0.760s] -- Up-to-date: /home/yash-shah/eyrc-25-26_krishi_drone_2124/install/waypoint_navigation/share/waypoint_navigation/cmake/ament_cmake_export_dependencies-extras.cmake
[0.760s] -- Up-to-date: /home/yash-shah/eyrc-25-26_krishi_drone_2124/install/waypoint_navigation/share/waypoint_navigation/cmake/ament_cmake_export_include_directories-extras.cmake
[0.760s] -- Up-to-date: /home/yash-shah/eyrc-25-26_krishi_drone_2124/install/waypoint_navigation/share/waypoint_navigation/cmake/ament_cmake_export_libraries-extras.cmake
[0.760s] -- Up-to-date: /home/yash-shah/eyrc-25-26_krishi_drone_2124/install/waypoint_navigation/share/waypoint_navigation/cmake/ament_cmake_export_targets-extras.cmake
[0.760s] -- Up-to-date: /home/yash-shah/eyrc-25-26_krishi_drone_2124/install/waypoint_navigation/share/waypoint_navigation/cmake/rosidl_cmake_export_typesupport_targets-extras.cmake
[0.760s] -- Up-to-date: /home/yash-shah/eyrc-25-26_krishi_drone_2124/install/waypoint_navigation/share/waypoint_navigation/cmake/rosidl_cmake_export_typesupport_libraries-extras.cmake
[0.760s] -- Up-to-date: /home/yash-shah/eyrc-25-26_krishi_drone_2124/install/waypoint_navigation/share/waypoint_navigation/cmake/waypoint_navigationConfig.cmake
[0.760s] -- Up-to-date: /home/yash-shah/eyrc-25-26_krishi_drone_2124/install/waypoint_navigation/share/waypoint_navigation/cmake/waypoint_navigationConfig-version.cmake
[0.760s] -- Up-to-date: /home/yash-shah/eyrc-25-26_krishi_drone_2124/install/waypoint_navigation/share/waypoint_navigation/package.xml
[0.763s] Invoked command in '/home/yash-shah/eyrc-25-26_krishi_drone_2124/build/waypoint_navigation' returned '0': CMAKE_PREFIX_PATH=${CMAKE_PREFIX_PATH}:/home/yash-shah/turtlesim_ws/install/kd_task_1b:/home/yash-shah/turtlebot3_ws/install/turtlebot3_teleop:/home/yash-shah/turtlebot3_ws/install/turtlebot3_example:/opt/ros/humble /usr/bin/cmake --install /home/yash-shah/eyrc-25-26_krishi_drone_2124/build/waypoint_navigation
