[0.020s] Invoking command in '/home/yash-shah/eyrc-25-26_krishi_drone_2124/build/waypoint_navigation': CMAKE_PREFIX_PATH=${CMAKE_PREFIX_PATH}:/home/yash-shah/turtlesim_ws/install/kd_task_1b:/home/yash-shah/turtlebot3_ws/install/turtlebot3_teleop:/home/yash-shah/turtlebot3_ws/install/turtlebot3_example:/opt/ros/humble /usr/bin/cmake --build /home/yash-shah/eyrc-25-26_krishi_drone_2124/build/waypoint_navigation -- -j12 -l12
[0.099s] [  2%] Built target waypoint_navigation__cpp
[0.103s] [ 12%] Built target waypoint_navigation__rosidl_generator_c
[0.115s] [ 12%] Built target ament_cmake_python_copy_waypoint_navigation
[0.147s] [ 23%] Built target waypoint_navigation__rosidl_typesupport_cpp
[0.150s] [ 35%] Built target waypoint_navigation__rosidl_typesupport_fastrtps_c
[0.150s] [ 43%] Built target waypoint_navigation__rosidl_typesupport_introspection_c
[0.152s] [ 53%] Built target waypoint_navigation__rosidl_typesupport_c
[0.152s] [ 64%] Built target waypoint_navigation__rosidl_typesupport_fastrtps_cpp
[0.156s] [ 74%] Built target waypoint_navigation__rosidl_typesupport_introspection_cpp
[0.192s] [ 74%] Built target waypoint_navigation
[0.232s] [ 76%] Built target waypoint_navigation__py
[0.276s] [ 84%] Built target waypoint_navigation__rosidl_generator_py
[0.327s] [ 89%] Built target waypoint_navigation__rosidl_typesupport_fastrtps_c__pyext
[0.327s] [ 94%] Built target waypoint_navigation__rosidl_typesupport_c__pyext
[0.332s] [100%] Built target waypoint_navigation__rosidl_typesupport_introspection_c__pyext
[0.548s] running egg_info
[0.549s] writing waypoint_navigation.egg-info/PKG-INFO
[0.549s] writing dependency_links to waypoint_navigation.egg-info/dependency_links.txt
[0.549s] writing top-level names to waypoint_navigation.egg-info/top_level.txt
[0.552s] reading manifest file 'waypoint_navigation.egg-info/SOURCES.txt'
[0.553s] writing manifest file 'waypoint_navigation.egg-info/SOURCES.txt'
[0.587s] [100%] Built target ament_cmake_python_build_waypoint_navigation_egg
[0.603s] Invoked command in '/home/yash-shah/eyrc-25-26_krishi_drone_2124/build/waypoint_navigation' returned '0': CMAKE_PREFIX_PATH=${CMAKE_PREFIX_PATH}:/home/yash-shah/turtlesim_ws/install/kd_task_1b:/home/yash-shah/turtlebot3_ws/install/turtlebot3_teleop:/home/yash-shah/turtlebot3_ws/install/turtlebot3_example:/opt/ros/humble /usr/bin/cmake --build /home/yash-shah/eyrc-25-26_krishi_drone_2124/build/waypoint_navigation -- -j12 -l12
[0.605s] Invoking command in '/home/yash-shah/eyrc-25-26_krishi_drone_2124/build/waypoint_navigation': CMAKE_PREFIX_PATH=${CMAKE_PREFIX_PATH}:/home/yash-shah/turtlesim_ws/install/kd_task_1b:/home/yash-shah/turtlebot3_ws/install/turtlebot3_teleop:/home/yash-shah/turtlebot3_ws/install/turtlebot3_example:/opt/ros/humble /usr/bin/cmake --install /home/yash-shah/eyrc-25-26_krishi_drone_2124/build/waypoint_navigation
[0.618s] -- Install configuration: ""
[0.618s] -- Up-to-date: /home/yash-shah/eyrc-25-26_krishi_drone_2124/install/waypoint_navigation/share/ament_index/resource_index/rosidl_interfaces/waypoint_navigation
[0.618s] -- Up-to-date: /home/yash-shah/eyrc-25-26_krishi_drone_2124/install/waypoint_navigation/include/waypoint_navigation/waypoint_navigation
[0.619s] -- Up-to-date: /home/yash-shah/eyrc-25-26_krishi_drone_2124/install/waypoint_navigation/include/waypoint_navigation/waypoint_navigation/srv
[0.619s] -- Up-to-date: /home/yash-shah/eyrc-25-26_krishi_drone_2124/install/waypoint_navigation/include/waypoint_navigation/waypoint_navigation/srv/detail
[0.619s] -- Up-to-date: /home/yash-shah/eyrc-25-26_krishi_drone_2124/install/waypoint_navigation/include/waypoint_navigation/waypoint_navigation/srv/detail/get_waypoints__type_support.h
[0.619s] -- Up-to-date: /home/yash-shah/eyrc-25-26_krishi_drone_2124/install/waypoint_navigation/include/waypoint_navigation/waypoint_navigation/srv/detail/get_waypoints__struct.h
[0.620s] -- Up-to-date: /home/yash-shah/eyrc-25-26_krishi_drone_2124/install/waypoint_navigation/include/waypoint_navigation/waypoint_navigation/srv/detail/get_waypoints__functions.c
[0.620s] -- Up-to-date: /home/yash-shah/eyrc-25-26_krishi_drone_2124/install/waypoint_navigation/include/waypoint_navigation/waypoint_navigation/srv/detail/get_waypoints__functions.h
[0.620s] -- Up-to-date: /home/yash-shah/eyrc-25-26_krishi_drone_2124/install/waypoint_navigation/include/waypoint_navigation/waypoint_navigation/srv/get_waypoints.h
[0.620s] -- Up-to-date: /home/yash-shah/eyrc-25-26_krishi_drone_2124/install/waypoint_navigation/include/waypoint_navigation/waypoint_navigation/msg
[0.620s] -- Up-to-date: /home/yash-shah/eyrc-25-26_krishi_drone_2124/install/waypoint_navigation/include/waypoint_navigation/waypoint_navigation/msg/rosidl_generator_c__visibility_control.h
[0.621s] -- Up-to-date: /home/yash-shah/eyrc-25-26_krishi_drone_2124/install/waypoint_navigation/include/waypoint_navigation/waypoint_navigation/action
[0.621s] -- Up-to-date: /home/yash-shah/eyrc-25-26_krishi_drone_2124/install/waypoint_navigation/include/waypoint_navigation/waypoint_navigation/action/detail
[0.621s] -- Up-to-date: /home/yash-shah/eyrc-25-26_krishi_drone_2124/install/waypoint_navigation/include/waypoint_navigation/waypoint_navigation/action/detail/nav_to_waypoint__struct.h
[0.621s] -- Up-to-date: /home/yash-shah/eyrc-25-26_krishi_drone_2124/install/waypoint_navigation/include/waypoint_navigation/waypoint_navigation/action/detail/nav_to_waypoint__type_support.h
[0.621s] -- Up-to-date: /home/yash-shah/eyrc-25-26_krishi_drone_2124/install/waypoint_navigation/include/waypoint_navigation/waypoint_navigation/action/detail/nav_to_waypoint__functions.h
[0.621s] -- Up-to-date: /home/yash-shah/eyrc-25-26_krishi_drone_2124/install/waypoint_navigation/include/waypoint_navigation/waypoint_navigation/action/detail/nav_to_waypoint__functions.c
[0.622s] -- Up-to-date: /home/yash-shah/eyrc-25-26_krishi_drone_2124/install/waypoint_navigation/include/waypoint_navigation/waypoint_navigation/action/nav_to_waypoint.h
[0.622s] -- Up-to-date: /home/yash-shah/eyrc-25-26_krishi_drone_2124/install/waypoint_navigation/share/waypoint_navigation/environment/library_path.sh
[0.622s] -- Up-to-date: /home/yash-shah/eyrc-25-26_krishi_drone_2124/install/waypoint_navigation/share/waypoint_navigation/environment/library_path.dsv
[0.622s] -- Up-to-date: /home/yash-shah/eyrc-25-26_krishi_drone_2124/install/waypoint_navigation/lib/libwaypoint_navigation__rosidl_generator_c.so
[0.622s] -- Up-to-date: /home/yash-shah/eyrc-25-26_krishi_drone_2124/install/waypoint_navigation/include/waypoint_navigation/waypoint_navigation
[0.622s] -- Up-to-date: /home/yash-shah/eyrc-25-26_krishi_drone_2124/install/waypoint_navigation/include/waypoint_navigation/waypoint_navigation/srv
[0.622s] -- Up-to-date: /home/yash-shah/eyrc-25-26_krishi_drone_2124/install/waypoint_navigation/include/waypoint_navigation/waypoint_navigation/srv/detail
[0.623s] -- Up-to-date: /home/yash-shah/eyrc-25-26_krishi_drone_2124/install/waypoint_navigation/include/waypoint_navigation/waypoint_navigation/srv/detail/get_waypoints__rosidl_typesupport_fastrtps_c.h
[0.623s] -- Up-to-date: /home/yash-shah/eyrc-25-26_krishi_drone_2124/install/waypoint_navigation/include/waypoint_navigation/waypoint_navigation/msg
[0.623s] -- Up-to-date: /home/yash-shah/eyrc-25-26_krishi_drone_2124/install/waypoint_navigation/include/waypoint_navigation/waypoint_navigation/msg/rosidl_typesupport_fastrtps_c__visibility_control.h
[0.623s] -- Up-to-date: /home/yash-shah/eyrc-25-26_krishi_drone_2124/install/waypoint_navigation/include/waypoint_navigation/waypoint_navigation/action
[0.623s] -- Up-to-date: /home/yash-shah/eyrc-25-26_krishi_drone_2124/install/waypoint_navigation/include/waypoint_navigation/waypoint_navigation/action/detail
[0.624s] -- Up-to-date: /home/yash-shah/eyrc-25-26_krishi_drone_2124/install/waypoint_navigation/include/waypoint_navigation/waypoint_navigation/action/detail/nav_to_waypoint__rosidl_typesupport_fastrtps_c.h
[0.624s] -- Up-to-date: /home/yash-shah/eyrc-25-26_krishi_drone_2124/install/waypoint_navigation/lib/libwaypoint_navigation__rosidl_typesupport_fastrtps_c.so
[0.624s] -- Up-to-date: /home/yash-shah/eyrc-25-26_krishi_drone_2124/install/waypoint_navigation/include/waypoint_navigation/waypoint_navigation
[0.624s] -- Up-to-date: /home/yash-shah/eyrc-25-26_krishi_drone_2124/install/waypoint_navigation/include/waypoint_navigation/waypoint_navigation/srv
[0.624s] -- Up-to-date: /home/yash-shah/eyrc-25-26_krishi_drone_2124/install/waypoint_navigation/include/waypoint_navigation/waypoint_navigation/srv/detail
[0.625s] -- Up-to-date: /home/yash-shah/eyrc-25-26_krishi_drone_2124/install/waypoint_navigation/include/waypoint_navigation/waypoint_navigation/srv/detail/get_waypoints__rosidl_typesupport_introspection_c.h
[0.625s] -- Up-to-date: /home/yash-shah/eyrc-25-26_krishi_drone_2124/install/waypoint_navigation/include/waypoint_navigation/waypoint_navigation/srv/detail/get_waypoints__type_support.c
[0.625s] -- Up-to-date: /home/yash-shah/eyrc-25-26_krishi_drone_2124/install/waypoint_navigation/include/waypoint_navigation/waypoint_navigation/msg
[0.625s] -- Up-to-date: /home/yash-shah/eyrc-25-26_krishi_drone_2124/install/waypoint_navigation/include/waypoint_navigation/waypoint_navigation/msg/rosidl_typesupport_introspection_c__visibility_control.h
[0.625s] -- Up-to-date: /home/yash-shah/eyrc-25-26_krishi_drone_2124/install/waypoint_navigation/include/waypoint_navigation/waypoint_navigation/action
[0.626s] -- Up-to-date: /home/yash-shah/eyrc-25-26_krishi_drone_2124/install/waypoint_navigation/include/waypoint_navigation/waypoint_navigation/action/detail
[0.626s] -- Up-to-date: /home/yash-shah/eyrc-25-26_krishi_drone_2124/install/waypoint_navigation/include/waypoint_navigation/waypoint_navigation/action/detail/nav_to_waypoint__rosidl_typesupport_introspection_c.h
[0.626s] -- Up-to-date: /home/yash-shah/eyrc-25-26_krishi_drone_2124/install/waypoint_navigation/include/waypoint_navigation/waypoint_navigation/action/detail/nav_to_waypoint__type_support.c
[0.626s] -- Up-to-date: /home/yash-shah/eyrc-25-26_krishi_drone_2124/install/waypoint_navigation/lib/libwaypoint_navigation__rosidl_typesupport_introspection_c.so
[0.627s] -- Up-to-date: /home/yash-shah/eyrc-25-26_krishi_drone_2124/install/waypoint_navigation/lib/libwaypoint_navigation__rosidl_typesupport_c.so
[0.627s] -- Up-to-date: /home/yash-shah/eyrc-25-26_krishi_drone_2124/install/waypoint_navigation/include/waypoint_navigation/waypoint_navigation
[0.627s] -- Up-to-date: /home/yash-shah/eyrc-25-26_krishi_drone_2124/install/waypoint_navigation/include/waypoint_navigation/waypoint_navigation/srv
[0.627s] -- Up-to-date: /home/yash-shah/eyrc-25-26_krishi_drone_2124/install/waypoint_navigation/include/waypoint_navigation/waypoint_navigation/srv/detail
[0.627s] -- Up-to-date: /home/yash-shah/eyrc-25-26_krishi_drone_2124/install/waypoint_navigation/include/waypoint_navigation/waypoint_navigation/srv/detail/get_waypoints__struct.hpp
[0.627s] -- Up-to-date: /home/yash-shah/eyrc-25-26_krishi_drone_2124/install/waypoint_navigation/include/waypoint_navigation/waypoint_navigation/srv/detail/get_waypoints__traits.hpp
[0.627s] -- Up-to-date: /home/yash-shah/eyrc-25-26_krishi_drone_2124/install/waypoint_navigation/include/waypoint_navigation/waypoint_navigation/srv/detail/get_waypoints__builder.hpp
[0.627s] -- Up-to-date: /home/yash-shah/eyrc-25-26_krishi_drone_2124/install/waypoint_navigation/include/waypoint_navigation/waypoint_navigation/srv/detail/get_waypoints__type_support.hpp
[0.627s] -- Up-to-date: /home/yash-shah/eyrc-25-26_krishi_drone_2124/install/waypoint_navigation/include/waypoint_navigation/waypoint_navigation/srv/get_waypoints.hpp
[0.627s] -- Up-to-date: /home/yash-shah/eyrc-25-26_krishi_drone_2124/install/waypoint_navigation/include/waypoint_navigation/waypoint_navigation/msg
[0.627s] -- Up-to-date: /home/yash-shah/eyrc-25-26_krishi_drone_2124/install/waypoint_navigation/include/waypoint_navigation/waypoint_navigation/msg/rosidl_generator_cpp__visibility_control.hpp
[0.628s] -- Up-to-date: /home/yash-shah/eyrc-25-26_krishi_drone_2124/install/waypoint_navigation/include/waypoint_navigation/waypoint_navigation/action
[0.628s] -- Up-to-date: /home/yash-shah/eyrc-25-26_krishi_drone_2124/install/waypoint_navigation/include/waypoint_navigation/waypoint_navigation/action/detail
[0.628s] -- Up-to-date: /home/yash-shah/eyrc-25-26_krishi_drone_2124/install/waypoint_navigation/include/waypoint_navigation/waypoint_navigation/action/detail/nav_to_waypoint__type_support.hpp
[0.628s] -- Up-to-date: /home/yash-shah/eyrc-25-26_krishi_drone_2124/install/waypoint_navigation/include/waypoint_navigation/waypoint_navigation/action/detail/nav_to_waypoint__struct.hpp
[0.628s] -- Up-to-date: /home/yash-shah/eyrc-25-26_krishi_drone_2124/install/waypoint_navigation/include/waypoint_navigation/waypoint_navigation/action/detail/nav_to_waypoint__traits.hpp
[0.628s] -- Up-to-date: /home/yash-shah/eyrc-25-26_krishi_drone_2124/install/waypoint_navigation/include/waypoint_navigation/waypoint_navigation/action/detail/nav_to_waypoint__builder.hpp
[0.628s] -- Up-to-date: /home/yash-shah/eyrc-25-26_krishi_drone_2124/install/waypoint_navigation/include/waypoint_navigation/waypoint_navigation/action/nav_to_waypoint.hpp
[0.628s] -- Up-to-date: /home/yash-shah/eyrc-25-26_krishi_drone_2124/install/waypoint_navigation/include/waypoint_navigation/waypoint_navigation
[0.628s] -- Up-to-date: /home/yash-shah/eyrc-25-26_krishi_drone_2124/install/waypoint_navigation/include/waypoint_navigation/waypoint_navigation/srv
[0.628s] -- Up-to-date: /home/yash-shah/eyrc-25-26_krishi_drone_2124/install/waypoint_navigation/include/waypoint_navigation/waypoint_navigation/srv/detail
[0.628s] -- Up-to-date: /home/yash-shah/eyrc-25-26_krishi_drone_2124/install/waypoint_navigation/include/waypoint_navigation/waypoint_navigation/srv/detail/dds_fastrtps
[0.628s] -- Up-to-date: /home/yash-shah/eyrc-25-26_krishi_drone_2124/install/waypoint_navigation/include/waypoint_navigation/waypoint_navigation/srv/detail/get_waypoints__rosidl_typesupport_fastrtps_cpp.hpp
[0.629s] -- Up-to-date: /home/yash-shah/eyrc-25-26_krishi_drone_2124/install/waypoint_navigation/include/waypoint_navigation/waypoint_navigation/msg
[0.629s] -- Up-to-date: /home/yash-shah/eyrc-25-26_krishi_drone_2124/install/waypoint_navigation/include/waypoint_navigation/waypoint_navigation/msg/rosidl_typesupport_fastrtps_cpp__visibility_control.h
[0.629s] -- Up-to-date: /home/yash-shah/eyrc-25-26_krishi_drone_2124/install/waypoint_navigation/include/waypoint_navigation/waypoint_navigation/action
[0.629s] -- Up-to-date: /home/yash-shah/eyrc-25-26_krishi_drone_2124/install/waypoint_navigation/include/waypoint_navigation/waypoint_navigation/action/detail
[0.629s] -- Up-to-date: /home/yash-shah/eyrc-25-26_krishi_drone_2124/install/waypoint_navigation/include/waypoint_navigation/waypoint_navigation/action/detail/dds_fastrtps
[0.629s] -- Up-to-date: /home/yash-shah/eyrc-25-26_krishi_drone_2124/install/waypoint_navigation/include/waypoint_navigation/waypoint_navigation/action/detail/nav_to_waypoint__rosidl_typesupport_fastrtps_cpp.hpp
[0.629s] -- Up-to-date: /home/yash-shah/eyrc-25-26_krishi_drone_2124/install/waypoint_navigation/lib/libwaypoint_navigation__rosidl_typesupport_fastrtps_cpp.so
[0.629s] -- Up-to-date: /home/yash-shah/eyrc-25-26_krishi_drone_2124/install/waypoint_navigation/include/waypoint_navigation/waypoint_navigation
[0.629s] -- Up-to-date: /home/yash-shah/eyrc-25-26_krishi_drone_2124/install/waypoint_navigation/include/waypoint_navigation/waypoint_navigation/srv
[0.629s] -- Up-to-date: /home/yash-shah/eyrc-25-26_krishi_drone_2124/install/waypoint_navigation/include/waypoint_navigation/waypoint_navigation/srv/detail
[0.629s] -- Up-to-date: /home/yash-shah/eyrc-25-26_krishi_drone_2124/install/waypoint_navigation/include/waypoint_navigation/waypoint_navigation/srv/detail/get_waypoints__rosidl_typesupport_introspection_cpp.hpp
[0.629s] -- Up-to-date: /home/yash-shah/eyrc-25-26_krishi_drone_2124/install/waypoint_navigation/include/waypoint_navigation/waypoint_navigation/srv/detail/get_waypoints__type_support.cpp
[0.629s] -- Up-to-date: /home/yash-shah/eyrc-25-26_krishi_drone_2124/install/waypoint_navigation/include/waypoint_navigation/waypoint_navigation/action
[0.629s] -- Up-to-date: /home/yash-shah/eyrc-25-26_krishi_drone_2124/install/waypoint_navigation/include/waypoint_navigation/waypoint_navigation/action/detail
[0.629s] -- Up-to-date: /home/yash-shah/eyrc-25-26_krishi_drone_2124/install/waypoint_navigation/include/waypoint_navigation/waypoint_navigation/action/detail/nav_to_waypoint__rosidl_typesupport_introspection_cpp.hpp
[0.630s] -- Up-to-date: /home/yash-shah/eyrc-25-26_krishi_drone_2124/install/waypoint_navigation/include/waypoint_navigation/waypoint_navigation/action/detail/nav_to_waypoint__type_support.cpp
[0.630s] -- Up-to-date: /home/yash-shah/eyrc-25-26_krishi_drone_2124/install/waypoint_navigation/lib/libwaypoint_navigation__rosidl_typesupport_introspection_cpp.so
[0.630s] -- Up-to-date: /home/yash-shah/eyrc-25-26_krishi_drone_2124/install/waypoint_navigation/lib/libwaypoint_navigation__rosidl_typesupport_cpp.so
[0.630s] -- Up-to-date: /home/yash-shah/eyrc-25-26_krishi_drone_2124/install/waypoint_navigation/share/waypoint_navigation/environment/pythonpath.sh
[0.630s] -- Up-to-date: /home/yash-shah/eyrc-25-26_krishi_drone_2124/install/waypoint_navigation/share/waypoint_navigation/environment/pythonpath.dsv
[0.630s] -- Up-to-date: /home/yash-shah/eyrc-25-26_krishi_drone_2124/install/waypoint_navigation/local/lib/python3.10/dist-packages/waypoint_navigation-0.0.0-py3.10.egg-info
[0.630s] -- Installing: /home/yash-shah/eyrc-25-26_krishi_drone_2124/install/waypoint_navigation/local/lib/python3.10/dist-packages/waypoint_navigation-0.0.0-py3.10.egg-info/SOURCES.txt
[0.630s] -- Installing: /home/yash-shah/eyrc-25-26_krishi_drone_2124/install/waypoint_navigation/local/lib/python3.10/dist-packages/waypoint_navigation-0.0.0-py3.10.egg-info/dependency_links.txt
[0.630s] -- Installing: /home/yash-shah/eyrc-25-26_krishi_drone_2124/install/waypoint_navigation/local/lib/python3.10/dist-packages/waypoint_navigation-0.0.0-py3.10.egg-info/top_level.txt
[0.630s] -- Installing: /home/yash-shah/eyrc-25-26_krishi_drone_2124/install/waypoint_navigation/local/lib/python3.10/dist-packages/waypoint_navigation-0.0.0-py3.10.egg-info/PKG-INFO
[0.630s] -- Up-to-date: /home/yash-shah/eyrc-25-26_krishi_drone_2124/install/waypoint_navigation/local/lib/python3.10/dist-packages/waypoint_navigation
[0.630s] -- Up-to-date: /home/yash-shah/eyrc-25-26_krishi_drone_2124/install/waypoint_navigation/local/lib/python3.10/dist-packages/waypoint_navigation/srv
[0.630s] -- Up-to-date: /home/yash-shah/eyrc-25-26_krishi_drone_2124/install/waypoint_navigation/local/lib/python3.10/dist-packages/waypoint_navigation/srv/_get_waypoints.py
[0.630s] -- Up-to-date: /home/yash-shah/eyrc-25-26_krishi_drone_2124/install/waypoint_navigation/local/lib/python3.10/dist-packages/waypoint_navigation/srv/__init__.py
[0.630s] -- Up-to-date: /home/yash-shah/eyrc-25-26_krishi_drone_2124/install/waypoint_navigation/local/lib/python3.10/dist-packages/waypoint_navigation/srv/_get_waypoints_s.c
[0.631s] -- Up-to-date: /home/yash-shah/eyrc-25-26_krishi_drone_2124/install/waypoint_navigation/local/lib/python3.10/dist-packages/waypoint_navigation/waypoint_navigation_s__rosidl_typesupport_fastrtps_c.cpython-310-x86_64-linux-gnu.so
[0.631s] -- Up-to-date: /home/yash-shah/eyrc-25-26_krishi_drone_2124/install/waypoint_navigation/local/lib/python3.10/dist-packages/waypoint_navigation/__init__.py
[0.631s] -- Up-to-date: /home/yash-shah/eyrc-25-26_krishi_drone_2124/install/waypoint_navigation/local/lib/python3.10/dist-packages/waypoint_navigation/action
[0.631s] -- Up-to-date: /home/yash-shah/eyrc-25-26_krishi_drone_2124/install/waypoint_navigation/local/lib/python3.10/dist-packages/waypoint_navigation/action/__init__.py
[0.631s] -- Up-to-date: /home/yash-shah/eyrc-25-26_krishi_drone_2124/install/waypoint_navigation/local/lib/python3.10/dist-packages/waypoint_navigation/action/_nav_to_waypoint.py
[0.631s] -- Up-to-date: /home/yash-shah/eyrc-25-26_krishi_drone_2124/install/waypoint_navigation/local/lib/python3.10/dist-packages/waypoint_navigation/action/_nav_to_waypoint_s.c
[0.631s] -- Up-to-date: /home/yash-shah/eyrc-25-26_krishi_drone_2124/install/waypoint_navigation/local/lib/python3.10/dist-packages/waypoint_navigation/_waypoint_navigation_s.ep.rosidl_typesupport_fastrtps_c.c
[0.631s] -- Up-to-date: /home/yash-shah/eyrc-25-26_krishi_drone_2124/install/waypoint_navigation/local/lib/python3.10/dist-packages/waypoint_navigation/libwaypoint_navigation__rosidl_generator_py.so
[0.631s] -- Up-to-date: /home/yash-shah/eyrc-25-26_krishi_drone_2124/install/waypoint_navigation/local/lib/python3.10/dist-packages/waypoint_navigation/_waypoint_navigation_s.ep.rosidl_typesupport_introspection_c.c
[0.631s] -- Up-to-date: /home/yash-shah/eyrc-25-26_krishi_drone_2124/install/waypoint_navigation/local/lib/python3.10/dist-packages/waypoint_navigation/waypoint_navigation_s__rosidl_typesupport_introspection_c.cpython-310-x86_64-linux-gnu.so
[0.631s] -- Up-to-date: /home/yash-shah/eyrc-25-26_krishi_drone_2124/install/waypoint_navigation/local/lib/python3.10/dist-packages/waypoint_navigation/_waypoint_navigation_s.ep.rosidl_typesupport_c.c
[0.631s] -- Up-to-date: /home/yash-shah/eyrc-25-26_krishi_drone_2124/install/waypoint_navigation/local/lib/python3.10/dist-packages/waypoint_navigation/waypoint_navigation_s__rosidl_typesupport_c.cpython-310-x86_64-linux-gnu.so
[0.676s] Listing '/home/yash-shah/eyrc-25-26_krishi_drone_2124/install/waypoint_navigation/local/lib/python3.10/dist-packages/waypoint_navigation'...
[0.676s] Listing '/home/yash-shah/eyrc-25-26_krishi_drone_2124/install/waypoint_navigation/local/lib/python3.10/dist-packages/waypoint_navigation/action'...
[0.676s] Listing '/home/yash-shah/eyrc-25-26_krishi_drone_2124/install/waypoint_navigation/local/lib/python3.10/dist-packages/waypoint_navigation/srv'...
[0.682s] -- Up-to-date: /home/yash-shah/eyrc-25-26_krishi_drone_2124/install/waypoint_navigation/local/lib/python3.10/dist-packages/waypoint_navigation/waypoint_navigation_s__rosidl_typesupport_fastrtps_c.cpython-310-x86_64-linux-gnu.so
[0.682s] -- Up-to-date: /home/yash-shah/eyrc-25-26_krishi_drone_2124/install/waypoint_navigation/local/lib/python3.10/dist-packages/waypoint_navigation/waypoint_navigation_s__rosidl_typesupport_introspection_c.cpython-310-x86_64-linux-gnu.so
[0.682s] -- Up-to-date: /home/yash-shah/eyrc-25-26_krishi_drone_2124/install/waypoint_navigation/local/lib/python3.10/dist-packages/waypoint_navigation/waypoint_navigation_s__rosidl_typesupport_c.cpython-310-x86_64-linux-gnu.so
[0.682s] -- Up-to-date: /home/yash-shah/eyrc-25-26_krishi_drone_2124/install/waypoint_navigation/lib/libwaypoint_navigation__rosidl_generator_py.so
[0.683s] -- Up-to-date: /home/yash-shah/eyrc-25-26_krishi_drone_2124/install/waypoint_navigation/share/waypoint_navigation/action/NavToWaypoint.idl
[0.683s] -- Up-to-date: /home/yash-shah/eyrc-25-26_krishi_drone_2124/install/waypoint_navigation/share/waypoint_navigation/srv/GetWaypoints.idl
[0.683s] -- Up-to-date: /home/yash-shah/eyrc-25-26_krishi_drone_2124/install/waypoint_navigation/share/waypoint_navigation/action/NavToWaypoint.action
[0.683s] -- Up-to-date: /home/yash-shah/eyrc-25-26_krishi_drone_2124/install/waypoint_navigation/share/waypoint_navigation/srv/GetWaypoints.srv
[0.683s] -- Up-to-date: /home/yash-shah/eyrc-25-26_krishi_drone_2124/install/waypoint_navigation/share/waypoint_navigation/srv/GetWaypoints_Request.msg
[0.683s] -- Up-to-date: /home/yash-shah/eyrc-25-26_krishi_drone_2124/install/waypoint_navigation/share/waypoint_navigation/srv/GetWaypoints_Response.msg
[0.684s] -- Up-to-date: /home/yash-shah/eyrc-25-26_krishi_drone_2124/install/waypoint_navigation/share/ament_index/resource_index/package_run_dependencies/waypoint_navigation
[0.684s] -- Up-to-date: /home/yash-shah/eyrc-25-26_krishi_drone_2124/install/waypoint_navigation/share/ament_index/resource_index/parent_prefix_path/waypoint_navigation
[0.684s] -- Up-to-date: /home/yash-shah/eyrc-25-26_krishi_drone_2124/install/waypoint_navigation/share/waypoint_navigation/environment/ament_prefix_path.sh
[0.684s] -- Up-to-date: /home/yash-shah/eyrc-25-26_krishi_drone_2124/install/waypoint_navigation/share/waypoint_navigation/environment/ament_prefix_path.dsv
[0.684s] -- Up-to-date: /home/yash-shah/eyrc-25-26_krishi_drone_2124/install/waypoint_navigation/share/waypoint_navigation/environment/path.sh
[0.684s] -- Up-to-date: /home/yash-shah/eyrc-25-26_krishi_drone_2124/install/waypoint_navigation/share/waypoint_navigation/environment/path.dsv
[0.684s] -- Up-to-date: /home/yash-shah/eyrc-25-26_krishi_drone_2124/install/waypoint_navigation/share/waypoint_navigation/local_setup.bash
[0.684s] -- Up-to-date: /home/yash-shah/eyrc-25-26_krishi_drone_2124/install/waypoint_navigation/share/waypoint_navigation/local_setup.sh
[0.684s] -- Up-to-date: /home/yash-shah/eyrc-25-26_krishi_drone_2124/install/waypoint_navigation/share/waypoint_navigation/local_setup.zsh
[0.684s] -- Up-to-date: /home/yash-shah/eyrc-25-26_krishi_drone_2124/install/waypoint_navigation/share/waypoint_navigation/local_setup.dsv
[0.684s] -- Installing: /home/yash-shah/eyrc-25-26_krishi_drone_2124/install/waypoint_navigation/share/waypoint_navigation/package.dsv
[0.685s] -- Up-to-date: /home/yash-shah/eyrc-25-26_krishi_drone_2124/install/waypoint_navigation/share/ament_index/resource_index/packages/waypoint_navigation
[0.685s] -- Up-to-date: /home/yash-shah/eyrc-25-26_krishi_drone_2124/install/waypoint_navigation/share/waypoint_navigation/cmake/export_waypoint_navigation__rosidl_generator_cExport.cmake
[0.685s] -- Up-to-date: /home/yash-shah/eyrc-25-26_krishi_drone_2124/install/waypoint_navigation/share/waypoint_navigation/cmake/export_waypoint_navigation__rosidl_generator_cExport-noconfig.cmake
[0.685s] -- Up-to-date: /home/yash-shah/eyrc-25-26_krishi_drone_2124/install/waypoint_navigation/share/waypoint_navigation/cmake/export_waypoint_navigation__rosidl_typesupport_fastrtps_cExport.cmake
[0.685s] -- Up-to-date: /home/yash-shah/eyrc-25-26_krishi_drone_2124/install/waypoint_navigation/share/waypoint_navigation/cmake/export_waypoint_navigation__rosidl_typesupport_fastrtps_cExport-noconfig.cmake
[0.685s] -- Up-to-date: /home/yash-shah/eyrc-25-26_krishi_drone_2124/install/waypoint_navigation/share/waypoint_navigation/cmake/waypoint_navigation__rosidl_typesupport_introspection_cExport.cmake
[0.685s] -- Up-to-date: /home/yash-shah/eyrc-25-26_krishi_drone_2124/install/waypoint_navigation/share/waypoint_navigation/cmake/waypoint_navigation__rosidl_typesupport_introspection_cExport-noconfig.cmake
[0.685s] -- Up-to-date: /home/yash-shah/eyrc-25-26_krishi_drone_2124/install/waypoint_navigation/share/waypoint_navigation/cmake/waypoint_navigation__rosidl_typesupport_cExport.cmake
[0.685s] -- Up-to-date: /home/yash-shah/eyrc-25-26_krishi_drone_2124/install/waypoint_navigation/share/waypoint_navigation/cmake/waypoint_navigation__rosidl_typesupport_cExport-noconfig.cmake
[0.685s] -- Up-to-date: /home/yash-shah/eyrc-25-26_krishi_drone_2124/install/waypoint_navigation/share/waypoint_navigation/cmake/export_waypoint_navigation__rosidl_generator_cppExport.cmake
[0.685s] -- Up-to-date: /home/yash-shah/eyrc-25-26_krishi_drone_2124/install/waypoint_navigation/share/waypoint_navigation/cmake/export_waypoint_navigation__rosidl_typesupport_fastrtps_cppExport.cmake
[0.685s] -- Up-to-date: /home/yash-shah/eyrc-25-26_krishi_drone_2124/install/waypoint_navigation/share/waypoint_navigation/cmake/export_waypoint_navigation__rosidl_typesupport_fastrtps_cppExport-noconfig.cmake
[0.685s] -- Up-to-date: /home/yash-shah/eyrc-25-26_krishi_drone_2124/install/waypoint_navigation/share/waypoint_navigation/cmake/waypoint_navigation__rosidl_typesupport_introspection_cppExport.cmake
[0.685s] -- Up-to-date: /home/yash-shah/eyrc-25-26_krishi_drone_2124/install/waypoint_navigation/share/waypoint_navigation/cmake/waypoint_navigation__rosidl_typesupport_introspection_cppExport-noconfig.cmake
[0.685s] -- Up-to-date: /home/yash-shah/eyrc-25-26_krishi_drone_2124/install/waypoint_navigation/share/waypoint_navigation/cmake/waypoint_navigation__rosidl_typesupport_cppExport.cmake
[0.685s] -- Up-to-date: /home/yash-shah/eyrc-25-26_krishi_drone_2124/install/waypoint_navigation/share/waypoint_navigation/cmake/waypoint_navigation__rosidl_typesupport_cppExport-noconfig.cmake
[0.685s] -- Up-to-date: /home/yash-shah/eyrc-25-26_krishi_drone_2124/install/waypoint_navigation/share/waypoint_navigation/cmake/export_waypoint_navigation__rosidl_generator_pyExport.cmake
[0.685s] -- Up-to-date: /home/yash-shah/eyrc-25-26_krishi_drone_2124/install/waypoint_navigation/share/waypoint_navigation/cmake/export_waypoint_navigation__rosidl_generator_pyExport-noconfig.cmake
[0.685s] -- Up-to-date: /home/yash-shah/eyrc-25-26_krishi_drone_2124/install/waypoint_navigation/share/waypoint_navigation/cmake/rosidl_cmake-extras.cmake
[0.686s] -- Up-to-date: /home/yash-shah/eyrc-25-26_krishi_drone_2124/install/waypoint_navigation/share/waypoint_navigation/cmake/ament_cmake_export_dependencies-extras.cmake
[0.686s] -- Up-to-date: /home/yash-shah/eyrc-25-26_krishi_drone_2124/install/waypoint_navigation/share/waypoint_navigation/cmake/ament_cmake_export_include_directories-extras.cmake
[0.686s] -- Up-to-date: /home/yash-shah/eyrc-25-26_krishi_drone_2124/install/waypoint_navigation/share/waypoint_navigation/cmake/ament_cmake_export_libraries-extras.cmake
[0.686s] -- Up-to-date: /home/yash-shah/eyrc-25-26_krishi_drone_2124/install/waypoint_navigation/share/waypoint_navigation/cmake/ament_cmake_export_targets-extras.cmake
[0.686s] -- Up-to-date: /home/yash-shah/eyrc-25-26_krishi_drone_2124/install/waypoint_navigation/share/waypoint_navigation/cmake/rosidl_cmake_export_typesupport_targets-extras.cmake
[0.686s] -- Up-to-date: /home/yash-shah/eyrc-25-26_krishi_drone_2124/install/waypoint_navigation/share/waypoint_navigation/cmake/rosidl_cmake_export_typesupport_libraries-extras.cmake
[0.686s] -- Up-to-date: /home/yash-shah/eyrc-25-26_krishi_drone_2124/install/waypoint_navigation/share/waypoint_navigation/cmake/waypoint_navigationConfig.cmake
[0.686s] -- Up-to-date: /home/yash-shah/eyrc-25-26_krishi_drone_2124/install/waypoint_navigation/share/waypoint_navigation/cmake/waypoint_navigationConfig-version.cmake
[0.686s] -- Up-to-date: /home/yash-shah/eyrc-25-26_krishi_drone_2124/install/waypoint_navigation/share/waypoint_navigation/package.xml
[0.688s] Invoked command in '/home/yash-shah/eyrc-25-26_krishi_drone_2124/build/waypoint_navigation' returned '0': CMAKE_PREFIX_PATH=${CMAKE_PREFIX_PATH}:/home/yash-shah/turtlesim_ws/install/kd_task_1b:/home/yash-shah/turtlebot3_ws/install/turtlebot3_teleop:/home/yash-shah/turtlebot3_ws/install/turtlebot3_example:/opt/ros/humble /usr/bin/cmake --install /home/yash-shah/eyrc-25-26_krishi_drone_2124/build/waypoint_navigation
