[0.021s] Invoking command in '/home/yash-shah/eyrc-25-26_krishi_drone_2124/build/waypoint_navigation': CMAKE_PREFIX_PATH=${CMAKE_PREFIX_PATH}:/home/yash-shah/turtlesim_ws/install/kd_task_1b:/home/yash-shah/turtlebot3_ws/install/turtlebot3_teleop:/home/yash-shah/turtlebot3_ws/install/turtlebot3_example:/opt/ros/humble /usr/bin/cmake --build /home/yash-shah/eyrc-25-26_krishi_drone_2124/build/waypoint_navigation -- -j12 -l12
[0.065s] -- Found ament_cmake: 1.3.12 (/opt/ros/humble/share/ament_cmake/cmake)
[0.294s] -- Found rosidl_default_generators: 1.2.0 (/opt/ros/humble/share/rosidl_default_generators/cmake)
[0.310s] -- Using all available rosidl_typesupport_c: rosidl_typesupport_fastrtps_c;rosidl_typesupport_introspection_c
[0.315s] -- Found rosidl_adapter: 3.1.7 (/opt/ros/humble/share/rosidl_adapter/cmake)
[0.377s] -- Using all available rosidl_typesupport_cpp: rosidl_typesupport_fastrtps_cpp;rosidl_typesupport_introspection_cpp
[0.420s] -- Found geometry_msgs: 4.9.0 (/opt/ros/humble/share/geometry_msgs/cmake)
[0.982s] -- Found ament_cmake_ros: 0.10.0 (/opt/ros/humble/share/ament_cmake_ros/cmake)
[1.347s] -- Using all available rosidl_typesupport_c: rosidl_typesupport_fastrtps_c;rosidl_typesupport_introspection_c
[1.813s] -- Using all available rosidl_typesupport_cpp: rosidl_typesupport_fastrtps_cpp;rosidl_typesupport_introspection_cpp
[1.849s] -- Found python_cmake_module: 0.10.0 (/opt/ros/humble/share/python_cmake_module/cmake)
[1.885s] -- Using PYTHON_EXECUTABLE: /usr/bin/python3
[1.885s] -- Using PYTHON_INCLUDE_DIRS: /usr/include/python3.10
[1.885s] -- Using PYTHON_LIBRARIES: /usr/lib/x86_64-linux-gnu/libpython3.10.so
[1.981s] -- Found ament_lint_auto: 0.12.14 (/opt/ros/humble/share/ament_lint_auto/cmake)
[1.992s] -- Added test 'lint_cmake' to check CMake code style
[1.993s] -- Added test 'xmllint' to check XML markup files
[1.996s] -- Configuring done
[2.057s] -- Generating done
[2.073s] -- Build files have been written to: /home/yash-shah/eyrc-25-26_krishi_drone_2124/build/waypoint_navigation
[2.114s] [  2%] [34m[1mGenerating C code for ROS interfaces[0m
[2.137s] [  5%] [34m[1mGenerating C++ code for ROS interfaces[0m
[2.152s] [  5%] Built target ament_cmake_python_copy_waypoint_navigation
[2.572s] running egg_info
[2.573s] writing waypoint_navigation.egg-info/PKG-INFO
[2.573s] writing dependency_links to waypoint_navigation.egg-info/dependency_links.txt
[2.574s] writing top-level names to waypoint_navigation.egg-info/top_level.txt
[2.578s] reading manifest file 'waypoint_navigation.egg-info/SOURCES.txt'
[2.579s] writing manifest file 'waypoint_navigation.egg-info/SOURCES.txt'
[2.630s] [  5%] Built target ament_cmake_python_build_waypoint_navigation_egg
[3.033s] [35m[1mConsolidate compiler generated dependencies of target waypoint_navigation__rosidl_generator_c[0m
[3.063s] [  7%] [32mBuilding C object CMakeFiles/waypoint_navigation__rosidl_generator_c.dir/rosidl_generator_c/waypoint_navigation/srv/detail/get_waypoints__functions.c.o[0m
[3.064s] [ 10%] [32mBuilding C object CMakeFiles/waypoint_navigation__rosidl_generator_c.dir/rosidl_generator_c/waypoint_navigation/action/detail/nav_to_waypoint__functions.c.o[0m
[3.085s] [ 10%] Built target waypoint_navigation__cpp
[3.110s] [ 12%] [34m[1mGenerating C++ type support for eProsima Fast-RTPS[0m
[3.113s] [ 15%] [34m[1mGenerating C++ introspection for ROS interfaces[0m
[3.114s] [ 17%] [34m[1mGenerating C++ type support dispatch for ROS interfaces[0m
[3.378s] [ 20%] [32m[1mLinking C shared library libwaypoint_navigation__rosidl_generator_c.so[0m
[3.475s] [ 20%] Built target waypoint_navigation__rosidl_generator_c
[3.503s] [ 23%] [34m[1mGenerating C type support dispatch for ROS interfaces[0m
[3.507s] [ 28%] [34m[1mGenerating C type support for eProsima Fast-RTPS[0m
[3.508s] [ 28%] [34m[1mGenerating C introspection for ROS interfaces[0m
[3.961s] [35m[1mConsolidate compiler generated dependencies of target waypoint_navigation__rosidl_typesupport_introspection_cpp[0m
[3.974s] [35m[1mConsolidate compiler generated dependencies of target waypoint_navigation__rosidl_typesupport_cpp[0m
[4.000s] [ 30%] [32mBuilding CXX object CMakeFiles/waypoint_navigation__rosidl_typesupport_introspection_cpp.dir/rosidl_typesupport_introspection_cpp/waypoint_navigation/action/detail/nav_to_waypoint__type_support.cpp.o[0m
[4.003s] [ 33%] [32mBuilding CXX object CMakeFiles/waypoint_navigation__rosidl_typesupport_introspection_cpp.dir/rosidl_typesupport_introspection_cpp/waypoint_navigation/srv/detail/get_waypoints__type_support.cpp.o[0m
[4.010s] [ 35%] [32mBuilding CXX object CMakeFiles/waypoint_navigation__rosidl_typesupport_cpp.dir/rosidl_typesupport_cpp/waypoint_navigation/action/nav_to_waypoint__type_support.cpp.o[0m
[4.014s] [ 38%] [32mBuilding CXX object CMakeFiles/waypoint_navigation__rosidl_typesupport_cpp.dir/rosidl_typesupport_cpp/waypoint_navigation/srv/get_waypoints__type_support.cpp.o[0m
[4.123s] [35m[1mConsolidate compiler generated dependencies of target waypoint_navigation__rosidl_typesupport_fastrtps_cpp[0m
[4.171s] [ 41%] [32mBuilding CXX object CMakeFiles/waypoint_navigation__rosidl_typesupport_fastrtps_cpp.dir/rosidl_typesupport_fastrtps_cpp/waypoint_navigation/action/detail/dds_fastrtps/nav_to_waypoint__type_support.cpp.o[0m
[4.171s] [ 43%] [32mBuilding CXX object CMakeFiles/waypoint_navigation__rosidl_typesupport_fastrtps_cpp.dir/rosidl_typesupport_fastrtps_cpp/waypoint_navigation/srv/detail/dds_fastrtps/get_waypoints__type_support.cpp.o[0m
[4.365s] [35m[1mConsolidate compiler generated dependencies of target waypoint_navigation__rosidl_typesupport_c[0m
[4.410s] [ 46%] [32mBuilding CXX object CMakeFiles/waypoint_navigation__rosidl_typesupport_c.dir/rosidl_typesupport_c/waypoint_navigation/srv/get_waypoints__type_support.cpp.o[0m
[4.410s] [ 48%] [32mBuilding CXX object CMakeFiles/waypoint_navigation__rosidl_typesupport_c.dir/rosidl_typesupport_c/waypoint_navigation/action/nav_to_waypoint__type_support.cpp.o[0m
[4.564s] [ 51%] [32m[1mLinking CXX shared library libwaypoint_navigation__rosidl_typesupport_c.so[0m
[4.690s] [35m[1mConsolidate compiler generated dependencies of target waypoint_navigation__rosidl_typesupport_introspection_c[0m
[4.749s] [ 53%] [32mBuilding C object CMakeFiles/waypoint_navigation__rosidl_typesupport_introspection_c.dir/rosidl_typesupport_introspection_c/waypoint_navigation/srv/detail/get_waypoints__type_support.c.o[0m
[4.754s] [ 56%] [32mBuilding C object CMakeFiles/waypoint_navigation__rosidl_typesupport_introspection_c.dir/rosidl_typesupport_introspection_c/waypoint_navigation/action/detail/nav_to_waypoint__type_support.c.o[0m
[4.784s] [ 56%] Built target waypoint_navigation__rosidl_typesupport_c
[4.794s] [35m[1mConsolidate compiler generated dependencies of target waypoint_navigation__rosidl_typesupport_fastrtps_c[0m
[4.845s] [ 58%] [32mBuilding CXX object CMakeFiles/waypoint_navigation__rosidl_typesupport_fastrtps_c.dir/rosidl_typesupport_fastrtps_c/waypoint_navigation/action/detail/nav_to_waypoint__type_support_c.cpp.o[0m
[4.853s] [ 61%] [32mBuilding CXX object CMakeFiles/waypoint_navigation__rosidl_typesupport_fastrtps_c.dir/rosidl_typesupport_fastrtps_c/waypoint_navigation/srv/detail/get_waypoints__type_support_c.cpp.o[0m
[4.968s] [ 64%] [32m[1mLinking C shared library libwaypoint_navigation__rosidl_typesupport_introspection_c.so[0m
[5.084s] [ 64%] Built target waypoint_navigation__rosidl_typesupport_introspection_c
[5.224s] [ 66%] [32m[1mLinking CXX shared library libwaypoint_navigation__rosidl_typesupport_cpp.so[0m
[5.372s] [ 66%] Built target waypoint_navigation__rosidl_typesupport_cpp
[5.855s] [ 69%] [32m[1mLinking CXX shared library libwaypoint_navigation__rosidl_typesupport_fastrtps_cpp.so[0m
[5.895s] [ 71%] [32m[1mLinking CXX shared library libwaypoint_navigation__rosidl_typesupport_introspection_cpp.so[0m
[5.905s] [ 74%] [32m[1mLinking CXX shared library libwaypoint_navigation__rosidl_typesupport_fastrtps_c.so[0m
[6.133s] [ 74%] Built target waypoint_navigation__rosidl_typesupport_fastrtps_cpp
[6.158s] [ 74%] Built target waypoint_navigation__rosidl_typesupport_introspection_cpp
[6.175s] [ 74%] Built target waypoint_navigation__rosidl_typesupport_fastrtps_c
[6.242s] [ 74%] Built target waypoint_navigation
[6.308s] [ 76%] [34m[1mGenerating Python code for ROS interfaces[0m
[8.161s] [ 76%] Built target waypoint_navigation__py
[8.195s] [35m[1mConsolidate compiler generated dependencies of target waypoint_navigation__rosidl_generator_py[0m
[8.239s] [ 79%] [32mBuilding C object CMakeFiles/waypoint_navigation__rosidl_generator_py.dir/rosidl_generator_py/waypoint_navigation/action/_nav_to_waypoint_s.c.o[0m
[8.241s] [ 82%] [32mBuilding C object CMakeFiles/waypoint_navigation__rosidl_generator_py.dir/rosidl_generator_py/waypoint_navigation/srv/_get_waypoints_s.c.o[0m
[8.510s] [ 84%] [32m[1mLinking C shared library rosidl_generator_py/waypoint_navigation/libwaypoint_navigation__rosidl_generator_py.so[0m
[8.580s] [ 84%] Built target waypoint_navigation__rosidl_generator_py
[8.599s] [35m[1mConsolidate compiler generated dependencies of target waypoint_navigation__rosidl_typesupport_fastrtps_c__pyext[0m
[8.600s] [35m[1mConsolidate compiler generated dependencies of target waypoint_navigation__rosidl_typesupport_introspection_c__pyext[0m
[8.600s] [35m[1mConsolidate compiler generated dependencies of target waypoint_navigation__rosidl_typesupport_c__pyext[0m
[8.622s] [ 87%] [32mBuilding C object CMakeFiles/waypoint_navigation__rosidl_typesupport_c__pyext.dir/rosidl_generator_py/waypoint_navigation/_waypoint_navigation_s.ep.rosidl_typesupport_c.c.o[0m
[8.622s] [ 92%] [32mBuilding C object CMakeFiles/waypoint_navigation__rosidl_typesupport_fastrtps_c__pyext.dir/rosidl_generator_py/waypoint_navigation/_waypoint_navigation_s.ep.rosidl_typesupport_fastrtps_c.c.o[0m
[8.622s] [ 92%] [32mBuilding C object CMakeFiles/waypoint_navigation__rosidl_typesupport_introspection_c__pyext.dir/rosidl_generator_py/waypoint_navigation/_waypoint_navigation_s.ep.rosidl_typesupport_introspection_c.c.o[0m
[8.831s] [ 94%] [32m[1mLinking C shared library rosidl_generator_py/waypoint_navigation/waypoint_navigation_s__rosidl_typesupport_fastrtps_c.cpython-310-x86_64-linux-gnu.so[0m
[8.836s] [ 97%] [32m[1mLinking C shared library rosidl_generator_py/waypoint_navigation/waypoint_navigation_s__rosidl_typesupport_c.cpython-310-x86_64-linux-gnu.so[0m
[8.842s] [100%] [32m[1mLinking C shared library rosidl_generator_py/waypoint_navigation/waypoint_navigation_s__rosidl_typesupport_introspection_c.cpython-310-x86_64-linux-gnu.so[0m
[8.913s] [100%] Built target waypoint_navigation__rosidl_typesupport_c__pyext
[8.915s] [100%] Built target waypoint_navigation__rosidl_typesupport_fastrtps_c__pyext
[8.920s] [100%] Built target waypoint_navigation__rosidl_typesupport_introspection_c__pyext
[8.937s] Invoked command in '/home/yash-shah/eyrc-25-26_krishi_drone_2124/build/waypoint_navigation' returned '0': CMAKE_PREFIX_PATH=${CMAKE_PREFIX_PATH}:/home/yash-shah/turtlesim_ws/install/kd_task_1b:/home/yash-shah/turtlebot3_ws/install/turtlebot3_teleop:/home/yash-shah/turtlebot3_ws/install/turtlebot3_example:/opt/ros/humble /usr/bin/cmake --build /home/yash-shah/eyrc-25-26_krishi_drone_2124/build/waypoint_navigation -- -j12 -l12
[8.939s] Invoking command in '/home/yash-shah/eyrc-25-26_krishi_drone_2124/build/waypoint_navigation': CMAKE_PREFIX_PATH=${CMAKE_PREFIX_PATH}:/home/yash-shah/turtlesim_ws/install/kd_task_1b:/home/yash-shah/turtlebot3_ws/install/turtlebot3_teleop:/home/yash-shah/turtlebot3_ws/install/turtlebot3_example:/opt/ros/humble /usr/bin/cmake --install /home/yash-shah/eyrc-25-26_krishi_drone_2124/build/waypoint_navigation
[8.950s] -- Install configuration: ""
[8.951s] -- Up-to-date: /home/yash-shah/eyrc-25-26_krishi_drone_2124/install/waypoint_navigation/share/ament_index/resource_index/rosidl_interfaces/waypoint_navigation
[8.951s] -- Up-to-date: /home/yash-shah/eyrc-25-26_krishi_drone_2124/install/waypoint_navigation/include/waypoint_navigation/waypoint_navigation
[8.951s] -- Up-to-date: /home/yash-shah/eyrc-25-26_krishi_drone_2124/install/waypoint_navigation/include/waypoint_navigation/waypoint_navigation/srv
[8.951s] -- Up-to-date: /home/yash-shah/eyrc-25-26_krishi_drone_2124/install/waypoint_navigation/include/waypoint_navigation/waypoint_navigation/srv/detail
[8.951s] -- Installing: /home/yash-shah/eyrc-25-26_krishi_drone_2124/install/waypoint_navigation/include/waypoint_navigation/waypoint_navigation/srv/detail/get_waypoints__type_support.h
[8.951s] -- Installing: /home/yash-shah/eyrc-25-26_krishi_drone_2124/install/waypoint_navigation/include/waypoint_navigation/waypoint_navigation/srv/detail/get_waypoints__struct.h
[8.951s] -- Installing: /home/yash-shah/eyrc-25-26_krishi_drone_2124/install/waypoint_navigation/include/waypoint_navigation/waypoint_navigation/srv/detail/get_waypoints__functions.c
[8.951s] -- Installing: /home/yash-shah/eyrc-25-26_krishi_drone_2124/install/waypoint_navigation/include/waypoint_navigation/waypoint_navigation/srv/detail/get_waypoints__functions.h
[8.951s] -- Installing: /home/yash-shah/eyrc-25-26_krishi_drone_2124/install/waypoint_navigation/include/waypoint_navigation/waypoint_navigation/srv/get_waypoints.h
[8.952s] -- Up-to-date: /home/yash-shah/eyrc-25-26_krishi_drone_2124/install/waypoint_navigation/include/waypoint_navigation/waypoint_navigation/msg
[8.952s] -- Up-to-date: /home/yash-shah/eyrc-25-26_krishi_drone_2124/install/waypoint_navigation/include/waypoint_navigation/waypoint_navigation/msg/rosidl_generator_c__visibility_control.h
[8.952s] -- Up-to-date: /home/yash-shah/eyrc-25-26_krishi_drone_2124/install/waypoint_navigation/include/waypoint_navigation/waypoint_navigation/action
[8.952s] -- Up-to-date: /home/yash-shah/eyrc-25-26_krishi_drone_2124/install/waypoint_navigation/include/waypoint_navigation/waypoint_navigation/action/detail
[8.952s] -- Installing: /home/yash-shah/eyrc-25-26_krishi_drone_2124/install/waypoint_navigation/include/waypoint_navigation/waypoint_navigation/action/detail/nav_to_waypoint__struct.h
[8.952s] -- Installing: /home/yash-shah/eyrc-25-26_krishi_drone_2124/install/waypoint_navigation/include/waypoint_navigation/waypoint_navigation/action/detail/nav_to_waypoint__type_support.h
[8.952s] -- Installing: /home/yash-shah/eyrc-25-26_krishi_drone_2124/install/waypoint_navigation/include/waypoint_navigation/waypoint_navigation/action/detail/nav_to_waypoint__functions.h
[8.952s] -- Installing: /home/yash-shah/eyrc-25-26_krishi_drone_2124/install/waypoint_navigation/include/waypoint_navigation/waypoint_navigation/action/detail/nav_to_waypoint__functions.c
[8.952s] -- Installing: /home/yash-shah/eyrc-25-26_krishi_drone_2124/install/waypoint_navigation/include/waypoint_navigation/waypoint_navigation/action/nav_to_waypoint.h
[8.952s] -- Up-to-date: /home/yash-shah/eyrc-25-26_krishi_drone_2124/install/waypoint_navigation/share/waypoint_navigation/environment/library_path.sh
[8.952s] -- Installing: /home/yash-shah/eyrc-25-26_krishi_drone_2124/install/waypoint_navigation/share/waypoint_navigation/environment/library_path.dsv
[8.953s] -- Installing: /home/yash-shah/eyrc-25-26_krishi_drone_2124/install/waypoint_navigation/lib/libwaypoint_navigation__rosidl_generator_c.so
[8.954s] -- Set runtime path of "/home/yash-shah/eyrc-25-26_krishi_drone_2124/install/waypoint_navigation/lib/libwaypoint_navigation__rosidl_generator_c.so" to ""
[8.954s] -- Up-to-date: /home/yash-shah/eyrc-25-26_krishi_drone_2124/install/waypoint_navigation/include/waypoint_navigation/waypoint_navigation
[8.954s] -- Up-to-date: /home/yash-shah/eyrc-25-26_krishi_drone_2124/install/waypoint_navigation/include/waypoint_navigation/waypoint_navigation/srv
[8.954s] -- Up-to-date: /home/yash-shah/eyrc-25-26_krishi_drone_2124/install/waypoint_navigation/include/waypoint_navigation/waypoint_navigation/srv/detail
[8.954s] -- Installing: /home/yash-shah/eyrc-25-26_krishi_drone_2124/install/waypoint_navigation/include/waypoint_navigation/waypoint_navigation/srv/detail/get_waypoints__rosidl_typesupport_fastrtps_c.h
[8.954s] -- Up-to-date: /home/yash-shah/eyrc-25-26_krishi_drone_2124/install/waypoint_navigation/include/waypoint_navigation/waypoint_navigation/msg
[8.954s] -- Up-to-date: /home/yash-shah/eyrc-25-26_krishi_drone_2124/install/waypoint_navigation/include/waypoint_navigation/waypoint_navigation/msg/rosidl_typesupport_fastrtps_c__visibility_control.h
[8.954s] -- Up-to-date: /home/yash-shah/eyrc-25-26_krishi_drone_2124/install/waypoint_navigation/include/waypoint_navigation/waypoint_navigation/action
[8.954s] -- Up-to-date: /home/yash-shah/eyrc-25-26_krishi_drone_2124/install/waypoint_navigation/include/waypoint_navigation/waypoint_navigation/action/detail
[8.954s] -- Installing: /home/yash-shah/eyrc-25-26_krishi_drone_2124/install/waypoint_navigation/include/waypoint_navigation/waypoint_navigation/action/detail/nav_to_waypoint__rosidl_typesupport_fastrtps_c.h
[8.955s] -- Installing: /home/yash-shah/eyrc-25-26_krishi_drone_2124/install/waypoint_navigation/lib/libwaypoint_navigation__rosidl_typesupport_fastrtps_c.so
[8.955s] -- Set runtime path of "/home/yash-shah/eyrc-25-26_krishi_drone_2124/install/waypoint_navigation/lib/libwaypoint_navigation__rosidl_typesupport_fastrtps_c.so" to ""
[8.955s] -- Up-to-date: /home/yash-shah/eyrc-25-26_krishi_drone_2124/install/waypoint_navigation/include/waypoint_navigation/waypoint_navigation
[8.955s] -- Up-to-date: /home/yash-shah/eyrc-25-26_krishi_drone_2124/install/waypoint_navigation/include/waypoint_navigation/waypoint_navigation/srv
[8.955s] -- Up-to-date: /home/yash-shah/eyrc-25-26_krishi_drone_2124/install/waypoint_navigation/include/waypoint_navigation/waypoint_navigation/srv/detail
[8.955s] -- Installing: /home/yash-shah/eyrc-25-26_krishi_drone_2124/install/waypoint_navigation/include/waypoint_navigation/waypoint_navigation/srv/detail/get_waypoints__rosidl_typesupport_introspection_c.h
[8.956s] -- Installing: /home/yash-shah/eyrc-25-26_krishi_drone_2124/install/waypoint_navigation/include/waypoint_navigation/waypoint_navigation/srv/detail/get_waypoints__type_support.c
[8.956s] -- Up-to-date: /home/yash-shah/eyrc-25-26_krishi_drone_2124/install/waypoint_navigation/include/waypoint_navigation/waypoint_navigation/msg
[8.956s] -- Up-to-date: /home/yash-shah/eyrc-25-26_krishi_drone_2124/install/waypoint_navigation/include/waypoint_navigation/waypoint_navigation/msg/rosidl_typesupport_introspection_c__visibility_control.h
[8.956s] -- Up-to-date: /home/yash-shah/eyrc-25-26_krishi_drone_2124/install/waypoint_navigation/include/waypoint_navigation/waypoint_navigation/action
[8.956s] -- Up-to-date: /home/yash-shah/eyrc-25-26_krishi_drone_2124/install/waypoint_navigation/include/waypoint_navigation/waypoint_navigation/action/detail
[8.956s] -- Installing: /home/yash-shah/eyrc-25-26_krishi_drone_2124/install/waypoint_navigation/include/waypoint_navigation/waypoint_navigation/action/detail/nav_to_waypoint__rosidl_typesupport_introspection_c.h
[8.956s] -- Installing: /home/yash-shah/eyrc-25-26_krishi_drone_2124/install/waypoint_navigation/include/waypoint_navigation/waypoint_navigation/action/detail/nav_to_waypoint__type_support.c
[8.957s] -- Installing: /home/yash-shah/eyrc-25-26_krishi_drone_2124/install/waypoint_navigation/lib/libwaypoint_navigation__rosidl_typesupport_introspection_c.so
[8.957s] -- Set runtime path of "/home/yash-shah/eyrc-25-26_krishi_drone_2124/install/waypoint_navigation/lib/libwaypoint_navigation__rosidl_typesupport_introspection_c.so" to ""
[8.958s] -- Installing: /home/yash-shah/eyrc-25-26_krishi_drone_2124/install/waypoint_navigation/lib/libwaypoint_navigation__rosidl_typesupport_c.so
[8.958s] -- Set runtime path of "/home/yash-shah/eyrc-25-26_krishi_drone_2124/install/waypoint_navigation/lib/libwaypoint_navigation__rosidl_typesupport_c.so" to ""
[8.958s] -- Up-to-date: /home/yash-shah/eyrc-25-26_krishi_drone_2124/install/waypoint_navigation/include/waypoint_navigation/waypoint_navigation
[8.958s] -- Up-to-date: /home/yash-shah/eyrc-25-26_krishi_drone_2124/install/waypoint_navigation/include/waypoint_navigation/waypoint_navigation/srv
[8.959s] -- Up-to-date: /home/yash-shah/eyrc-25-26_krishi_drone_2124/install/waypoint_navigation/include/waypoint_navigation/waypoint_navigation/srv/detail
[8.959s] -- Installing: /home/yash-shah/eyrc-25-26_krishi_drone_2124/install/waypoint_navigation/include/waypoint_navigation/waypoint_navigation/srv/detail/get_waypoints__struct.hpp
[8.959s] -- Installing: /home/yash-shah/eyrc-25-26_krishi_drone_2124/install/waypoint_navigation/include/waypoint_navigation/waypoint_navigation/srv/detail/get_waypoints__traits.hpp
[8.959s] -- Installing: /home/yash-shah/eyrc-25-26_krishi_drone_2124/install/waypoint_navigation/include/waypoint_navigation/waypoint_navigation/srv/detail/get_waypoints__builder.hpp
[8.959s] -- Installing: /home/yash-shah/eyrc-25-26_krishi_drone_2124/install/waypoint_navigation/include/waypoint_navigation/waypoint_navigation/srv/detail/get_waypoints__type_support.hpp
[8.960s] -- Installing: /home/yash-shah/eyrc-25-26_krishi_drone_2124/install/waypoint_navigation/include/waypoint_navigation/waypoint_navigation/srv/get_waypoints.hpp
[8.960s] -- Up-to-date: /home/yash-shah/eyrc-25-26_krishi_drone_2124/install/waypoint_navigation/include/waypoint_navigation/waypoint_navigation/msg
[8.960s] -- Up-to-date: /home/yash-shah/eyrc-25-26_krishi_drone_2124/install/waypoint_navigation/include/waypoint_navigation/waypoint_navigation/msg/rosidl_generator_cpp__visibility_control.hpp
[8.960s] -- Up-to-date: /home/yash-shah/eyrc-25-26_krishi_drone_2124/install/waypoint_navigation/include/waypoint_navigation/waypoint_navigation/action
[8.960s] -- Up-to-date: /home/yash-shah/eyrc-25-26_krishi_drone_2124/install/waypoint_navigation/include/waypoint_navigation/waypoint_navigation/action/detail
[8.960s] -- Installing: /home/yash-shah/eyrc-25-26_krishi_drone_2124/install/waypoint_navigation/include/waypoint_navigation/waypoint_navigation/action/detail/nav_to_waypoint__type_support.hpp
[8.960s] -- Installing: /home/yash-shah/eyrc-25-26_krishi_drone_2124/install/waypoint_navigation/include/waypoint_navigation/waypoint_navigation/action/detail/nav_to_waypoint__struct.hpp
[8.960s] -- Installing: /home/yash-shah/eyrc-25-26_krishi_drone_2124/install/waypoint_navigation/include/waypoint_navigation/waypoint_navigation/action/detail/nav_to_waypoint__traits.hpp
[8.960s] -- Installing: /home/yash-shah/eyrc-25-26_krishi_drone_2124/install/waypoint_navigation/include/waypoint_navigation/waypoint_navigation/action/detail/nav_to_waypoint__builder.hpp
[8.961s] -- Installing: /home/yash-shah/eyrc-25-26_krishi_drone_2124/install/waypoint_navigation/include/waypoint_navigation/waypoint_navigation/action/nav_to_waypoint.hpp
[8.961s] -- Up-to-date: /home/yash-shah/eyrc-25-26_krishi_drone_2124/install/waypoint_navigation/include/waypoint_navigation/waypoint_navigation
[8.961s] -- Up-to-date: /home/yash-shah/eyrc-25-26_krishi_drone_2124/install/waypoint_navigation/include/waypoint_navigation/waypoint_navigation/srv
[8.961s] -- Up-to-date: /home/yash-shah/eyrc-25-26_krishi_drone_2124/install/waypoint_navigation/include/waypoint_navigation/waypoint_navigation/srv/detail
[8.962s] -- Up-to-date: /home/yash-shah/eyrc-25-26_krishi_drone_2124/install/waypoint_navigation/include/waypoint_navigation/waypoint_navigation/srv/detail/dds_fastrtps
[8.962s] -- Installing: /home/yash-shah/eyrc-25-26_krishi_drone_2124/install/waypoint_navigation/include/waypoint_navigation/waypoint_navigation/srv/detail/get_waypoints__rosidl_typesupport_fastrtps_cpp.hpp
[8.962s] -- Up-to-date: /home/yash-shah/eyrc-25-26_krishi_drone_2124/install/waypoint_navigation/include/waypoint_navigation/waypoint_navigation/msg
[8.962s] -- Up-to-date: /home/yash-shah/eyrc-25-26_krishi_drone_2124/install/waypoint_navigation/include/waypoint_navigation/waypoint_navigation/msg/rosidl_typesupport_fastrtps_cpp__visibility_control.h
[8.962s] -- Up-to-date: /home/yash-shah/eyrc-25-26_krishi_drone_2124/install/waypoint_navigation/include/waypoint_navigation/waypoint_navigation/action
[8.962s] -- Up-to-date: /home/yash-shah/eyrc-25-26_krishi_drone_2124/install/waypoint_navigation/include/waypoint_navigation/waypoint_navigation/action/detail
[8.962s] -- Up-to-date: /home/yash-shah/eyrc-25-26_krishi_drone_2124/install/waypoint_navigation/include/waypoint_navigation/waypoint_navigation/action/detail/dds_fastrtps
[8.962s] -- Installing: /home/yash-shah/eyrc-25-26_krishi_drone_2124/install/waypoint_navigation/include/waypoint_navigation/waypoint_navigation/action/detail/nav_to_waypoint__rosidl_typesupport_fastrtps_cpp.hpp
[8.963s] -- Installing: /home/yash-shah/eyrc-25-26_krishi_drone_2124/install/waypoint_navigation/lib/libwaypoint_navigation__rosidl_typesupport_fastrtps_cpp.so
[8.964s] -- Set runtime path of "/home/yash-shah/eyrc-25-26_krishi_drone_2124/install/waypoint_navigation/lib/libwaypoint_navigation__rosidl_typesupport_fastrtps_cpp.so" to ""
[8.964s] -- Up-to-date: /home/yash-shah/eyrc-25-26_krishi_drone_2124/install/waypoint_navigation/include/waypoint_navigation/waypoint_navigation
[8.964s] -- Up-to-date: /home/yash-shah/eyrc-25-26_krishi_drone_2124/install/waypoint_navigation/include/waypoint_navigation/waypoint_navigation/srv
[8.964s] -- Up-to-date: /home/yash-shah/eyrc-25-26_krishi_drone_2124/install/waypoint_navigation/include/waypoint_navigation/waypoint_navigation/srv/detail
[8.964s] -- Installing: /home/yash-shah/eyrc-25-26_krishi_drone_2124/install/waypoint_navigation/include/waypoint_navigation/waypoint_navigation/srv/detail/get_waypoints__rosidl_typesupport_introspection_cpp.hpp
[8.965s] -- Installing: /home/yash-shah/eyrc-25-26_krishi_drone_2124/install/waypoint_navigation/include/waypoint_navigation/waypoint_navigation/srv/detail/get_waypoints__type_support.cpp
[8.965s] -- Up-to-date: /home/yash-shah/eyrc-25-26_krishi_drone_2124/install/waypoint_navigation/include/waypoint_navigation/waypoint_navigation/action
[8.965s] -- Up-to-date: /home/yash-shah/eyrc-25-26_krishi_drone_2124/install/waypoint_navigation/include/waypoint_navigation/waypoint_navigation/action/detail
[8.965s] -- Installing: /home/yash-shah/eyrc-25-26_krishi_drone_2124/install/waypoint_navigation/include/waypoint_navigation/waypoint_navigation/action/detail/nav_to_waypoint__rosidl_typesupport_introspection_cpp.hpp
[8.965s] -- Installing: /home/yash-shah/eyrc-25-26_krishi_drone_2124/install/waypoint_navigation/include/waypoint_navigation/waypoint_navigation/action/detail/nav_to_waypoint__type_support.cpp
[8.966s] -- Installing: /home/yash-shah/eyrc-25-26_krishi_drone_2124/install/waypoint_navigation/lib/libwaypoint_navigation__rosidl_typesupport_introspection_cpp.so
[8.967s] -- Set runtime path of "/home/yash-shah/eyrc-25-26_krishi_drone_2124/install/waypoint_navigation/lib/libwaypoint_navigation__rosidl_typesupport_introspection_cpp.so" to ""
[8.968s] -- Installing: /home/yash-shah/eyrc-25-26_krishi_drone_2124/install/waypoint_navigation/lib/libwaypoint_navigation__rosidl_typesupport_cpp.so
[8.968s] -- Set runtime path of "/home/yash-shah/eyrc-25-26_krishi_drone_2124/install/waypoint_navigation/lib/libwaypoint_navigation__rosidl_typesupport_cpp.so" to ""
[8.969s] -- Up-to-date: /home/yash-shah/eyrc-25-26_krishi_drone_2124/install/waypoint_navigation/share/waypoint_navigation/environment/pythonpath.sh
[8.969s] -- Installing: /home/yash-shah/eyrc-25-26_krishi_drone_2124/install/waypoint_navigation/share/waypoint_navigation/environment/pythonpath.dsv
[8.969s] -- Up-to-date: /home/yash-shah/eyrc-25-26_krishi_drone_2124/install/waypoint_navigation/local/lib/python3.10/dist-packages/waypoint_navigation-0.0.0-py3.10.egg-info
[8.969s] -- Installing: /home/yash-shah/eyrc-25-26_krishi_drone_2124/install/waypoint_navigation/local/lib/python3.10/dist-packages/waypoint_navigation-0.0.0-py3.10.egg-info/SOURCES.txt
[8.969s] -- Installing: /home/yash-shah/eyrc-25-26_krishi_drone_2124/install/waypoint_navigation/local/lib/python3.10/dist-packages/waypoint_navigation-0.0.0-py3.10.egg-info/dependency_links.txt
[8.969s] -- Installing: /home/yash-shah/eyrc-25-26_krishi_drone_2124/install/waypoint_navigation/local/lib/python3.10/dist-packages/waypoint_navigation-0.0.0-py3.10.egg-info/top_level.txt
[8.969s] -- Installing: /home/yash-shah/eyrc-25-26_krishi_drone_2124/install/waypoint_navigation/local/lib/python3.10/dist-packages/waypoint_navigation-0.0.0-py3.10.egg-info/PKG-INFO
[8.969s] -- Up-to-date: /home/yash-shah/eyrc-25-26_krishi_drone_2124/install/waypoint_navigation/local/lib/python3.10/dist-packages/waypoint_navigation
[8.969s] -- Up-to-date: /home/yash-shah/eyrc-25-26_krishi_drone_2124/install/waypoint_navigation/local/lib/python3.10/dist-packages/waypoint_navigation/srv
[8.970s] -- Installing: /home/yash-shah/eyrc-25-26_krishi_drone_2124/install/waypoint_navigation/local/lib/python3.10/dist-packages/waypoint_navigation/srv/_get_waypoints.py
[8.970s] -- Installing: /home/yash-shah/eyrc-25-26_krishi_drone_2124/install/waypoint_navigation/local/lib/python3.10/dist-packages/waypoint_navigation/srv/__init__.py
[8.970s] -- Installing: /home/yash-shah/eyrc-25-26_krishi_drone_2124/install/waypoint_navigation/local/lib/python3.10/dist-packages/waypoint_navigation/srv/_get_waypoints_s.c
[8.970s] -- Installing: /home/yash-shah/eyrc-25-26_krishi_drone_2124/install/waypoint_navigation/local/lib/python3.10/dist-packages/waypoint_navigation/waypoint_navigation_s__rosidl_typesupport_fastrtps_c.cpython-310-x86_64-linux-gnu.so
[8.970s] -- Installing: /home/yash-shah/eyrc-25-26_krishi_drone_2124/install/waypoint_navigation/local/lib/python3.10/dist-packages/waypoint_navigation/__init__.py
[8.970s] -- Up-to-date: /home/yash-shah/eyrc-25-26_krishi_drone_2124/install/waypoint_navigation/local/lib/python3.10/dist-packages/waypoint_navigation/action
[8.970s] -- Installing: /home/yash-shah/eyrc-25-26_krishi_drone_2124/install/waypoint_navigation/local/lib/python3.10/dist-packages/waypoint_navigation/action/__init__.py
[8.970s] -- Installing: /home/yash-shah/eyrc-25-26_krishi_drone_2124/install/waypoint_navigation/local/lib/python3.10/dist-packages/waypoint_navigation/action/_nav_to_waypoint.py
[8.970s] -- Installing: /home/yash-shah/eyrc-25-26_krishi_drone_2124/install/waypoint_navigation/local/lib/python3.10/dist-packages/waypoint_navigation/action/_nav_to_waypoint_s.c
[8.970s] -- Installing: /home/yash-shah/eyrc-25-26_krishi_drone_2124/install/waypoint_navigation/local/lib/python3.10/dist-packages/waypoint_navigation/_waypoint_navigation_s.ep.rosidl_typesupport_fastrtps_c.c
[8.971s] -- Installing: /home/yash-shah/eyrc-25-26_krishi_drone_2124/install/waypoint_navigation/local/lib/python3.10/dist-packages/waypoint_navigation/libwaypoint_navigation__rosidl_generator_py.so
[8.971s] -- Installing: /home/yash-shah/eyrc-25-26_krishi_drone_2124/install/waypoint_navigation/local/lib/python3.10/dist-packages/waypoint_navigation/_waypoint_navigation_s.ep.rosidl_typesupport_introspection_c.c
[8.971s] -- Installing: /home/yash-shah/eyrc-25-26_krishi_drone_2124/install/waypoint_navigation/local/lib/python3.10/dist-packages/waypoint_navigation/waypoint_navigation_s__rosidl_typesupport_introspection_c.cpython-310-x86_64-linux-gnu.so
[8.971s] -- Installing: /home/yash-shah/eyrc-25-26_krishi_drone_2124/install/waypoint_navigation/local/lib/python3.10/dist-packages/waypoint_navigation/_waypoint_navigation_s.ep.rosidl_typesupport_c.c
[8.971s] -- Installing: /home/yash-shah/eyrc-25-26_krishi_drone_2124/install/waypoint_navigation/local/lib/python3.10/dist-packages/waypoint_navigation/waypoint_navigation_s__rosidl_typesupport_c.cpython-310-x86_64-linux-gnu.so
[9.032s] Listing '/home/yash-shah/eyrc-25-26_krishi_drone_2124/install/waypoint_navigation/local/lib/python3.10/dist-packages/waypoint_navigation'...
[9.032s] Compiling '/home/yash-shah/eyrc-25-26_krishi_drone_2124/install/waypoint_navigation/local/lib/python3.10/dist-packages/waypoint_navigation/__init__.py'...
[9.032s] Listing '/home/yash-shah/eyrc-25-26_krishi_drone_2124/install/waypoint_navigation/local/lib/python3.10/dist-packages/waypoint_navigation/action'...
[9.032s] Compiling '/home/yash-shah/eyrc-25-26_krishi_drone_2124/install/waypoint_navigation/local/lib/python3.10/dist-packages/waypoint_navigation/action/__init__.py'...
[9.032s] Compiling '/home/yash-shah/eyrc-25-26_krishi_drone_2124/install/waypoint_navigation/local/lib/python3.10/dist-packages/waypoint_navigation/action/_nav_to_waypoint.py'...
[9.032s] Listing '/home/yash-shah/eyrc-25-26_krishi_drone_2124/install/waypoint_navigation/local/lib/python3.10/dist-packages/waypoint_navigation/srv'...
[9.032s] Compiling '/home/yash-shah/eyrc-25-26_krishi_drone_2124/install/waypoint_navigation/local/lib/python3.10/dist-packages/waypoint_navigation/srv/__init__.py'...
[9.032s] Compiling '/home/yash-shah/eyrc-25-26_krishi_drone_2124/install/waypoint_navigation/local/lib/python3.10/dist-packages/waypoint_navigation/srv/_get_waypoints.py'...
[9.038s] -- Installing: /home/yash-shah/eyrc-25-26_krishi_drone_2124/install/waypoint_navigation/local/lib/python3.10/dist-packages/waypoint_navigation/waypoint_navigation_s__rosidl_typesupport_fastrtps_c.cpython-310-x86_64-linux-gnu.so
[9.038s] -- Set runtime path of "/home/yash-shah/eyrc-25-26_krishi_drone_2124/install/waypoint_navigation/local/lib/python3.10/dist-packages/waypoint_navigation/waypoint_navigation_s__rosidl_typesupport_fastrtps_c.cpython-310-x86_64-linux-gnu.so" to ""
[9.038s] -- Installing: /home/yash-shah/eyrc-25-26_krishi_drone_2124/install/waypoint_navigation/local/lib/python3.10/dist-packages/waypoint_navigation/waypoint_navigation_s__rosidl_typesupport_introspection_c.cpython-310-x86_64-linux-gnu.so
[9.038s] -- Set runtime path of "/home/yash-shah/eyrc-25-26_krishi_drone_2124/install/waypoint_navigation/local/lib/python3.10/dist-packages/waypoint_navigation/waypoint_navigation_s__rosidl_typesupport_introspection_c.cpython-310-x86_64-linux-gnu.so" to ""
[9.038s] -- Installing: /home/yash-shah/eyrc-25-26_krishi_drone_2124/install/waypoint_navigation/local/lib/python3.10/dist-packages/waypoint_navigation/waypoint_navigation_s__rosidl_typesupport_c.cpython-310-x86_64-linux-gnu.so
[9.039s] -- Set runtime path of "/home/yash-shah/eyrc-25-26_krishi_drone_2124/install/waypoint_navigation/local/lib/python3.10/dist-packages/waypoint_navigation/waypoint_navigation_s__rosidl_typesupport_c.cpython-310-x86_64-linux-gnu.so" to ""
[9.040s] -- Installing: /home/yash-shah/eyrc-25-26_krishi_drone_2124/install/waypoint_navigation/lib/libwaypoint_navigation__rosidl_generator_py.so
[9.040s] -- Set runtime path of "/home/yash-shah/eyrc-25-26_krishi_drone_2124/install/waypoint_navigation/lib/libwaypoint_navigation__rosidl_generator_py.so" to ""
[9.040s] -- Installing: /home/yash-shah/eyrc-25-26_krishi_drone_2124/install/waypoint_navigation/share/waypoint_navigation/action/NavToWaypoint.idl
[9.040s] -- Installing: /home/yash-shah/eyrc-25-26_krishi_drone_2124/install/waypoint_navigation/share/waypoint_navigation/srv/GetWaypoints.idl
[9.040s] -- Installing: /home/yash-shah/eyrc-25-26_krishi_drone_2124/install/waypoint_navigation/share/waypoint_navigation/action/NavToWaypoint.action
[9.040s] -- Installing: /home/yash-shah/eyrc-25-26_krishi_drone_2124/install/waypoint_navigation/share/waypoint_navigation/srv/GetWaypoints.srv
[9.040s] -- Installing: /home/yash-shah/eyrc-25-26_krishi_drone_2124/install/waypoint_navigation/share/waypoint_navigation/srv/GetWaypoints_Request.msg
[9.040s] -- Installing: /home/yash-shah/eyrc-25-26_krishi_drone_2124/install/waypoint_navigation/share/waypoint_navigation/srv/GetWaypoints_Response.msg
[9.040s] -- Up-to-date: /home/yash-shah/eyrc-25-26_krishi_drone_2124/install/waypoint_navigation/share/ament_index/resource_index/package_run_dependencies/waypoint_navigation
[9.041s] -- Installing: /home/yash-shah/eyrc-25-26_krishi_drone_2124/install/waypoint_navigation/share/ament_index/resource_index/parent_prefix_path/waypoint_navigation
[9.041s] -- Up-to-date: /home/yash-shah/eyrc-25-26_krishi_drone_2124/install/waypoint_navigation/share/waypoint_navigation/environment/ament_prefix_path.sh
[9.041s] -- Installing: /home/yash-shah/eyrc-25-26_krishi_drone_2124/install/waypoint_navigation/share/waypoint_navigation/environment/ament_prefix_path.dsv
[9.041s] -- Up-to-date: /home/yash-shah/eyrc-25-26_krishi_drone_2124/install/waypoint_navigation/share/waypoint_navigation/environment/path.sh
[9.041s] -- Installing: /home/yash-shah/eyrc-25-26_krishi_drone_2124/install/waypoint_navigation/share/waypoint_navigation/environment/path.dsv
[9.041s] -- Up-to-date: /home/yash-shah/eyrc-25-26_krishi_drone_2124/install/waypoint_navigation/share/waypoint_navigation/local_setup.bash
[9.041s] -- Up-to-date: /home/yash-shah/eyrc-25-26_krishi_drone_2124/install/waypoint_navigation/share/waypoint_navigation/local_setup.sh
[9.041s] -- Up-to-date: /home/yash-shah/eyrc-25-26_krishi_drone_2124/install/waypoint_navigation/share/waypoint_navigation/local_setup.zsh
[9.041s] -- Installing: /home/yash-shah/eyrc-25-26_krishi_drone_2124/install/waypoint_navigation/share/waypoint_navigation/local_setup.dsv
[9.041s] -- Installing: /home/yash-shah/eyrc-25-26_krishi_drone_2124/install/waypoint_navigation/share/waypoint_navigation/package.dsv
[9.041s] -- Up-to-date: /home/yash-shah/eyrc-25-26_krishi_drone_2124/install/waypoint_navigation/share/ament_index/resource_index/packages/waypoint_navigation
[9.042s] -- Up-to-date: /home/yash-shah/eyrc-25-26_krishi_drone_2124/install/waypoint_navigation/share/waypoint_navigation/cmake/export_waypoint_navigation__rosidl_generator_cExport.cmake
[9.042s] -- Up-to-date: /home/yash-shah/eyrc-25-26_krishi_drone_2124/install/waypoint_navigation/share/waypoint_navigation/cmake/export_waypoint_navigation__rosidl_generator_cExport-noconfig.cmake
[9.042s] -- Up-to-date: /home/yash-shah/eyrc-25-26_krishi_drone_2124/install/waypoint_navigation/share/waypoint_navigation/cmake/export_waypoint_navigation__rosidl_typesupport_fastrtps_cExport.cmake
[9.042s] -- Up-to-date: /home/yash-shah/eyrc-25-26_krishi_drone_2124/install/waypoint_navigation/share/waypoint_navigation/cmake/export_waypoint_navigation__rosidl_typesupport_fastrtps_cExport-noconfig.cmake
[9.042s] -- Up-to-date: /home/yash-shah/eyrc-25-26_krishi_drone_2124/install/waypoint_navigation/share/waypoint_navigation/cmake/waypoint_navigation__rosidl_typesupport_introspection_cExport.cmake
[9.042s] -- Up-to-date: /home/yash-shah/eyrc-25-26_krishi_drone_2124/install/waypoint_navigation/share/waypoint_navigation/cmake/waypoint_navigation__rosidl_typesupport_introspection_cExport-noconfig.cmake
[9.042s] -- Up-to-date: /home/yash-shah/eyrc-25-26_krishi_drone_2124/install/waypoint_navigation/share/waypoint_navigation/cmake/waypoint_navigation__rosidl_typesupport_cExport.cmake
[9.043s] -- Up-to-date: /home/yash-shah/eyrc-25-26_krishi_drone_2124/install/waypoint_navigation/share/waypoint_navigation/cmake/waypoint_navigation__rosidl_typesupport_cExport-noconfig.cmake
[9.043s] -- Up-to-date: /home/yash-shah/eyrc-25-26_krishi_drone_2124/install/waypoint_navigation/share/waypoint_navigation/cmake/export_waypoint_navigation__rosidl_generator_cppExport.cmake
[9.043s] -- Up-to-date: /home/yash-shah/eyrc-25-26_krishi_drone_2124/install/waypoint_navigation/share/waypoint_navigation/cmake/export_waypoint_navigation__rosidl_typesupport_fastrtps_cppExport.cmake
[9.043s] -- Up-to-date: /home/yash-shah/eyrc-25-26_krishi_drone_2124/install/waypoint_navigation/share/waypoint_navigation/cmake/export_waypoint_navigation__rosidl_typesupport_fastrtps_cppExport-noconfig.cmake
[9.043s] -- Up-to-date: /home/yash-shah/eyrc-25-26_krishi_drone_2124/install/waypoint_navigation/share/waypoint_navigation/cmake/waypoint_navigation__rosidl_typesupport_introspection_cppExport.cmake
[9.043s] -- Up-to-date: /home/yash-shah/eyrc-25-26_krishi_drone_2124/install/waypoint_navigation/share/waypoint_navigation/cmake/waypoint_navigation__rosidl_typesupport_introspection_cppExport-noconfig.cmake
[9.044s] -- Up-to-date: /home/yash-shah/eyrc-25-26_krishi_drone_2124/install/waypoint_navigation/share/waypoint_navigation/cmake/waypoint_navigation__rosidl_typesupport_cppExport.cmake
[9.044s] -- Up-to-date: /home/yash-shah/eyrc-25-26_krishi_drone_2124/install/waypoint_navigation/share/waypoint_navigation/cmake/waypoint_navigation__rosidl_typesupport_cppExport-noconfig.cmake
[9.044s] -- Up-to-date: /home/yash-shah/eyrc-25-26_krishi_drone_2124/install/waypoint_navigation/share/waypoint_navigation/cmake/export_waypoint_navigation__rosidl_generator_pyExport.cmake
[9.044s] -- Up-to-date: /home/yash-shah/eyrc-25-26_krishi_drone_2124/install/waypoint_navigation/share/waypoint_navigation/cmake/export_waypoint_navigation__rosidl_generator_pyExport-noconfig.cmake
[9.044s] -- Up-to-date: /home/yash-shah/eyrc-25-26_krishi_drone_2124/install/waypoint_navigation/share/waypoint_navigation/cmake/rosidl_cmake-extras.cmake
[9.044s] -- Up-to-date: /home/yash-shah/eyrc-25-26_krishi_drone_2124/install/waypoint_navigation/share/waypoint_navigation/cmake/ament_cmake_export_dependencies-extras.cmake
[9.044s] -- Up-to-date: /home/yash-shah/eyrc-25-26_krishi_drone_2124/install/waypoint_navigation/share/waypoint_navigation/cmake/ament_cmake_export_include_directories-extras.cmake
[9.044s] -- Up-to-date: /home/yash-shah/eyrc-25-26_krishi_drone_2124/install/waypoint_navigation/share/waypoint_navigation/cmake/ament_cmake_export_libraries-extras.cmake
[9.044s] -- Up-to-date: /home/yash-shah/eyrc-25-26_krishi_drone_2124/install/waypoint_navigation/share/waypoint_navigation/cmake/ament_cmake_export_targets-extras.cmake
[9.044s] -- Up-to-date: /home/yash-shah/eyrc-25-26_krishi_drone_2124/install/waypoint_navigation/share/waypoint_navigation/cmake/rosidl_cmake_export_typesupport_targets-extras.cmake
[9.044s] -- Up-to-date: /home/yash-shah/eyrc-25-26_krishi_drone_2124/install/waypoint_navigation/share/waypoint_navigation/cmake/rosidl_cmake_export_typesupport_libraries-extras.cmake
[9.045s] -- Up-to-date: /home/yash-shah/eyrc-25-26_krishi_drone_2124/install/waypoint_navigation/share/waypoint_navigation/cmake/waypoint_navigationConfig.cmake
[9.045s] -- Up-to-date: /home/yash-shah/eyrc-25-26_krishi_drone_2124/install/waypoint_navigation/share/waypoint_navigation/cmake/waypoint_navigationConfig-version.cmake
[9.045s] -- Installing: /home/yash-shah/eyrc-25-26_krishi_drone_2124/install/waypoint_navigation/share/waypoint_navigation/package.xml
[9.047s] Invoked command in '/home/yash-shah/eyrc-25-26_krishi_drone_2124/build/waypoint_navigation' returned '0': CMAKE_PREFIX_PATH=${CMAKE_PREFIX_PATH}:/home/yash-shah/turtlesim_ws/install/kd_task_1b:/home/yash-shah/turtlebot3_ws/install/turtlebot3_teleop:/home/yash-shah/turtlebot3_ws/install/turtlebot3_example:/opt/ros/humble /usr/bin/cmake --install /home/yash-shah/eyrc-25-26_krishi_drone_2124/build/waypoint_navigation
